<?xml version="1.0" encoding="ISO-8859-1" ?>
<link_info>
   <banner>TI ARM Clang Linker PC v3.2.1.LTS</banner>
   <copyright>Copyright (c) 1996-2018 Texas Instruments Incorporated</copyright>
   <link_time>0x6625f3e8</link_time>
   <link_errors>0x0</link_errors>
   <output_file>C:\Users\adars\OneDrive\Documents\MSPM0_ValvanoWare\MSPM0_ValvanoWare\ECE319K_Lab9\Debug\ECE319K_Lab9.out</output_file>
   <entry_point>
      <name>_c_int00_noargs</name>
      <address>0x1cd9d</address>
   </entry_point>
   <input_file_list>
      <input_file id="fl-1">
         <path>C:\Users\adars\OneDrive\Documents\MSPM0_ValvanoWare\MSPM0_ValvanoWare\ECE319K_Lab9\Debug\.\</path>
         <kind>object</kind>
         <file>ADC1.o</file>
         <name>ADC1.o</name>
      </input_file>
      <input_file id="fl-2">
         <path>C:\Users\adars\OneDrive\Documents\MSPM0_ValvanoWare\MSPM0_ValvanoWare\ECE319K_Lab9\Debug\.\</path>
         <kind>object</kind>
         <file>ADC2.o</file>
         <name>ADC2.o</name>
      </input_file>
      <input_file id="fl-3">
         <path>C:\Users\adars\OneDrive\Documents\MSPM0_ValvanoWare\MSPM0_ValvanoWare\ECE319K_Lab9\Debug\.\</path>
         <kind>object</kind>
         <file>Clock.o</file>
         <name>Clock.o</name>
      </input_file>
      <input_file id="fl-4">
         <path>C:\Users\adars\OneDrive\Documents\MSPM0_ValvanoWare\MSPM0_ValvanoWare\ECE319K_Lab9\Debug\.\</path>
         <kind>object</kind>
         <file>DAC5.o</file>
         <name>DAC5.o</name>
      </input_file>
      <input_file id="fl-5">
         <path>C:\Users\adars\OneDrive\Documents\MSPM0_ValvanoWare\MSPM0_ValvanoWare\ECE319K_Lab9\Debug\.\</path>
         <kind>object</kind>
         <file>LED.o</file>
         <name>LED.o</name>
      </input_file>
      <input_file id="fl-6">
         <path>C:\Users\adars\OneDrive\Documents\MSPM0_ValvanoWare\MSPM0_ValvanoWare\ECE319K_Lab9\Debug\.\</path>
         <kind>object</kind>
         <file>Lab9Main.o</file>
         <name>Lab9Main.o</name>
      </input_file>
      <input_file id="fl-7">
         <path>C:\Users\adars\OneDrive\Documents\MSPM0_ValvanoWare\MSPM0_ValvanoWare\ECE319K_Lab9\Debug\.\</path>
         <kind>object</kind>
         <file>LaunchPad.o</file>
         <name>LaunchPad.o</name>
      </input_file>
      <input_file id="fl-8">
         <path>C:\Users\adars\OneDrive\Documents\MSPM0_ValvanoWare\MSPM0_ValvanoWare\ECE319K_Lab9\Debug\.\</path>
         <kind>object</kind>
         <file>SPI.o</file>
         <name>SPI.o</name>
      </input_file>
      <input_file id="fl-9">
         <path>C:\Users\adars\OneDrive\Documents\MSPM0_ValvanoWare\MSPM0_ValvanoWare\ECE319K_Lab9\Debug\.\</path>
         <kind>object</kind>
         <file>ST7735.o</file>
         <name>ST7735.o</name>
      </input_file>
      <input_file id="fl-a">
         <path>C:\Users\adars\OneDrive\Documents\MSPM0_ValvanoWare\MSPM0_ValvanoWare\ECE319K_Lab9\Debug\.\</path>
         <kind>object</kind>
         <file>SmallFont.o</file>
         <name>SmallFont.o</name>
      </input_file>
      <input_file id="fl-b">
         <path>C:\Users\adars\OneDrive\Documents\MSPM0_ValvanoWare\MSPM0_ValvanoWare\ECE319K_Lab9\Debug\.\</path>
         <kind>object</kind>
         <file>Sound.o</file>
         <name>Sound.o</name>
      </input_file>
      <input_file id="fl-c">
         <path>C:\Users\adars\OneDrive\Documents\MSPM0_ValvanoWare\MSPM0_ValvanoWare\ECE319K_Lab9\Debug\.\</path>
         <kind>object</kind>
         <file>Switch.o</file>
         <name>Switch.o</name>
      </input_file>
      <input_file id="fl-d">
         <path>C:\Users\adars\OneDrive\Documents\MSPM0_ValvanoWare\MSPM0_ValvanoWare\ECE319K_Lab9\Debug\.\</path>
         <kind>object</kind>
         <file>TExaS.o</file>
         <name>TExaS.o</name>
      </input_file>
      <input_file id="fl-e">
         <path>C:\Users\adars\OneDrive\Documents\MSPM0_ValvanoWare\MSPM0_ValvanoWare\ECE319K_Lab9\Debug\.\</path>
         <kind>object</kind>
         <file>Timer.o</file>
         <name>Timer.o</name>
      </input_file>
      <input_file id="fl-f">
         <path>C:\Users\adars\OneDrive\Documents\MSPM0_ValvanoWare\MSPM0_ValvanoWare\ECE319K_Lab9\Debug\.\images\pipedreams\</path>
         <kind>object</kind>
         <file>PipeSound.o</file>
         <name>PipeSound.o</name>
      </input_file>
      <input_file id="fl-10">
         <path>C:\Users\adars\OneDrive\Documents\MSPM0_ValvanoWare\MSPM0_ValvanoWare\ECE319K_Lab9\Debug\.\ticlang\</path>
         <kind>object</kind>
         <file>startup_mspm0g3507_ticlang.o</file>
         <name>startup_mspm0g3507_ticlang.o</name>
      </input_file>
      <input_file id="fl-1c">
         <path>C:\Users\adars\OneDrive\Documents\MSPM0_ValvanoWare\MSPM0_ValvanoWare\ECE319K_Lab9\Debug\</path>
         <kind>object</kind>
         <file>&lt;internal&gt;</file>
         <name>&lt;internal&gt;</name>
      </input_file>
      <input_file id="fl-2b">
         <path>C:\ti\ccs1260\ccs\tools\compiler\ti-cgt-armllvm_3.2.1.LTS\lib\armv6m-ti-none-eabi\c\</path>
         <kind>archive</kind>
         <file>libc.a</file>
         <name>fopen.c.obj</name>
      </input_file>
      <input_file id="fl-2c">
         <path>C:\ti\ccs1260\ccs\tools\compiler\ti-cgt-armllvm_3.2.1.LTS\lib\armv6m-ti-none-eabi\c\</path>
         <kind>archive</kind>
         <file>libc.a</file>
         <name>setvbuf.c.obj</name>
      </input_file>
      <input_file id="fl-2d">
         <path>C:\ti\ccs1260\ccs\tools\compiler\ti-cgt-armllvm_3.2.1.LTS\lib\armv6m-ti-none-eabi\c\</path>
         <kind>archive</kind>
         <file>libc.a</file>
         <name>aeabi_portable.c.obj</name>
      </input_file>
      <input_file id="fl-2e">
         <path>C:\ti\ccs1260\ccs\tools\compiler\ti-cgt-armllvm_3.2.1.LTS\lib\armv6m-ti-none-eabi\c\</path>
         <kind>archive</kind>
         <file>libc.a</file>
         <name>exit.c.obj</name>
      </input_file>
      <input_file id="fl-2f">
         <path>C:\ti\ccs1260\ccs\tools\compiler\ti-cgt-armllvm_3.2.1.LTS\lib\armv6m-ti-none-eabi\c\</path>
         <kind>archive</kind>
         <file>libc.a</file>
         <name>_lock.c.obj</name>
      </input_file>
      <input_file id="fl-30">
         <path>C:\ti\ccs1260\ccs\tools\compiler\ti-cgt-armllvm_3.2.1.LTS\lib\armv6m-ti-none-eabi\c\</path>
         <kind>archive</kind>
         <file>libc.a</file>
         <name>assert.c.obj</name>
      </input_file>
      <input_file id="fl-31">
         <path>C:\ti\ccs1260\ccs\tools\compiler\ti-cgt-armllvm_3.2.1.LTS\lib\armv6m-ti-none-eabi\c\</path>
         <kind>archive</kind>
         <file>libc.a</file>
         <name>defs.c.obj</name>
      </input_file>
      <input_file id="fl-32">
         <path>C:\ti\ccs1260\ccs\tools\compiler\ti-cgt-armllvm_3.2.1.LTS\lib\armv6m-ti-none-eabi\c\</path>
         <kind>archive</kind>
         <file>libc.a</file>
         <name>memory.c.obj</name>
      </input_file>
      <input_file id="fl-33">
         <path>C:\ti\ccs1260\ccs\tools\compiler\ti-cgt-armllvm_3.2.1.LTS\lib\armv6m-ti-none-eabi\c\</path>
         <kind>archive</kind>
         <file>libc.a</file>
         <name>abs.c.obj</name>
      </input_file>
      <input_file id="fl-34">
         <path>C:\ti\ccs1260\ccs\tools\compiler\ti-cgt-armllvm_3.2.1.LTS\lib\armv6m-ti-none-eabi\c\</path>
         <kind>archive</kind>
         <file>libc.a</file>
         <name>copy_zero_init.c.obj</name>
      </input_file>
      <input_file id="fl-35">
         <path>C:\ti\ccs1260\ccs\tools\compiler\ti-cgt-armllvm_3.2.1.LTS\lib\armv6m-ti-none-eabi\c\</path>
         <kind>archive</kind>
         <file>libc.a</file>
         <name>copy_decompress_none.c.obj</name>
      </input_file>
      <input_file id="fl-36">
         <path>C:\ti\ccs1260\ccs\tools\compiler\ti-cgt-armllvm_3.2.1.LTS\lib\armv6m-ti-none-eabi\c\</path>
         <kind>archive</kind>
         <file>libc.a</file>
         <name>copy_decompress_lzss.c.obj</name>
      </input_file>
      <input_file id="fl-37">
         <path>C:\ti\ccs1260\ccs\tools\compiler\ti-cgt-armllvm_3.2.1.LTS\lib\armv6m-ti-none-eabi\c\</path>
         <kind>archive</kind>
         <file>libc.a</file>
         <name>boot_cortex_m.c.obj</name>
      </input_file>
      <input_file id="fl-38">
         <path>C:\ti\ccs1260\ccs\tools\compiler\ti-cgt-armllvm_3.2.1.LTS\lib\armv6m-ti-none-eabi\c\</path>
         <kind>archive</kind>
         <file>libc.a</file>
         <name>mathacl_init.c.obj</name>
      </input_file>
      <input_file id="fl-39">
         <path>C:\ti\ccs1260\ccs\tools\compiler\ti-cgt-armllvm_3.2.1.LTS\lib\armv6m-ti-none-eabi\c\</path>
         <kind>archive</kind>
         <file>libc.a</file>
         <name>sprintf.c.obj</name>
      </input_file>
      <input_file id="fl-3a">
         <path>C:\ti\ccs1260\ccs\tools\compiler\ti-cgt-armllvm_3.2.1.LTS\lib\armv6m-ti-none-eabi\c\</path>
         <kind>archive</kind>
         <file>libc.a</file>
         <name>fclose.c.obj</name>
      </input_file>
      <input_file id="fl-3b">
         <path>C:\ti\ccs1260\ccs\tools\compiler\ti-cgt-armllvm_3.2.1.LTS\lib\armv6m-ti-none-eabi\c\</path>
         <kind>archive</kind>
         <file>libc.a</file>
         <name>fflush.c.obj</name>
      </input_file>
      <input_file id="fl-3c">
         <path>C:\ti\ccs1260\ccs\tools\compiler\ti-cgt-armllvm_3.2.1.LTS\lib\armv6m-ti-none-eabi\c\</path>
         <kind>archive</kind>
         <file>libc.a</file>
         <name>fputs.c.obj</name>
      </input_file>
      <input_file id="fl-3d">
         <path>C:\ti\ccs1260\ccs\tools\compiler\ti-cgt-armllvm_3.2.1.LTS\lib\armv6m-ti-none-eabi\c\</path>
         <kind>archive</kind>
         <file>libc.a</file>
         <name>_io_perm.c.obj</name>
      </input_file>
      <input_file id="fl-3e">
         <path>C:\ti\ccs1260\ccs\tools\compiler\ti-cgt-armllvm_3.2.1.LTS\lib\armv6m-ti-none-eabi\c\</path>
         <kind>archive</kind>
         <file>libc.a</file>
         <name>args_main.c.obj</name>
      </input_file>
      <input_file id="fl-3f">
         <path>C:\ti\ccs1260\ccs\tools\compiler\ti-cgt-armllvm_3.2.1.LTS\lib\armv6m-ti-none-eabi\c\</path>
         <kind>archive</kind>
         <file>libc.a</file>
         <name>autoinit.c.obj</name>
      </input_file>
      <input_file id="fl-40">
         <path>C:\ti\ccs1260\ccs\tools\compiler\ti-cgt-armllvm_3.2.1.LTS\lib\armv6m-ti-none-eabi\c\</path>
         <kind>archive</kind>
         <file>libc.a</file>
         <name>pre_init.c.obj</name>
      </input_file>
      <input_file id="fl-41">
         <path>C:\ti\ccs1260\ccs\tools\compiler\ti-cgt-armllvm_3.2.1.LTS\lib\armv6m-ti-none-eabi\c\</path>
         <kind>archive</kind>
         <file>libc.a</file>
         <name>cpy_tbl.c.obj</name>
      </input_file>
      <input_file id="fl-42">
         <path>C:\ti\ccs1260\ccs\tools\compiler\ti-cgt-armllvm_3.2.1.LTS\lib\armv6m-ti-none-eabi\c\</path>
         <kind>archive</kind>
         <file>libc.a</file>
         <name>_printfi.c.obj</name>
      </input_file>
      <input_file id="fl-43">
         <path>C:\ti\ccs1260\ccs\tools\compiler\ti-cgt-armllvm_3.2.1.LTS\lib\armv6m-ti-none-eabi\c\</path>
         <kind>archive</kind>
         <file>libc.a</file>
         <name>fseek.c.obj</name>
      </input_file>
      <input_file id="fl-44">
         <path>C:\ti\ccs1260\ccs\tools\compiler\ti-cgt-armllvm_3.2.1.LTS\lib\armv6m-ti-none-eabi\c\</path>
         <kind>archive</kind>
         <file>libc.a</file>
         <name>s_frexp.c.obj</name>
      </input_file>
      <input_file id="fl-45">
         <path>C:\ti\ccs1260\ccs\tools\compiler\ti-cgt-armllvm_3.2.1.LTS\lib\armv6m-ti-none-eabi\c\</path>
         <kind>archive</kind>
         <file>libc.a</file>
         <name>s_scalbn.c.obj</name>
      </input_file>
      <input_file id="fl-46">
         <path>C:\ti\ccs1260\ccs\tools\compiler\ti-cgt-armllvm_3.2.1.LTS\lib\armv6m-ti-none-eabi\c\</path>
         <kind>archive</kind>
         <file>libc.a</file>
         <name>_ltoa.c.obj</name>
      </input_file>
      <input_file id="fl-47">
         <path>C:\ti\ccs1260\ccs\tools\compiler\ti-cgt-armllvm_3.2.1.LTS\lib\armv6m-ti-none-eabi\c\</path>
         <kind>archive</kind>
         <file>libc.a</file>
         <name>atoi.c.obj</name>
      </input_file>
      <input_file id="fl-48">
         <path>C:\ti\ccs1260\ccs\tools\compiler\ti-cgt-armllvm_3.2.1.LTS\lib\armv6m-ti-none-eabi\c\</path>
         <kind>archive</kind>
         <file>libc.a</file>
         <name>memccpy.c.obj</name>
      </input_file>
      <input_file id="fl-49">
         <path>C:\ti\ccs1260\ccs\tools\compiler\ti-cgt-armllvm_3.2.1.LTS\lib\armv6m-ti-none-eabi\c\</path>
         <kind>archive</kind>
         <file>libc.a</file>
         <name>wcslen.c.obj</name>
      </input_file>
      <input_file id="fl-4a">
         <path>C:\ti\ccs1260\ccs\tools\compiler\ti-cgt-armllvm_3.2.1.LTS\lib\armv6m-ti-none-eabi\c\</path>
         <kind>archive</kind>
         <file>libc.a</file>
         <name>aeabi_ctype.S.obj</name>
      </input_file>
      <input_file id="fl-b0">
         <path>C:\ti\ccs1260\ccs\tools\compiler\ti-cgt-armllvm_3.2.1.LTS\lib\armv6m-ti-none-eabi\c\</path>
         <kind>archive</kind>
         <file>libsysbm.a</file>
         <name>write.c.obj</name>
      </input_file>
      <input_file id="fl-b1">
         <path>C:\ti\ccs1260\ccs\tools\compiler\ti-cgt-armllvm_3.2.1.LTS\lib\armv6m-ti-none-eabi\c\</path>
         <kind>archive</kind>
         <file>libsysbm.a</file>
         <name>host_device.c.obj</name>
      </input_file>
      <input_file id="fl-b2">
         <path>C:\ti\ccs1260\ccs\tools\compiler\ti-cgt-armllvm_3.2.1.LTS\lib\armv6m-ti-none-eabi\c\</path>
         <kind>archive</kind>
         <file>libsysbm.a</file>
         <name>remove.c.obj</name>
      </input_file>
      <input_file id="fl-b3">
         <path>C:\ti\ccs1260\ccs\tools\compiler\ti-cgt-armllvm_3.2.1.LTS\lib\armv6m-ti-none-eabi\c\</path>
         <kind>archive</kind>
         <file>libsysbm.a</file>
         <name>open.c.obj</name>
      </input_file>
      <input_file id="fl-b4">
         <path>C:\ti\ccs1260\ccs\tools\compiler\ti-cgt-armllvm_3.2.1.LTS\lib\armv6m-ti-none-eabi\c\</path>
         <kind>archive</kind>
         <file>libsysbm.a</file>
         <name>lseek.c.obj</name>
      </input_file>
      <input_file id="fl-b5">
         <path>C:\ti\ccs1260\ccs\tools\compiler\ti-cgt-armllvm_3.2.1.LTS\lib\armv6m-ti-none-eabi\c\</path>
         <kind>archive</kind>
         <file>libsysbm.a</file>
         <name>close.c.obj</name>
      </input_file>
      <input_file id="fl-b6">
         <path>C:\ti\ccs1260\ccs\tools\compiler\ti-cgt-armllvm_3.2.1.LTS\lib\armv6m-ti-none-eabi\c\</path>
         <kind>archive</kind>
         <file>libsysbm.a</file>
         <name>add_device.c.obj</name>
      </input_file>
      <input_file id="fl-b7">
         <path>C:\ti\ccs1260\ccs\tools\compiler\ti-cgt-armllvm_3.2.1.LTS\lib\armv6m-ti-none-eabi\c\</path>
         <kind>archive</kind>
         <file>libsysbm.a</file>
         <name>unlink.c.obj</name>
      </input_file>
      <input_file id="fl-b8">
         <path>C:\ti\ccs1260\ccs\tools\compiler\ti-cgt-armllvm_3.2.1.LTS\lib\armv6m-ti-none-eabi\c\</path>
         <kind>archive</kind>
         <file>libsysbm.a</file>
         <name>hostclose.c.obj</name>
      </input_file>
      <input_file id="fl-b9">
         <path>C:\ti\ccs1260\ccs\tools\compiler\ti-cgt-armllvm_3.2.1.LTS\lib\armv6m-ti-none-eabi\c\</path>
         <kind>archive</kind>
         <file>libsysbm.a</file>
         <name>hostlseek.c.obj</name>
      </input_file>
      <input_file id="fl-ba">
         <path>C:\ti\ccs1260\ccs\tools\compiler\ti-cgt-armllvm_3.2.1.LTS\lib\armv6m-ti-none-eabi\c\</path>
         <kind>archive</kind>
         <file>libsysbm.a</file>
         <name>hostopen.c.obj</name>
      </input_file>
      <input_file id="fl-bb">
         <path>C:\ti\ccs1260\ccs\tools\compiler\ti-cgt-armllvm_3.2.1.LTS\lib\armv6m-ti-none-eabi\c\</path>
         <kind>archive</kind>
         <file>libsysbm.a</file>
         <name>hostread.c.obj</name>
      </input_file>
      <input_file id="fl-bc">
         <path>C:\ti\ccs1260\ccs\tools\compiler\ti-cgt-armllvm_3.2.1.LTS\lib\armv6m-ti-none-eabi\c\</path>
         <kind>archive</kind>
         <file>libsysbm.a</file>
         <name>hostrename.c.obj</name>
      </input_file>
      <input_file id="fl-bd">
         <path>C:\ti\ccs1260\ccs\tools\compiler\ti-cgt-armllvm_3.2.1.LTS\lib\armv6m-ti-none-eabi\c\</path>
         <kind>archive</kind>
         <file>libsysbm.a</file>
         <name>hostunlink.c.obj</name>
      </input_file>
      <input_file id="fl-be">
         <path>C:\ti\ccs1260\ccs\tools\compiler\ti-cgt-armllvm_3.2.1.LTS\lib\armv6m-ti-none-eabi\c\</path>
         <kind>archive</kind>
         <file>libsysbm.a</file>
         <name>hostwrite.c.obj</name>
      </input_file>
      <input_file id="fl-bf">
         <path>C:\ti\ccs1260\ccs\tools\compiler\ti-cgt-armllvm_3.2.1.LTS\lib\armv6m-ti-none-eabi\c\</path>
         <kind>archive</kind>
         <file>libsysbm.a</file>
         <name>trgmsg.c.obj</name>
      </input_file>
      <input_file id="fl-c0">
         <path>C:\ti\ccs1260\ccs\tools\compiler\ti-cgt-armllvm_3.2.1.LTS\lib\clang\15.0.7\lib\armv6m-ti-none-eabi\</path>
         <kind>archive</kind>
         <file>libclang_rt.builtins.a</file>
         <name>adddf3.S.obj</name>
      </input_file>
      <input_file id="fl-c1">
         <path>C:\ti\ccs1260\ccs\tools\compiler\ti-cgt-armllvm_3.2.1.LTS\lib\clang\15.0.7\lib\armv6m-ti-none-eabi\</path>
         <kind>archive</kind>
         <file>libclang_rt.builtins.a</file>
         <name>muldf3.S.obj</name>
      </input_file>
      <input_file id="fl-c2">
         <path>C:\ti\ccs1260\ccs\tools\compiler\ti-cgt-armllvm_3.2.1.LTS\lib\clang\15.0.7\lib\armv6m-ti-none-eabi\</path>
         <kind>archive</kind>
         <file>libclang_rt.builtins.a</file>
         <name>muldsi3.S.obj</name>
      </input_file>
      <input_file id="fl-c3">
         <path>C:\ti\ccs1260\ccs\tools\compiler\ti-cgt-armllvm_3.2.1.LTS\lib\clang\15.0.7\lib\armv6m-ti-none-eabi\</path>
         <kind>archive</kind>
         <file>libclang_rt.builtins.a</file>
         <name>divdf3.S.obj</name>
      </input_file>
      <input_file id="fl-c4">
         <path>C:\ti\ccs1260\ccs\tools\compiler\ti-cgt-armllvm_3.2.1.LTS\lib\clang\15.0.7\lib\armv6m-ti-none-eabi\</path>
         <kind>archive</kind>
         <file>libclang_rt.builtins.a</file>
         <name>fixdfsi.S.obj</name>
      </input_file>
      <input_file id="fl-c5">
         <path>C:\ti\ccs1260\ccs\tools\compiler\ti-cgt-armllvm_3.2.1.LTS\lib\clang\15.0.7\lib\armv6m-ti-none-eabi\</path>
         <kind>archive</kind>
         <file>libclang_rt.builtins.a</file>
         <name>floatsidf.S.obj</name>
      </input_file>
      <input_file id="fl-c6">
         <path>C:\ti\ccs1260\ccs\tools\compiler\ti-cgt-armllvm_3.2.1.LTS\lib\clang\15.0.7\lib\armv6m-ti-none-eabi\</path>
         <kind>archive</kind>
         <file>libclang_rt.builtins.a</file>
         <name>floatunsidf.S.obj</name>
      </input_file>
      <input_file id="fl-c7">
         <path>C:\ti\ccs1260\ccs\tools\compiler\ti-cgt-armllvm_3.2.1.LTS\lib\clang\15.0.7\lib\armv6m-ti-none-eabi\</path>
         <kind>archive</kind>
         <file>libclang_rt.builtins.a</file>
         <name>muldi3.S.obj</name>
      </input_file>
      <input_file id="fl-c8">
         <path>C:\ti\ccs1260\ccs\tools\compiler\ti-cgt-armllvm_3.2.1.LTS\lib\clang\15.0.7\lib\armv6m-ti-none-eabi\</path>
         <kind>archive</kind>
         <file>libclang_rt.builtins.a</file>
         <name>truncdfsf2.S.obj</name>
      </input_file>
      <input_file id="fl-c9">
         <path>C:\ti\ccs1260\ccs\tools\compiler\ti-cgt-armllvm_3.2.1.LTS\lib\clang\15.0.7\lib\armv6m-ti-none-eabi\</path>
         <kind>archive</kind>
         <file>libclang_rt.builtins.a</file>
         <name>aeabi_dcmp.S.obj</name>
      </input_file>
      <input_file id="fl-ca">
         <path>C:\ti\ccs1260\ccs\tools\compiler\ti-cgt-armllvm_3.2.1.LTS\lib\clang\15.0.7\lib\armv6m-ti-none-eabi\</path>
         <kind>archive</kind>
         <file>libclang_rt.builtins.a</file>
         <name>aeabi_idivmod.S.obj</name>
      </input_file>
      <input_file id="fl-cb">
         <path>C:\ti\ccs1260\ccs\tools\compiler\ti-cgt-armllvm_3.2.1.LTS\lib\clang\15.0.7\lib\armv6m-ti-none-eabi\</path>
         <kind>archive</kind>
         <file>libclang_rt.builtins.a</file>
         <name>aeabi_memcpy.S.obj</name>
      </input_file>
      <input_file id="fl-cc">
         <path>C:\ti\ccs1260\ccs\tools\compiler\ti-cgt-armllvm_3.2.1.LTS\lib\clang\15.0.7\lib\armv6m-ti-none-eabi\</path>
         <kind>archive</kind>
         <file>libclang_rt.builtins.a</file>
         <name>aeabi_memset.S.obj</name>
      </input_file>
      <input_file id="fl-cd">
         <path>C:\ti\ccs1260\ccs\tools\compiler\ti-cgt-armllvm_3.2.1.LTS\lib\clang\15.0.7\lib\armv6m-ti-none-eabi\</path>
         <kind>archive</kind>
         <file>libclang_rt.builtins.a</file>
         <name>aeabi_uidivmod.S.obj</name>
      </input_file>
      <input_file id="fl-ce">
         <path>C:\ti\ccs1260\ccs\tools\compiler\ti-cgt-armllvm_3.2.1.LTS\lib\clang\15.0.7\lib\armv6m-ti-none-eabi\</path>
         <kind>archive</kind>
         <file>libclang_rt.builtins.a</file>
         <name>aeabi_uldivmod.S.obj</name>
      </input_file>
      <input_file id="fl-cf">
         <path>C:\ti\ccs1260\ccs\tools\compiler\ti-cgt-armllvm_3.2.1.LTS\lib\clang\15.0.7\lib\armv6m-ti-none-eabi\</path>
         <kind>archive</kind>
         <file>libclang_rt.builtins.a</file>
         <name>udivmoddi4.S.obj</name>
      </input_file>
      <input_file id="fl-d0">
         <path>C:\ti\ccs1260\ccs\tools\compiler\ti-cgt-armllvm_3.2.1.LTS\lib\clang\15.0.7\lib\armv6m-ti-none-eabi\</path>
         <kind>archive</kind>
         <file>libclang_rt.builtins.a</file>
         <name>ashldi3.S.obj</name>
      </input_file>
      <input_file id="fl-d1">
         <path>C:\ti\ccs1260\ccs\tools\compiler\ti-cgt-armllvm_3.2.1.LTS\lib\clang\15.0.7\lib\armv6m-ti-none-eabi\</path>
         <kind>archive</kind>
         <file>libclang_rt.builtins.a</file>
         <name>comparedf2.c.obj</name>
      </input_file>
      <input_file id="fl-d2">
         <path>C:\ti\ccs1260\ccs\tools\compiler\ti-cgt-armllvm_3.2.1.LTS\lib\clang\15.0.7\lib\armv6m-ti-none-eabi\</path>
         <kind>archive</kind>
         <file>libclang_rt.builtins.a</file>
         <name>aeabi_div0.c.obj</name>
      </input_file>
      <input_file id="fl-d3">
         <path>C:\ti\ccs1260\ccs\tools\compiler\ti-cgt-armllvm_3.2.1.LTS\lib\armv6m-ti-none-eabi\c\</path>
         <kind>archive</kind>
         <file>libc.a</file>
         <name>getdevice.c.obj</name>
      </input_file>
      <input_file id="fl-d4">
         <path>C:\ti\ccs1260\ccs\tools\compiler\ti-cgt-armllvm_3.2.1.LTS\lib\armv6m-ti-none-eabi\c\</path>
         <kind>archive</kind>
         <file>libc.a</file>
         <name>memcpy16.S.obj</name>
      </input_file>
      <input_file id="fl-d5">
         <path>C:\ti\ccs1260\ccs\tools\compiler\ti-cgt-armllvm_3.2.1.LTS\lib\armv6m-ti-none-eabi\c\</path>
         <kind>archive</kind>
         <file>libc.a</file>
         <name>memset16.S.obj</name>
      </input_file>
   </input_file_list>
   <object_component_list>
      <object_component id="oc-18">
         <name>.intvecs</name>
         <load_address>0x0</load_address>
         <readonly>true</readonly>
         <run_address>0x0</run_address>
         <size>0xc0</size>
         <alignment>0x4</alignment>
         <input_file_ref idref="fl-10"/>
      </object_component>
      <object_component id="oc-ac">
         <name>.text.main</name>
         <load_address>0x19da8</load_address>
         <readonly>true</readonly>
         <executable>true</executable>
         <run_address>0x19da8</run_address>
         <size>0x520</size>
         <alignment>0x4</alignment>
         <input_file_ref idref="fl-6"/>
      </object_component>
      <object_component id="oc-41">
         <name>.text.TIMG12_IRQHandler</name>
         <load_address>0x1a2c8</load_address>
         <readonly>true</readonly>
         <executable>true</executable>
         <run_address>0x1a2c8</run_address>
         <size>0x4c4</size>
         <alignment>0x4</alignment>
         <input_file_ref idref="fl-6"/>
      </object_component>
      <object_component id="oc-ed">
         <name>.text.ST7735_DrawBitmap</name>
         <load_address>0x1a78c</load_address>
         <readonly>true</readonly>
         <executable>true</executable>
         <run_address>0x1a78c</run_address>
         <size>0x210</size>
         <alignment>0x4</alignment>
         <input_file_ref idref="fl-9"/>
      </object_component>
      <object_component id="oc-129">
         <name>.text.Clock_Init80MHz</name>
         <load_address>0x1a99c</load_address>
         <readonly>true</readonly>
         <executable>true</executable>
         <run_address>0x1a99c</run_address>
         <size>0x1b4</size>
         <alignment>0x4</alignment>
         <input_file_ref idref="fl-3"/>
      </object_component>
      <object_component id="oc-1fc">
         <name>.text.ST7735_DrawCharS</name>
         <load_address>0x1ab50</load_address>
         <readonly>true</readonly>
         <executable>true</executable>
         <run_address>0x1ab50</run_address>
         <size>0x1a0</size>
         <alignment>0x4</alignment>
         <input_file_ref idref="fl-9"/>
      </object_component>
      <object_component id="oc-f1">
         <name>.text.fillPolygon</name>
         <load_address>0x1acf0</load_address>
         <readonly>true</readonly>
         <executable>true</executable>
         <run_address>0x1acf0</run_address>
         <size>0x198</size>
         <alignment>0x4</alignment>
         <input_file_ref idref="fl-6"/>
      </object_component>
      <object_component id="oc-19a">
         <name>.text._openfile</name>
         <load_address>0x1ae88</load_address>
         <readonly>true</readonly>
         <executable>true</executable>
         <run_address>0x1ae88</run_address>
         <size>0x160</size>
         <alignment>0x4</alignment>
         <input_file_ref idref="fl-2b"/>
      </object_component>
      <object_component id="oc-f0">
         <name>.text.convexHull</name>
         <load_address>0x1afe8</load_address>
         <readonly>true</readonly>
         <executable>true</executable>
         <run_address>0x1afe8</run_address>
         <size>0x138</size>
         <alignment>0x4</alignment>
         <input_file_ref idref="fl-6"/>
      </object_component>
      <object_component id="oc-1fa">
         <name>.text.aligned_alloc</name>
         <load_address>0x1b120</load_address>
         <readonly>true</readonly>
         <executable>true</executable>
         <run_address>0x1b120</run_address>
         <size>0x12c</size>
         <alignment>0x4</alignment>
         <input_file_ref idref="fl-32"/>
      </object_component>
      <object_component id="oc-15a">
         <name>.text.ADC_Init</name>
         <load_address>0x1b24c</load_address>
         <readonly>true</readonly>
         <executable>true</executable>
         <run_address>0x1b24c</run_address>
         <size>0x128</size>
         <alignment>0x4</alignment>
         <input_file_ref idref="fl-d"/>
      </object_component>
      <object_component id="oc-150">
         <name>.text.ST7735_FillRect</name>
         <load_address>0x1b374</load_address>
         <readonly>true</readonly>
         <executable>true</executable>
         <run_address>0x1b374</run_address>
         <size>0x118</size>
         <alignment>0x4</alignment>
         <input_file_ref idref="fl-9"/>
      </object_component>
      <object_component id="oc-1ba">
         <name>.text.SPI_Init</name>
         <load_address>0x1b48c</load_address>
         <readonly>true</readonly>
         <executable>true</executable>
         <run_address>0x1b48c</run_address>
         <size>0xf8</size>
         <alignment>0x4</alignment>
         <input_file_ref idref="fl-8"/>
      </object_component>
      <object_component id="oc-7b">
         <name>.text.isInsideConvexHull</name>
         <load_address>0x1b584</load_address>
         <readonly>true</readonly>
         <executable>true</executable>
         <run_address>0x1b584</run_address>
         <size>0xf6</size>
         <alignment>0x2</alignment>
         <input_file_ref idref="fl-6"/>
      </object_component>
      <object_component id="oc-e1">
         <name>.text.LED_Init</name>
         <load_address>0x1b67a</load_address>
         <readonly>true</readonly>
         <executable>true</executable>
         <run_address>0x1b67a</run_address>
         <size>0x2</size>
         <alignment>0x2</alignment>
         <input_file_ref idref="fl-5"/>
      </object_component>
      <object_component id="oc-132">
         <name>.text.add_device</name>
         <load_address>0x1b67c</load_address>
         <readonly>true</readonly>
         <executable>true</executable>
         <run_address>0x1b67c</run_address>
         <size>0xec</size>
         <alignment>0x4</alignment>
         <input_file_ref idref="fl-b6"/>
      </object_component>
      <object_component id="oc-1a3">
         <name>.text.free</name>
         <load_address>0x1b768</load_address>
         <readonly>true</readonly>
         <executable>true</executable>
         <run_address>0x1b768</run_address>
         <size>0xec</size>
         <alignment>0x4</alignment>
         <input_file_ref idref="fl-32"/>
      </object_component>
      <object_component id="oc-15c">
         <name>.text.UART_Init</name>
         <load_address>0x1b854</load_address>
         <readonly>true</readonly>
         <executable>true</executable>
         <run_address>0x1b854</run_address>
         <size>0xe8</size>
         <alignment>0x4</alignment>
         <input_file_ref idref="fl-d"/>
      </object_component>
      <object_component id="oc-13d">
         <name>.text.setvbuf</name>
         <load_address>0x1b93c</load_address>
         <readonly>true</readonly>
         <executable>true</executable>
         <run_address>0x1b93c</run_address>
         <size>0xdc</size>
         <alignment>0x4</alignment>
         <input_file_ref idref="fl-2c"/>
      </object_component>
      <object_component id="oc-1aa">
         <name>.text.ST7735_OutChar</name>
         <load_address>0x1ba18</load_address>
         <readonly>true</readonly>
         <executable>true</executable>
         <run_address>0x1ba18</run_address>
         <size>0xd0</size>
         <alignment>0x4</alignment>
         <input_file_ref idref="fl-9"/>
      </object_component>
      <object_component id="oc-162">
         <name>.text.TimerG7_IntArm</name>
         <load_address>0x1bae8</load_address>
         <readonly>true</readonly>
         <executable>true</executable>
         <run_address>0x1bae8</run_address>
         <size>0xa8</size>
         <alignment>0x4</alignment>
         <input_file_ref idref="fl-e"/>
      </object_component>
      <object_component id="oc-1e2">
         <name>.text.open</name>
         <load_address>0x1bb90</load_address>
         <readonly>true</readonly>
         <executable>true</executable>
         <run_address>0x1bb90</run_address>
         <size>0xa8</size>
         <alignment>0x4</alignment>
         <input_file_ref idref="fl-b3"/>
      </object_component>
      <object_component id="oc-182">
         <name>.text.commandList</name>
         <load_address>0x1bc38</load_address>
         <readonly>true</readonly>
         <executable>true</executable>
         <run_address>0x1bc38</run_address>
         <size>0xa2</size>
         <alignment>0x2</alignment>
         <input_file_ref idref="fl-9"/>
      </object_component>
      <object_component id="oc-e6">
         <name>.text.Sound_Init</name>
         <load_address>0x1bcda</load_address>
         <readonly>true</readonly>
         <executable>true</executable>
         <run_address>0x1bcda</run_address>
         <size>0x2</size>
         <alignment>0x2</alignment>
         <input_file_ref idref="fl-b"/>
      </object_component>
      <object_component id="oc-d0">
         <name>.text.ST7735_InitPrintf</name>
         <load_address>0x1bcdc</load_address>
         <readonly>true</readonly>
         <executable>true</executable>
         <run_address>0x1bcdc</run_address>
         <size>0x9c</size>
         <alignment>0x4</alignment>
         <input_file_ref idref="fl-9"/>
      </object_component>
      <object_component id="oc-131">
         <name>.text.ST7735_InitR</name>
         <load_address>0x1bd78</load_address>
         <readonly>true</readonly>
         <executable>true</executable>
         <run_address>0x1bd78</run_address>
         <size>0x98</size>
         <alignment>0x4</alignment>
         <input_file_ref idref="fl-9"/>
      </object_component>
      <object_component id="oc-e8">
         <name>.text.TimerG12_IntArm</name>
         <load_address>0x1be10</load_address>
         <readonly>true</readonly>
         <executable>true</executable>
         <run_address>0x1be10</run_address>
         <size>0x94</size>
         <alignment>0x4</alignment>
         <input_file_ref idref="fl-e"/>
      </object_component>
      <object_component id="oc-165">
         <name>.text.setAddrWindow</name>
         <load_address>0x1bea4</load_address>
         <readonly>true</readonly>
         <executable>true</executable>
         <run_address>0x1bea4</run_address>
         <size>0x88</size>
         <alignment>0x4</alignment>
         <input_file_ref idref="fl-9"/>
      </object_component>
      <object_component id="oc-1fb">
         <name>.text.ST7735_DrawString</name>
         <load_address>0x1bf2c</load_address>
         <readonly>true</readonly>
         <executable>true</executable>
         <run_address>0x1bf2c</run_address>
         <size>0x84</size>
         <alignment>0x2</alignment>
         <input_file_ref idref="fl-9"/>
      </object_component>
      <object_component id="oc-cb">
         <name>.text.LaunchPad_Init</name>
         <load_address>0x1bfb0</load_address>
         <readonly>true</readonly>
         <executable>true</executable>
         <run_address>0x1bfb0</run_address>
         <size>0x7c</size>
         <alignment>0x4</alignment>
         <input_file_ref idref="fl-7"/>
      </object_component>
      <object_component id="oc-19d">
         <name>.text.__TI_closefile</name>
         <load_address>0x1c02c</load_address>
         <readonly>true</readonly>
         <executable>true</executable>
         <run_address>0x1c02c</run_address>
         <size>0x7c</size>
         <alignment>0x4</alignment>
         <input_file_ref idref="fl-3a"/>
      </object_component>
      <object_component id="oc-d6">
         <name>.text.ADC1init</name>
         <load_address>0x1c0a8</load_address>
         <readonly>true</readonly>
         <executable>true</executable>
         <run_address>0x1c0a8</run_address>
         <size>0x78</size>
         <alignment>0x4</alignment>
         <input_file_ref idref="fl-1"/>
      </object_component>
      <object_component id="oc-db">
         <name>.text.ADC2init</name>
         <load_address>0x1c120</load_address>
         <readonly>true</readonly>
         <executable>true</executable>
         <run_address>0x1c120</run_address>
         <size>0x78</size>
         <alignment>0x4</alignment>
         <input_file_ref idref="fl-2"/>
      </object_component>
      <object_component id="oc-1c">
         <name>.text:decompress:lzss</name>
         <load_address>0x1c198</load_address>
         <readonly>true</readonly>
         <executable>true</executable>
         <run_address>0x1c198</run_address>
         <size>0x78</size>
         <alignment>0x4</alignment>
         <input_file_ref idref="fl-36"/>
      </object_component>
      <object_component id="oc-236">
         <name>.text.ST7735_DrawPixel</name>
         <load_address>0x1c210</load_address>
         <readonly>true</readonly>
         <executable>true</executable>
         <run_address>0x1c210</run_address>
         <size>0x70</size>
         <alignment>0x4</alignment>
         <input_file_ref idref="fl-9"/>
      </object_component>
      <object_component id="oc-1d0">
         <name>.text.HOSTlseek</name>
         <load_address>0x1c280</load_address>
         <readonly>true</readonly>
         <executable>true</executable>
         <run_address>0x1c280</run_address>
         <size>0x6c</size>
         <alignment>0x4</alignment>
         <input_file_ref idref="fl-b9"/>
      </object_component>
      <object_component id="oc-1d8">
         <name>.text.HOSTrename</name>
         <load_address>0x1c2ec</load_address>
         <readonly>true</readonly>
         <executable>true</executable>
         <run_address>0x1c2ec</run_address>
         <size>0x6c</size>
         <alignment>0x4</alignment>
         <input_file_ref idref="fl-bc"/>
      </object_component>
      <object_component id="oc-16b">
         <name>.text.orientation</name>
         <load_address>0x1c358</load_address>
         <readonly>true</readonly>
         <executable>true</executable>
         <run_address>0x1c358</run_address>
         <size>0x6a</size>
         <alignment>0x2</alignment>
         <input_file_ref idref="fl-6"/>
      </object_component>
      <object_component id="oc-37">
         <name>.text.SysTick_Handler</name>
         <load_address>0x1c3c2</load_address>
         <readonly>true</readonly>
         <executable>true</executable>
         <run_address>0x1c3c2</run_address>
         <size>0x2</size>
         <alignment>0x2</alignment>
         <input_file_ref idref="fl-b"/>
      </object_component>
      <object_component id="oc-21d">
         <name>.text.getdevice</name>
         <load_address>0x1c3c4</load_address>
         <readonly>true</readonly>
         <executable>true</executable>
         <run_address>0x1c3c4</run_address>
         <size>0x68</size>
         <alignment>0x4</alignment>
         <input_file_ref idref="fl-d3"/>
      </object_component>
      <object_component id="oc-234">
         <name>.text.split</name>
         <load_address>0x1c42c</load_address>
         <readonly>true</readonly>
         <executable>true</executable>
         <run_address>0x1c42c</run_address>
         <size>0x64</size>
         <alignment>0x4</alignment>
         <input_file_ref idref="fl-32"/>
      </object_component>
      <object_component id="oc-1c0">
         <name>.text.HOSTopen</name>
         <load_address>0x1c490</load_address>
         <readonly>true</readonly>
         <executable>true</executable>
         <run_address>0x1c490</run_address>
         <size>0x60</size>
         <alignment>0x4</alignment>
         <input_file_ref idref="fl-ba"/>
      </object_component>
      <object_component id="oc-1c8">
         <name>.text.HOSTread</name>
         <load_address>0x1c4f0</load_address>
         <readonly>true</readonly>
         <executable>true</executable>
         <run_address>0x1c4f0</run_address>
         <size>0x58</size>
         <alignment>0x4</alignment>
         <input_file_ref idref="fl-bb"/>
      </object_component>
      <object_component id="oc-1cc">
         <name>.text.HOSTwrite</name>
         <load_address>0x1c548</load_address>
         <readonly>true</readonly>
         <executable>true</executable>
         <run_address>0x1c548</run_address>
         <size>0x58</size>
         <alignment>0x4</alignment>
         <input_file_ref idref="fl-be"/>
      </object_component>
      <object_component id="oc-e7">
         <name>.text.TExaS_Init</name>
         <load_address>0x1c5a0</load_address>
         <readonly>true</readonly>
         <executable>true</executable>
         <run_address>0x1c5a0</run_address>
         <size>0x58</size>
         <alignment>0x4</alignment>
         <input_file_ref idref="fl-d"/>
      </object_component>
      <object_component id="oc-b9">
         <name>.text.__aeabi_idivmod</name>
         <load_address>0x1c5f8</load_address>
         <readonly>true</readonly>
         <executable>true</executable>
         <run_address>0x1c5f8</run_address>
         <size>0x56</size>
         <alignment>0x4</alignment>
         <input_file_ref idref="fl-ca"/>
      </object_component>
      <object_component id="oc-1e6">
         <name>.text.__TI_doflush</name>
         <load_address>0x1c64e</load_address>
         <readonly>true</readonly>
         <executable>true</executable>
         <run_address>0x1c64e</run_address>
         <size>0x52</size>
         <alignment>0x2</alignment>
         <input_file_ref idref="fl-3b"/>
      </object_component>
      <object_component id="oc-ef">
         <name>.text.Convert2</name>
         <load_address>0x1c6a0</load_address>
         <readonly>true</readonly>
         <executable>true</executable>
         <run_address>0x1c6a0</run_address>
         <size>0x50</size>
         <alignment>0x4</alignment>
         <input_file_ref idref="fl-2"/>
      </object_component>
      <object_component id="oc-1ec">
         <name>.text.close</name>
         <load_address>0x1c6f0</load_address>
         <readonly>true</readonly>
         <executable>true</executable>
         <run_address>0x1c6f0</run_address>
         <size>0x50</size>
         <alignment>0x4</alignment>
         <input_file_ref idref="fl-b5"/>
      </object_component>
      <object_component id="oc-1c4">
         <name>.text.HOSTclose</name>
         <load_address>0x1c740</load_address>
         <readonly>true</readonly>
         <executable>true</executable>
         <run_address>0x1c740</run_address>
         <size>0x48</size>
         <alignment>0x4</alignment>
         <input_file_ref idref="fl-b8"/>
      </object_component>
      <object_component id="oc-1d4">
         <name>.text.HOSTunlink</name>
         <load_address>0x1c788</load_address>
         <readonly>true</readonly>
         <executable>true</executable>
         <run_address>0x1c788</run_address>
         <size>0x48</size>
         <alignment>0x4</alignment>
         <input_file_ref idref="fl-bd"/>
      </object_component>
      <object_component id="oc-183">
         <name>.text.SPI_OutCommand</name>
         <load_address>0x1c7d0</load_address>
         <readonly>true</readonly>
         <executable>true</executable>
         <run_address>0x1c7d0</run_address>
         <size>0x48</size>
         <alignment>0x4</alignment>
         <input_file_ref idref="fl-8"/>
      </object_component>
      <object_component id="oc-e0">
         <name>.text.Switch_Init</name>
         <load_address>0x1c818</load_address>
         <readonly>true</readonly>
         <executable>true</executable>
         <run_address>0x1c818</run_address>
         <size>0x48</size>
         <alignment>0x4</alignment>
         <input_file_ref idref="fl-c"/>
      </object_component>
      <object_component id="oc-ee">
         <name>.text.ADC2in</name>
         <load_address>0x1c860</load_address>
         <readonly>true</readonly>
         <executable>true</executable>
         <run_address>0x1c860</run_address>
         <size>0x44</size>
         <alignment>0x4</alignment>
         <input_file_ref idref="fl-2"/>
      </object_component>
      <object_component id="oc-bd">
         <name>.text.crossProduct</name>
         <load_address>0x1c8a4</load_address>
         <readonly>true</readonly>
         <executable>true</executable>
         <run_address>0x1c8a4</run_address>
         <size>0x42</size>
         <alignment>0x2</alignment>
         <input_file_ref idref="fl-6"/>
      </object_component>
      <object_component id="oc-11c">
         <name>.text.__aeabi_idiv0</name>
         <load_address>0x1c8e6</load_address>
         <readonly>true</readonly>
         <executable>true</executable>
         <run_address>0x1c8e6</run_address>
         <size>0x2</size>
         <alignment>0x2</alignment>
         <input_file_ref idref="fl-d2"/>
      </object_component>
      <object_component id="oc-1fe">
         <name>.text.SPI_Reset</name>
         <load_address>0x1c8e8</load_address>
         <readonly>true</readonly>
         <executable>true</executable>
         <run_address>0x1c8e8</run_address>
         <size>0x40</size>
         <alignment>0x4</alignment>
         <input_file_ref idref="fl-8"/>
      </object_component>
      <object_component id="oc-3c">
         <name>.text.TIMG7_IRQHandler</name>
         <load_address>0x1c928</load_address>
         <readonly>true</readonly>
         <executable>true</executable>
         <run_address>0x1c928</run_address>
         <size>0x40</size>
         <alignment>0x4</alignment>
         <input_file_ref idref="fl-d"/>
      </object_component>
      <object_component id="oc-15e">
         <name>.text.__aeabi_uidivmod</name>
         <load_address>0x1c968</load_address>
         <readonly>true</readonly>
         <executable>true</executable>
         <run_address>0x1c968</run_address>
         <size>0x40</size>
         <alignment>0x4</alignment>
         <input_file_ref idref="fl-cd"/>
      </object_component>
      <object_component id="oc-199">
         <name>.text._search_fp</name>
         <load_address>0x1c9a8</load_address>
         <readonly>true</readonly>
         <executable>true</executable>
         <run_address>0x1c9a8</run_address>
         <size>0x40</size>
         <alignment>0x4</alignment>
         <input_file_ref idref="fl-2b"/>
      </object_component>
      <object_component id="oc-10a">
         <name>.text:__TI_auto_init_nobinit_nopinit</name>
         <load_address>0x1c9e8</load_address>
         <readonly>true</readonly>
         <executable>true</executable>
         <run_address>0x1c9e8</run_address>
         <size>0x3c</size>
         <alignment>0x4</alignment>
         <input_file_ref idref="fl-3f"/>
      </object_component>
      <object_component id="oc-12e">
         <name>.text.ActivatePortA_B</name>
         <load_address>0x1ca24</load_address>
         <readonly>true</readonly>
         <executable>true</executable>
         <run_address>0x1ca24</run_address>
         <size>0x38</size>
         <alignment>0x4</alignment>
         <input_file_ref idref="fl-7"/>
      </object_component>
      <object_component id="oc-166">
         <name>.text.SPI_OutData</name>
         <load_address>0x1ca5c</load_address>
         <readonly>true</readonly>
         <executable>true</executable>
         <run_address>0x1ca5c</run_address>
         <size>0x38</size>
         <alignment>0x4</alignment>
         <input_file_ref idref="fl-8"/>
      </object_component>
      <object_component id="oc-18d">
         <name>.text.finddevice</name>
         <load_address>0x1ca94</load_address>
         <readonly>true</readonly>
         <executable>true</executable>
         <run_address>0x1ca94</run_address>
         <size>0x38</size>
         <alignment>0x4</alignment>
         <input_file_ref idref="fl-d3"/>
      </object_component>
      <object_component id="oc-1bb">
         <name>.text.Clock_Delay1ms</name>
         <load_address>0x1cacc</load_address>
         <readonly>true</readonly>
         <executable>true</executable>
         <run_address>0x1cacc</run_address>
         <size>0x34</size>
         <alignment>0x4</alignment>
         <input_file_ref idref="fl-3"/>
      </object_component>
      <object_component id="oc-184">
         <name>.text.ST7735_SetCursor</name>
         <load_address>0x1cb00</load_address>
         <readonly>true</readonly>
         <executable>true</executable>
         <run_address>0x1cb00</run_address>
         <size>0x34</size>
         <alignment>0x4</alignment>
         <input_file_ref idref="fl-9"/>
      </object_component>
      <object_component id="oc-144">
         <name>.text.ST7735_write</name>
         <load_address>0x1cb34</load_address>
         <readonly>true</readonly>
         <executable>true</executable>
         <run_address>0x1cb34</run_address>
         <size>0x34</size>
         <alignment>0x2</alignment>
         <input_file_ref idref="fl-9"/>
      </object_component>
      <object_component id="oc-1a6">
         <name>.text.__TI_cleanup</name>
         <load_address>0x1cb68</load_address>
         <readonly>true</readonly>
         <executable>true</executable>
         <run_address>0x1cb68</run_address>
         <size>0x34</size>
         <alignment>0x4</alignment>
         <input_file_ref idref="fl-2b"/>
      </object_component>
      <object_component id="oc-205">
         <name>.text.__TI_readmsg</name>
         <load_address>0x1cb9c</load_address>
         <readonly>true</readonly>
         <executable>true</executable>
         <run_address>0x1cb9c</run_address>
         <size>0x34</size>
         <alignment>0x4</alignment>
         <input_file_ref idref="fl-bf"/>
      </object_component>
      <object_component id="oc-1ff">
         <name>.text.__TI_writemsg</name>
         <load_address>0x1cbd0</load_address>
         <readonly>true</readonly>
         <executable>true</executable>
         <run_address>0x1cbd0</run_address>
         <size>0x34</size>
         <alignment>0x4</alignment>
         <input_file_ref idref="fl-bf"/>
      </object_component>
      <object_component id="oc-108">
         <name>.text.exit</name>
         <load_address>0x1cc04</load_address>
         <readonly>true</readonly>
         <executable>true</executable>
         <run_address>0x1cc04</run_address>
         <size>0x34</size>
         <alignment>0x4</alignment>
         <input_file_ref idref="fl-2e"/>
      </object_component>
      <object_component id="oc-13c">
         <name>.text.freopen</name>
         <load_address>0x1cc38</load_address>
         <readonly>true</readonly>
         <executable>true</executable>
         <run_address>0x1cc38</run_address>
         <size>0x34</size>
         <alignment>0x4</alignment>
         <input_file_ref idref="fl-2b"/>
      </object_component>
      <object_component id="oc-181">
         <name>.text.commonInit</name>
         <load_address>0x1cc6c</load_address>
         <readonly>true</readonly>
         <executable>true</executable>
         <run_address>0x1cc6c</run_address>
         <size>0x30</size>
         <alignment>0x4</alignment>
         <input_file_ref idref="fl-9"/>
      </object_component>
      <object_component id="oc-136">
         <name>.text.fopen</name>
         <load_address>0x1cc9c</load_address>
         <readonly>true</readonly>
         <executable>true</executable>
         <run_address>0x1cc9c</run_address>
         <size>0x30</size>
         <alignment>0x4</alignment>
         <input_file_ref idref="fl-2b"/>
      </object_component>
      <object_component id="oc-d5">
         <name>.text.ST7735_FillScreen</name>
         <load_address>0x1cccc</load_address>
         <readonly>true</readonly>
         <executable>true</executable>
         <run_address>0x1cccc</run_address>
         <size>0x2c</size>
         <alignment>0x4</alignment>
         <input_file_ref idref="fl-9"/>
      </object_component>
      <object_component id="oc-22c">
         <name>.text.unlink</name>
         <load_address>0x1ccf8</load_address>
         <readonly>true</readonly>
         <executable>true</executable>
         <run_address>0x1ccf8</run_address>
         <size>0x2c</size>
         <alignment>0x4</alignment>
         <input_file_ref idref="fl-b7"/>
      </object_component>
      <object_component id="oc-15b">
         <name>.text.ADC_Start</name>
         <load_address>0x1cd24</load_address>
         <readonly>true</readonly>
         <executable>true</executable>
         <run_address>0x1cd24</run_address>
         <size>0x28</size>
         <alignment>0x4</alignment>
         <input_file_ref idref="fl-d"/>
      </object_component>
      <object_component id="oc-1f9">
         <name>.text.free_list_insert</name>
         <load_address>0x1cd4c</load_address>
         <readonly>true</readonly>
         <executable>true</executable>
         <run_address>0x1cd4c</run_address>
         <size>0x28</size>
         <alignment>0x4</alignment>
         <input_file_ref idref="fl-32"/>
      </object_component>
      <object_component id="oc-223">
         <name>.text.write</name>
         <load_address>0x1cd74</load_address>
         <readonly>true</readonly>
         <executable>true</executable>
         <run_address>0x1cd74</run_address>
         <size>0x28</size>
         <alignment>0x4</alignment>
         <input_file_ref idref="fl-b0"/>
      </object_component>
      <object_component id="oc-61">
         <name>.text:_c_int00_noargs</name>
         <load_address>0x1cd9c</load_address>
         <readonly>true</readonly>
         <executable>true</executable>
         <run_address>0x1cd9c</run_address>
         <size>0x28</size>
         <alignment>0x4</alignment>
         <input_file_ref idref="fl-37"/>
      </object_component>
      <object_component id="oc-241">
         <name>.text.pushColor</name>
         <load_address>0x1cdc4</load_address>
         <readonly>true</readonly>
         <executable>true</executable>
         <run_address>0x1cdc4</run_address>
         <size>0x1e</size>
         <alignment>0x2</alignment>
         <input_file_ref idref="fl-9"/>
      </object_component>
      <object_component id="oc-1b1">
         <name>.text._nop</name>
         <load_address>0x1cde2</load_address>
         <readonly>true</readonly>
         <executable>true</executable>
         <run_address>0x1cde2</run_address>
         <size>0x2</size>
         <alignment>0x2</alignment>
         <input_file_ref idref="fl-2f"/>
      </object_component>
      <object_component id="oc-1f7">
         <name>.text.free_list_remove</name>
         <load_address>0x1cde4</load_address>
         <readonly>true</readonly>
         <executable>true</executable>
         <run_address>0x1cde4</run_address>
         <size>0x1c</size>
         <alignment>0x4</alignment>
         <input_file_ref idref="fl-32"/>
      </object_component>
      <object_component id="oc-147">
         <name>.text.ST7735_open</name>
         <load_address>0x1ce00</load_address>
         <readonly>true</readonly>
         <executable>true</executable>
         <run_address>0x1ce00</run_address>
         <size>0x16</size>
         <alignment>0x2</alignment>
         <input_file_ref idref="fl-9"/>
      </object_component>
      <object_component id="oc-145">
         <name>.text.ST7735_read</name>
         <load_address>0x1ce16</load_address>
         <readonly>true</readonly>
         <executable>true</executable>
         <run_address>0x1ce16</run_address>
         <size>0x16</size>
         <alignment>0x2</alignment>
         <input_file_ref idref="fl-9"/>
      </object_component>
      <object_component id="oc-73">
         <name>.text.Switch_InA</name>
         <load_address>0x1ce2c</load_address>
         <readonly>true</readonly>
         <executable>true</executable>
         <run_address>0x1ce2c</run_address>
         <size>0x14</size>
         <alignment>0x4</alignment>
         <input_file_ref idref="fl-c"/>
      </object_component>
      <object_component id="oc-78">
         <name>.text.Switch_InB</name>
         <load_address>0x1ce40</load_address>
         <readonly>true</readonly>
         <executable>true</executable>
         <run_address>0x1ce40</run_address>
         <size>0x14</size>
         <alignment>0x4</alignment>
         <input_file_ref idref="fl-c"/>
      </object_component>
      <object_component id="oc-79">
         <name>.text.Switch_InC</name>
         <load_address>0x1ce54</load_address>
         <readonly>true</readonly>
         <executable>true</executable>
         <run_address>0x1ce54</run_address>
         <size>0x14</size>
         <alignment>0x4</alignment>
         <input_file_ref idref="fl-c"/>
      </object_component>
      <object_component id="oc-7a">
         <name>.text.Switch_InD</name>
         <load_address>0x1ce68</load_address>
         <readonly>true</readonly>
         <executable>true</executable>
         <run_address>0x1ce68</run_address>
         <size>0x14</size>
         <alignment>0x4</alignment>
         <input_file_ref idref="fl-c"/>
      </object_component>
      <object_component id="oc-7c">
         <name>.text.Switch_InE</name>
         <load_address>0x1ce7c</load_address>
         <readonly>true</readonly>
         <executable>true</executable>
         <run_address>0x1ce7c</run_address>
         <size>0x14</size>
         <alignment>0x4</alignment>
         <input_file_ref idref="fl-c"/>
      </object_component>
      <object_component id="oc-7d">
         <name>.text.Switch_InF</name>
         <load_address>0x1ce90</load_address>
         <readonly>true</readonly>
         <executable>true</executable>
         <run_address>0x1ce90</run_address>
         <size>0x14</size>
         <alignment>0x4</alignment>
         <input_file_ref idref="fl-c"/>
      </object_component>
      <object_component id="oc-7e">
         <name>.text.Switch_InG</name>
         <load_address>0x1cea4</load_address>
         <readonly>true</readonly>
         <executable>true</executable>
         <run_address>0x1cea4</run_address>
         <size>0x14</size>
         <alignment>0x4</alignment>
         <input_file_ref idref="fl-c"/>
      </object_component>
      <object_component id="oc-219">
         <name>.text.strcpy</name>
         <load_address>0x1ceb8</load_address>
         <readonly>true</readonly>
         <executable>true</executable>
         <run_address>0x1ceb8</run_address>
         <size>0x12</size>
         <alignment>0x2</alignment>
         <input_file_ref idref="fl-bc"/>
      </object_component>
      <object_component id="oc-c0">
         <name>.text:TI_memcpy_small</name>
         <load_address>0x1ceca</load_address>
         <readonly>true</readonly>
         <executable>true</executable>
         <run_address>0x1ceca</run_address>
         <size>0x12</size>
         <alignment>0x1</alignment>
         <input_file_ref idref="fl-d4"/>
      </object_component>
      <object_component id="oc-20">
         <name>.text:decompress:none</name>
         <load_address>0x1cedc</load_address>
         <readonly>true</readonly>
         <executable>true</executable>
         <run_address>0x1cedc</run_address>
         <size>0x12</size>
         <alignment>0x2</alignment>
         <input_file_ref idref="fl-35"/>
      </object_component>
      <object_component id="oc-153">
         <name>.text.Clock_Delay</name>
         <load_address>0x1ceee</load_address>
         <readonly>true</readonly>
         <executable>true</executable>
         <run_address>0x1ceee</run_address>
         <size>0x10</size>
         <alignment>0x2</alignment>
         <input_file_ref idref="fl-3"/>
      </object_component>
      <object_component id="oc-7f">
         <name>.text.Switch_InH</name>
         <load_address>0x1cf00</load_address>
         <readonly>true</readonly>
         <executable>true</executable>
         <run_address>0x1cf00</run_address>
         <size>0x10</size>
         <alignment>0x4</alignment>
         <input_file_ref idref="fl-c"/>
      </object_component>
      <object_component id="oc-f2">
         <name>.text.TExaS_LaunchPadLogicPB27PB26</name>
         <load_address>0x1cf10</load_address>
         <readonly>true</readonly>
         <executable>true</executable>
         <run_address>0x1cf10</run_address>
         <size>0x10</size>
         <alignment>0x4</alignment>
         <input_file_ref idref="fl-6"/>
      </object_component>
      <object_component id="oc-5e">
         <name>.text:decompress:ZI</name>
         <load_address>0x1cf20</load_address>
         <readonly>true</readonly>
         <executable>true</executable>
         <run_address>0x1cf20</run_address>
         <size>0x10</size>
         <alignment>0x2</alignment>
         <input_file_ref idref="fl-34"/>
      </object_component>
      <object_component id="oc-1f8">
         <name>.text.OUTLINED_FUNCTION_0</name>
         <load_address>0x1cf30</load_address>
         <readonly>true</readonly>
         <executable>true</executable>
         <run_address>0x1cf30</run_address>
         <size>0xe</size>
         <alignment>0x2</alignment>
         <input_file_ref idref="fl-32"/>
      </object_component>
      <object_component id="oc-143">
         <name>.text.ST7735_lseek</name>
         <load_address>0x1cf3e</load_address>
         <readonly>true</readonly>
         <executable>true</executable>
         <run_address>0x1cf3e</run_address>
         <size>0xe</size>
         <alignment>0x2</alignment>
         <input_file_ref idref="fl-9"/>
      </object_component>
      <object_component id="oc-21a">
         <name>.text.strlen</name>
         <load_address>0x1cf4c</load_address>
         <readonly>true</readonly>
         <executable>true</executable>
         <run_address>0x1cf4c</run_address>
         <size>0xe</size>
         <alignment>0x2</alignment>
         <input_file_ref idref="fl-bc"/>
      </object_component>
      <object_component id="oc-123">
         <name>.text:TI_memset_small</name>
         <load_address>0x1cf5a</load_address>
         <readonly>true</readonly>
         <executable>true</executable>
         <run_address>0x1cf5a</run_address>
         <size>0xe</size>
         <alignment>0x1</alignment>
         <input_file_ref idref="fl-d5"/>
      </object_component>
      <object_component id="oc-15d">
         <name>.text.Clock_Freq</name>
         <load_address>0x1cf68</load_address>
         <readonly>true</readonly>
         <executable>true</executable>
         <run_address>0x1cf68</run_address>
         <size>0xc</size>
         <alignment>0x4</alignment>
         <input_file_ref idref="fl-3"/>
      </object_component>
      <object_component id="oc-141">
         <name>.text.ST7735_rename</name>
         <load_address>0x1cf74</load_address>
         <readonly>true</readonly>
         <executable>true</executable>
         <run_address>0x1cf74</run_address>
         <size>0xc</size>
         <alignment>0x2</alignment>
         <input_file_ref idref="fl-9"/>
      </object_component>
      <object_component id="oc-a3">
         <name>.text.__aeabi_memclr</name>
         <load_address>0x1cf80</load_address>
         <readonly>true</readonly>
         <executable>true</executable>
         <run_address>0x1cf80</run_address>
         <size>0xc</size>
         <alignment>0x4</alignment>
         <input_file_ref idref="fl-cc"/>
      </object_component>
      <object_component id="oc-1a5">
         <name>.text.malloc</name>
         <load_address>0x1cf8c</load_address>
         <readonly>true</readonly>
         <executable>true</executable>
         <run_address>0x1cf8c</run_address>
         <size>0xc</size>
         <alignment>0x2</alignment>
         <input_file_ref idref="fl-32"/>
      </object_component>
      <object_component id="oc-ca">
         <name>.text.PLL_Init</name>
         <load_address>0x1cf98</load_address>
         <readonly>true</readonly>
         <executable>true</executable>
         <run_address>0x1cf98</run_address>
         <size>0xa</size>
         <alignment>0x2</alignment>
         <input_file_ref idref="fl-6"/>
      </object_component>
      <object_component id="oc-148">
         <name>.text.ST7735_close</name>
         <load_address>0x1cfa2</load_address>
         <readonly>true</readonly>
         <executable>true</executable>
         <run_address>0x1cfa2</run_address>
         <size>0xa</size>
         <alignment>0x2</alignment>
         <input_file_ref idref="fl-9"/>
      </object_component>
      <object_component id="oc-142">
         <name>.text.ST7735_unlink</name>
         <load_address>0x1cfac</load_address>
         <readonly>true</readonly>
         <executable>true</executable>
         <run_address>0x1cfac</run_address>
         <size>0xa</size>
         <alignment>0x2</alignment>
         <input_file_ref idref="fl-9"/>
      </object_component>
      <object_component id="oc-51">
         <name>.text.__aeabi_memcpy</name>
         <load_address>0x1cfb8</load_address>
         <readonly>true</readonly>
         <executable>true</executable>
         <run_address>0x1cfb8</run_address>
         <size>0x8</size>
         <alignment>0x4</alignment>
         <input_file_ref idref="fl-cb"/>
      </object_component>
      <object_component id="oc-1f0">
         <name>.text.remove</name>
         <load_address>0x1cfc0</load_address>
         <readonly>true</readonly>
         <executable>true</executable>
         <run_address>0x1cfc0</run_address>
         <size>0x8</size>
         <alignment>0x2</alignment>
         <input_file_ref idref="fl-b2"/>
      </object_component>
      <object_component id="oc-35">
         <name>.text.Default_Handler</name>
         <load_address>0x1cfc8</load_address>
         <readonly>true</readonly>
         <executable>true</executable>
         <run_address>0x1cfc8</run_address>
         <size>0x4</size>
         <alignment>0x2</alignment>
         <input_file_ref idref="fl-10"/>
      </object_component>
      <object_component id="oc-36">
         <name>.text.HardFault_Handler</name>
         <load_address>0x1cfcc</load_address>
         <readonly>true</readonly>
         <executable>true</executable>
         <run_address>0x1cfcc</run_address>
         <size>0x4</size>
         <alignment>0x2</alignment>
         <input_file_ref idref="fl-10"/>
      </object_component>
      <object_component id="oc-31">
         <name>.text.Reset_Handler</name>
         <load_address>0x1cfd0</load_address>
         <readonly>true</readonly>
         <executable>true</executable>
         <run_address>0x1cfd0</run_address>
         <size>0x4</size>
         <alignment>0x2</alignment>
         <input_file_ref idref="fl-10"/>
      </object_component>
      <object_component id="oc-a8">
         <name>.text._system_pre_init</name>
         <load_address>0x1cfd4</load_address>
         <readonly>true</readonly>
         <executable>true</executable>
         <run_address>0x1cfd4</run_address>
         <size>0x4</size>
         <alignment>0x2</alignment>
         <input_file_ref idref="fl-40"/>
      </object_component>
      <object_component id="oc-103">
         <name>.text:abort</name>
         <load_address>0x1cfd8</load_address>
         <readonly>true</readonly>
         <executable>true</executable>
         <run_address>0x1cfd8</run_address>
         <size>0x4</size>
         <alignment>0x2</alignment>
         <input_file_ref idref="fl-2e"/>
      </object_component>
      <object_component id="oc-283">
         <name>.cinit..data.load</name>
         <load_address>0x1cfe0</load_address>
         <readonly>true</readonly>
         <run_address>0x1cfe0</run_address>
         <size>0xab</size>
         <alignment>0x1</alignment>
      </object_component>
      <object_component id="oc-281">
         <name>__TI_handler_table</name>
         <load_address>0x1d08c</load_address>
         <readonly>true</readonly>
         <run_address>0x1d08c</run_address>
         <size>0xc</size>
         <alignment>0x4</alignment>
      </object_component>
      <object_component id="oc-284">
         <name>.cinit..bss.load</name>
         <load_address>0x1d098</load_address>
         <readonly>true</readonly>
         <run_address>0x1d098</run_address>
         <size>0x8</size>
         <alignment>0x4</alignment>
      </object_component>
      <object_component id="oc-282">
         <name>__TI_cinit_table</name>
         <load_address>0x1d0a0</load_address>
         <readonly>true</readonly>
         <run_address>0x1d0a0</run_address>
         <size>0x10</size>
         <alignment>0x4</alignment>
      </object_component>
      <object_component id="oc-f6">
         <name>.rodata.Startbackground</name>
         <load_address>0xc0</load_address>
         <readonly>true</readonly>
         <run_address>0xc0</run_address>
         <size>0xa000</size>
         <alignment>0x2</alignment>
         <input_file_ref idref="fl-6"/>
      </object_component>
      <object_component id="oc-f3">
         <name>.rodata.paperiomap</name>
         <load_address>0xa0c0</load_address>
         <readonly>true</readonly>
         <run_address>0xa0c0</run_address>
         <size>0xa000</size>
         <alignment>0x2</alignment>
         <input_file_ref idref="fl-6"/>
      </object_component>
      <object_component id="oc-102">
         <name>.rodata.pigLatinStart</name>
         <load_address>0x140c0</load_address>
         <readonly>true</readonly>
         <run_address>0x140c0</run_address>
         <size>0x2300</size>
         <alignment>0x2</alignment>
         <input_file_ref idref="fl-6"/>
      </object_component>
      <object_component id="oc-fe">
         <name>.rodata.startButton</name>
         <load_address>0x163c0</load_address>
         <readonly>true</readonly>
         <run_address>0x163c0</run_address>
         <size>0x2300</size>
         <alignment>0x2</alignment>
         <input_file_ref idref="fl-6"/>
      </object_component>
      <object_component id="oc-f7">
         <name>.rodata.languageSelect</name>
         <load_address>0x186c0</load_address>
         <readonly>true</readonly>
         <run_address>0x186c0</run_address>
         <size>0xc80</size>
         <alignment>0x2</alignment>
         <input_file_ref idref="fl-6"/>
      </object_component>
      <object_component id="oc-237">
         <name>.rodata.Font</name>
         <load_address>0x19340</load_address>
         <readonly>true</readonly>
         <run_address>0x19340</run_address>
         <size>0x4fb</size>
         <alignment>0x1</alignment>
         <input_file_ref idref="fl-9"/>
      </object_component>
      <object_component id="oc-101">
         <name>.rodata.lightBlue</name>
         <load_address>0x1983c</load_address>
         <readonly>true</readonly>
         <run_address>0x1983c</run_address>
         <size>0x12c</size>
         <alignment>0x2</alignment>
         <input_file_ref idref="fl-6"/>
      </object_component>
      <object_component id="oc-ff">
         <name>.rodata.yellowselector</name>
         <load_address>0x19968</load_address>
         <readonly>true</readonly>
         <run_address>0x19968</run_address>
         <size>0x12c</size>
         <alignment>0x2</alignment>
         <input_file_ref idref="fl-6"/>
      </object_component>
      <object_component id="oc-f4">
         <name>.rodata.crown</name>
         <load_address>0x19a94</load_address>
         <readonly>true</readonly>
         <run_address>0x19a94</run_address>
         <size>0x120</size>
         <alignment>0x2</alignment>
         <input_file_ref idref="fl-6"/>
      </object_component>
      <object_component id="oc-bf">
         <name>.rodata.blueChar</name>
         <load_address>0x19bb4</load_address>
         <readonly>true</readonly>
         <run_address>0x19bb4</run_address>
         <size>0x80</size>
         <alignment>0x2</alignment>
         <input_file_ref idref="fl-6"/>
      </object_component>
      <object_component id="oc-be">
         <name>.rodata.redChar</name>
         <load_address>0x19c34</load_address>
         <readonly>true</readonly>
         <run_address>0x19c34</run_address>
         <size>0x80</size>
         <alignment>0x2</alignment>
         <input_file_ref idref="fl-6"/>
      </object_component>
      <object_component id="oc-185">
         <name>.rodata.Rcmd1</name>
         <load_address>0x19cb4</load_address>
         <readonly>true</readonly>
         <run_address>0x19cb4</run_address>
         <size>0x3b</size>
         <alignment>0x1</alignment>
         <input_file_ref idref="fl-9"/>
      </object_component>
      <object_component id="oc-18a">
         <name>.rodata.Rcmd3</name>
         <load_address>0x19cef</load_address>
         <readonly>true</readonly>
         <run_address>0x19cef</run_address>
         <size>0x2b</size>
         <alignment>0x1</alignment>
         <input_file_ref idref="fl-9"/>
      </object_component>
      <object_component id="oc-1fd">
         <name>.rodata.str1.150125634883956314241</name>
         <load_address>0x19d1a</load_address>
         <readonly>true</readonly>
         <run_address>0x19d1a</run_address>
         <size>0x16</size>
         <alignment>0x1</alignment>
         <input_file_ref idref="fl-9"/>
      </object_component>
      <object_component id="oc-fc">
         <name>.rodata.blueFill</name>
         <load_address>0x19d30</load_address>
         <readonly>true</readonly>
         <run_address>0x19d30</run_address>
         <size>0x10</size>
         <alignment>0x2</alignment>
         <input_file_ref idref="fl-6"/>
      </object_component>
      <object_component id="oc-fa">
         <name>.rodata.blueTrail</name>
         <load_address>0x19d40</load_address>
         <readonly>true</readonly>
         <run_address>0x19d40</run_address>
         <size>0x10</size>
         <alignment>0x2</alignment>
         <input_file_ref idref="fl-6"/>
      </object_component>
      <object_component id="oc-f8">
         <name>.rodata.pinkTrail</name>
         <load_address>0x19d50</load_address>
         <readonly>true</readonly>
         <run_address>0x19d50</run_address>
         <size>0x10</size>
         <alignment>0x2</alignment>
         <input_file_ref idref="fl-6"/>
      </object_component>
      <object_component id="oc-fd">
         <name>.rodata.redFill</name>
         <load_address>0x19d60</load_address>
         <readonly>true</readonly>
         <run_address>0x19d60</run_address>
         <size>0x10</size>
         <alignment>0x2</alignment>
         <input_file_ref idref="fl-6"/>
      </object_component>
      <object_component id="oc-187">
         <name>.rodata.Rcmd2green</name>
         <load_address>0x19d70</load_address>
         <readonly>true</readonly>
         <run_address>0x19d70</run_address>
         <size>0xd</size>
         <alignment>0x1</alignment>
         <input_file_ref idref="fl-9"/>
      </object_component>
      <object_component id="oc-186">
         <name>.rodata.Rcmd2red</name>
         <load_address>0x19d7d</load_address>
         <readonly>true</readonly>
         <run_address>0x19d7d</run_address>
         <size>0xd</size>
         <alignment>0x1</alignment>
         <input_file_ref idref="fl-9"/>
      </object_component>
      <object_component id="oc-14d">
         <name>.rodata.str1.143521477748834177251</name>
         <load_address>0x19d8a</load_address>
         <readonly>true</readonly>
         <run_address>0x19d8a</run_address>
         <size>0x8</size>
         <alignment>0x1</alignment>
         <input_file_ref idref="fl-9"/>
      </object_component>
      <object_component id="oc-149">
         <name>.rodata.str1.128575281204556371821</name>
         <load_address>0x19d92</load_address>
         <readonly>true</readonly>
         <run_address>0x19d92</run_address>
         <size>0x7</size>
         <alignment>0x1</alignment>
         <input_file_ref idref="fl-9"/>
      </object_component>
      <object_component id="oc-146">
         <name>.rodata.str1.51779164332721195311</name>
         <load_address>0x19d99</load_address>
         <readonly>true</readonly>
         <run_address>0x19d99</run_address>
         <size>0x7</size>
         <alignment>0x1</alignment>
         <input_file_ref idref="fl-9"/>
      </object_component>
      <object_component id="oc-14a">
         <name>.rodata.str1.147926714926531362981</name>
         <load_address>0x19da0</load_address>
         <readonly>true</readonly>
         <run_address>0x19da0</run_address>
         <size>0x2</size>
         <alignment>0x1</alignment>
         <input_file_ref idref="fl-9"/>
      </object_component>
      <object_component id="oc-24b">
         <name>.binit</name>
         <load_address>0x0</load_address>
         <readonly>true</readonly>
         <run_address>0x0</run_address>
         <size>0x0</size>
         <alignment>0x4</alignment>
      </object_component>
      <object_component id="oc-17e">
         <name>.data.BusFreq</name>
         <load_address>0x202035d0</load_address>
         <readwrite>true</readwrite>
         <run_address>0x202035d0</run_address>
         <size>0x4</size>
         <alignment>0x4</alignment>
         <input_file_ref idref="fl-3"/>
      </object_component>
      <object_component id="oc-81">
         <name>.data.redWin</name>
         <load_address>0x2020362f</load_address>
         <readwrite>true</readwrite>
         <run_address>0x2020362f</run_address>
         <size>0x1</size>
         <alignment>0x1</alignment>
         <input_file_ref idref="fl-6"/>
      </object_component>
      <object_component id="oc-82">
         <name>.data.blueWin</name>
         <load_address>0x20203629</load_address>
         <readwrite>true</readwrite>
         <run_address>0x20203629</run_address>
         <size>0x1</size>
         <alignment>0x1</alignment>
         <input_file_ref idref="fl-6"/>
      </object_component>
      <object_component id="oc-96">
         <name>.data.updateBlueFlag</name>
         <load_address>0x20203633</load_address>
         <readwrite>true</readwrite>
         <run_address>0x20203633</run_address>
         <size>0x1</size>
         <alignment>0x1</alignment>
         <input_file_ref idref="fl-6"/>
      </object_component>
      <object_component id="oc-89">
         <name>.data.updateRedFlag</name>
         <load_address>0x20203634</load_address>
         <readwrite>true</readwrite>
         <run_address>0x20203634</run_address>
         <size>0x1</size>
         <alignment>0x1</alignment>
         <input_file_ref idref="fl-6"/>
      </object_component>
      <object_component id="oc-83">
         <name>.data.redCaptured</name>
         <load_address>0x2020362d</load_address>
         <readwrite>true</readwrite>
         <run_address>0x2020362d</run_address>
         <size>0x1</size>
         <alignment>0x1</alignment>
         <input_file_ref idref="fl-6"/>
      </object_component>
      <object_component id="oc-90">
         <name>.data.blueCaptured</name>
         <load_address>0x20203626</load_address>
         <readwrite>true</readwrite>
         <run_address>0x20203626</run_address>
         <size>0x1</size>
         <alignment>0x1</alignment>
         <input_file_ref idref="fl-6"/>
      </object_component>
      <object_component id="oc-80">
         <name>.data.onIntroScreen</name>
         <load_address>0x2020362b</load_address>
         <readwrite>true</readwrite>
         <run_address>0x2020362b</run_address>
         <size>0x1</size>
         <alignment>0x1</alignment>
         <input_file_ref idref="fl-6"/>
      </object_component>
      <object_component id="oc-100">
         <name>.data.isEnglish</name>
         <load_address>0x2020362a</load_address>
         <readwrite>true</readwrite>
         <run_address>0x2020362a</run_address>
         <size>0x1</size>
         <alignment>0x1</alignment>
         <input_file_ref idref="fl-6"/>
      </object_component>
      <object_component id="oc-16d">
         <name>.data.redPixelCount</name>
         <load_address>0x202035ec</load_address>
         <readwrite>true</readwrite>
         <run_address>0x202035ec</run_address>
         <size>0x4</size>
         <alignment>0x4</alignment>
         <input_file_ref idref="fl-6"/>
      </object_component>
      <object_component id="oc-16c">
         <name>.data.bluePixelCount</name>
         <load_address>0x202035e8</load_address>
         <readwrite>true</readwrite>
         <run_address>0x202035e8</run_address>
         <size>0x4</size>
         <alignment>0x4</alignment>
         <input_file_ref idref="fl-6"/>
      </object_component>
      <object_component id="oc-f5">
         <name>.data.sliderY</name>
         <load_address>0x202035f0</load_address>
         <readwrite>true</readwrite>
         <run_address>0x202035f0</run_address>
[...]
      </symbol>
      <symbol id="sm-15c">
         <name>ST7735_lseek</name>
         <value>0x1cf3f</value>
         <object_component_ref idref="oc-143"/>
      </symbol>
      <symbol id="sm-15d">
         <name>ST7735_unlink</name>
         <value>0x1cfad</value>
         <object_component_ref idref="oc-142"/>
      </symbol>
      <symbol id="sm-15e">
         <name>ST7735_rename</name>
         <value>0x1cf75</value>
         <object_component_ref idref="oc-141"/>
      </symbol>
      <symbol id="sm-15f">
         <name>ST7735_InitPrintf</name>
         <value>0x1bcdd</value>
         <object_component_ref idref="oc-d0"/>
      </symbol>
      <symbol id="sm-16b">
         <name>Sound_Init</name>
         <value>0x1bcdb</value>
         <object_component_ref idref="oc-e6"/>
      </symbol>
      <symbol id="sm-16c">
         <name>SysTick_Handler</name>
         <value>0x1c3c3</value>
         <object_component_ref idref="oc-37"/>
      </symbol>
      <symbol id="sm-18e">
         <name>Switch_Init</name>
         <value>0x1c819</value>
         <object_component_ref idref="oc-e0"/>
      </symbol>
      <symbol id="sm-18f">
         <name>Switch_InA</name>
         <value>0x1ce2d</value>
         <object_component_ref idref="oc-73"/>
      </symbol>
      <symbol id="sm-190">
         <name>Switch_InB</name>
         <value>0x1ce41</value>
         <object_component_ref idref="oc-78"/>
      </symbol>
      <symbol id="sm-191">
         <name>Switch_InC</name>
         <value>0x1ce55</value>
         <object_component_ref idref="oc-79"/>
      </symbol>
      <symbol id="sm-192">
         <name>Switch_InD</name>
         <value>0x1ce69</value>
         <object_component_ref idref="oc-7a"/>
      </symbol>
      <symbol id="sm-193">
         <name>Switch_InH</name>
         <value>0x1cf01</value>
         <object_component_ref idref="oc-7f"/>
      </symbol>
      <symbol id="sm-194">
         <name>Switch_InG</name>
         <value>0x1cea5</value>
         <object_component_ref idref="oc-7e"/>
      </symbol>
      <symbol id="sm-195">
         <name>Switch_InE</name>
         <value>0x1ce7d</value>
         <object_component_ref idref="oc-7c"/>
      </symbol>
      <symbol id="sm-196">
         <name>Switch_InF</name>
         <value>0x1ce91</value>
         <object_component_ref idref="oc-7d"/>
      </symbol>
      <symbol id="sm-1ac">
         <name>ADC_Init</name>
         <value>0x1b24d</value>
         <object_component_ref idref="oc-15a"/>
      </symbol>
      <symbol id="sm-1ad">
         <name>ADC_Start</name>
         <value>0x1cd25</value>
         <object_component_ref idref="oc-15b"/>
      </symbol>
      <symbol id="sm-1ae">
         <name>UART_Init</name>
         <value>0x1b855</value>
         <object_component_ref idref="oc-15c"/>
      </symbol>
      <symbol id="sm-1af">
         <name>TIMG7_IRQHandler</name>
         <value>0x1c929</value>
         <object_component_ref idref="oc-3c"/>
      </symbol>
      <symbol id="sm-1b0">
         <name>TExaSadc</name>
         <value>0x202033d0</value>
      </symbol>
      <symbol id="sm-1b1">
         <name>TExaSLogic</name>
         <value>0x202033cc</value>
      </symbol>
      <symbol id="sm-1b2">
         <name>TExaS_Init</name>
         <value>0x1c5a1</value>
         <object_component_ref idref="oc-e7"/>
      </symbol>
      <symbol id="sm-1bf">
         <name>TimerG7_IntArm</name>
         <value>0x1bae9</value>
         <object_component_ref idref="oc-162"/>
      </symbol>
      <symbol id="sm-1c0">
         <name>TimerG12_IntArm</name>
         <value>0x1be11</value>
         <object_component_ref idref="oc-e8"/>
      </symbol>
      <symbol id="sm-1ce">
         <name>Default_Handler</name>
         <value>0x1cfc9</value>
         <object_component_ref idref="oc-35"/>
      </symbol>
      <symbol id="sm-1cf">
         <name>Reset_Handler</name>
         <value>0x1cfd1</value>
         <object_component_ref idref="oc-31"/>
      </symbol>
      <symbol id="sm-1d0">
         <name>HardFault_Handler</name>
         <value>0x1cfcd</value>
         <object_component_ref idref="oc-36"/>
      </symbol>
      <symbol id="sm-1d1">
         <name>interruptVectors</name>
         <value>0x0</value>
         <object_component_ref idref="oc-18"/>
      </symbol>
      <symbol id="sm-1d2">
         <name>NMI_Handler</name>
         <value>0x1cfc9</value>
         <object_component_ref idref="oc-35"/>
      </symbol>
      <symbol id="sm-1d3">
         <name>SVC_Handler</name>
         <value>0x1cfc9</value>
         <object_component_ref idref="oc-35"/>
      </symbol>
      <symbol id="sm-1d4">
         <name>PendSV_Handler</name>
         <value>0x1cfc9</value>
         <object_component_ref idref="oc-35"/>
      </symbol>
      <symbol id="sm-1d5">
         <name>GROUP0_IRQHandler</name>
         <value>0x1cfc9</value>
         <object_component_ref idref="oc-35"/>
      </symbol>
      <symbol id="sm-1d6">
         <name>GROUP1_IRQHandler</name>
         <value>0x1cfc9</value>
         <object_component_ref idref="oc-35"/>
      </symbol>
      <symbol id="sm-1d7">
         <name>TIMG8_IRQHandler</name>
         <value>0x1cfc9</value>
         <object_component_ref idref="oc-35"/>
      </symbol>
      <symbol id="sm-1d8">
         <name>UART3_IRQHandler</name>
         <value>0x1cfc9</value>
         <object_component_ref idref="oc-35"/>
      </symbol>
      <symbol id="sm-1d9">
         <name>ADC0_IRQHandler</name>
         <value>0x1cfc9</value>
         <object_component_ref idref="oc-35"/>
      </symbol>
      <symbol id="sm-1da">
         <name>ADC1_IRQHandler</name>
         <value>0x1cfc9</value>
         <object_component_ref idref="oc-35"/>
      </symbol>
      <symbol id="sm-1db">
         <name>CANFD0_IRQHandler</name>
         <value>0x1cfc9</value>
         <object_component_ref idref="oc-35"/>
      </symbol>
      <symbol id="sm-1dc">
         <name>DAC0_IRQHandler</name>
         <value>0x1cfc9</value>
         <object_component_ref idref="oc-35"/>
      </symbol>
      <symbol id="sm-1dd">
         <name>SPI0_IRQHandler</name>
         <value>0x1cfc9</value>
         <object_component_ref idref="oc-35"/>
      </symbol>
      <symbol id="sm-1de">
         <name>SPI1_IRQHandler</name>
         <value>0x1cfc9</value>
         <object_component_ref idref="oc-35"/>
      </symbol>
      <symbol id="sm-1df">
         <name>UART1_IRQHandler</name>
         <value>0x1cfc9</value>
         <object_component_ref idref="oc-35"/>
      </symbol>
      <symbol id="sm-1e0">
         <name>UART2_IRQHandler</name>
         <value>0x1cfc9</value>
         <object_component_ref idref="oc-35"/>
      </symbol>
      <symbol id="sm-1e1">
         <name>UART0_IRQHandler</name>
         <value>0x1cfc9</value>
         <object_component_ref idref="oc-35"/>
      </symbol>
      <symbol id="sm-1e2">
         <name>TIMG0_IRQHandler</name>
         <value>0x1cfc9</value>
         <object_component_ref idref="oc-35"/>
      </symbol>
      <symbol id="sm-1e3">
         <name>TIMG6_IRQHandler</name>
         <value>0x1cfc9</value>
         <object_component_ref idref="oc-35"/>
      </symbol>
      <symbol id="sm-1e4">
         <name>TIMA0_IRQHandler</name>
         <value>0x1cfc9</value>
         <object_component_ref idref="oc-35"/>
      </symbol>
      <symbol id="sm-1e5">
         <name>TIMA1_IRQHandler</name>
         <value>0x1cfc9</value>
         <object_component_ref idref="oc-35"/>
      </symbol>
      <symbol id="sm-1e6">
         <name>I2C0_IRQHandler</name>
         <value>0x1cfc9</value>
         <object_component_ref idref="oc-35"/>
      </symbol>
      <symbol id="sm-1e7">
         <name>I2C1_IRQHandler</name>
         <value>0x1cfc9</value>
         <object_component_ref idref="oc-35"/>
      </symbol>
      <symbol id="sm-1e8">
         <name>AES_IRQHandler</name>
         <value>0x1cfc9</value>
         <object_component_ref idref="oc-35"/>
      </symbol>
      <symbol id="sm-1e9">
         <name>RTC_IRQHandler</name>
         <value>0x1cfc9</value>
         <object_component_ref idref="oc-35"/>
      </symbol>
      <symbol id="sm-1ea">
         <name>DMA_IRQHandler</name>
         <value>0x1cfc9</value>
         <object_component_ref idref="oc-35"/>
      </symbol>
      <symbol id="sm-1eb">
         <name>__TI_ATRegion0_src_addr</name>
         <value>0x0</value>
      </symbol>
      <symbol id="sm-1ec">
         <name>__TI_ATRegion0_trg_addr</name>
         <value>0x0</value>
      </symbol>
      <symbol id="sm-1ed">
         <name>__TI_ATRegion0_region_sz</name>
         <value>0x0</value>
      </symbol>
      <symbol id="sm-1ee">
         <name>__TI_ATRegion1_src_addr</name>
         <value>0x0</value>
      </symbol>
      <symbol id="sm-1ef">
         <name>__TI_ATRegion1_trg_addr</name>
         <value>0x0</value>
      </symbol>
      <symbol id="sm-1f0">
         <name>__TI_ATRegion1_region_sz</name>
         <value>0x0</value>
      </symbol>
      <symbol id="sm-1f1">
         <name>__TI_ATRegion2_src_addr</name>
         <value>0x0</value>
      </symbol>
      <symbol id="sm-1f2">
         <name>__TI_ATRegion2_trg_addr</name>
         <value>0x0</value>
      </symbol>
      <symbol id="sm-1f3">
         <name>__TI_ATRegion2_region_sz</name>
         <value>0x0</value>
      </symbol>
      <symbol id="sm-20c">
         <name>fopen</name>
         <value>0x1cc9d</value>
         <object_component_ref idref="oc-136"/>
      </symbol>
      <symbol id="sm-20d">
         <name>__TI_cleanup</name>
         <value>0x1cb69</value>
         <object_component_ref idref="oc-1a6"/>
      </symbol>
      <symbol id="sm-20e">
         <name>freopen</name>
         <value>0x1cc39</value>
         <object_component_ref idref="oc-13c"/>
      </symbol>
      <symbol id="sm-218">
         <name>setvbuf</name>
         <value>0x1b93d</value>
         <object_component_ref idref="oc-13d"/>
      </symbol>
      <symbol id="sm-227">
         <name>abort</name>
         <value>0x1cfd9</value>
         <object_component_ref idref="oc-103"/>
      </symbol>
      <symbol id="sm-228">
         <name>C$$EXIT</name>
         <value>0x1cfd8</value>
         <object_component_ref idref="oc-103"/>
      </symbol>
      <symbol id="sm-229">
         <name>__TI_cleanup_ptr</name>
         <value>0x202035c8</value>
         <object_component_ref idref="oc-172"/>
      </symbol>
      <symbol id="sm-22a">
         <name>__TI_dtors_ptr</name>
         <value>0x202035cc</value>
         <object_component_ref idref="oc-172"/>
      </symbol>
      <symbol id="sm-22b">
         <name>exit</name>
         <value>0x1cc05</value>
         <object_component_ref idref="oc-108"/>
      </symbol>
      <symbol id="sm-234">
         <name>_nop</name>
         <value>0x1cde3</value>
         <object_component_ref idref="oc-1b1"/>
      </symbol>
      <symbol id="sm-235">
         <name>_lock</name>
         <value>0x202035e0</value>
         <object_component_ref idref="oc-170"/>
      </symbol>
      <symbol id="sm-236">
         <name>_unlock</name>
         <value>0x202035e4</value>
         <object_component_ref idref="oc-173"/>
      </symbol>
      <symbol id="sm-23c">
         <name>_ftable</name>
         <value>0x202033d8</value>
         <object_component_ref idref="oc-14b"/>
      </symbol>
      <symbol id="sm-23d">
         <name>__TI_ft_end</name>
         <value>0x202035dc</value>
         <object_component_ref idref="oc-1e1"/>
      </symbol>
      <symbol id="sm-23e">
         <name>__TI_tmpnams</name>
         <value>0x20203320</value>
         <object_component_ref idref="oc-1f4"/>
      </symbol>
      <symbol id="sm-261">
         <name>malloc</name>
         <value>0x1cf8d</value>
         <object_component_ref idref="oc-1a5"/>
      </symbol>
      <symbol id="sm-262">
         <name>aligned_alloc</name>
         <value>0x1b121</value>
         <object_component_ref idref="oc-1fa"/>
      </symbol>
      <symbol id="sm-263">
         <name>free</name>
         <value>0x1b769</value>
         <object_component_ref idref="oc-1a3"/>
      </symbol>
      <symbol id="sm-264">
         <name>_sys_memory</name>
         <value>0x20203638</value>
         <object_component_ref idref="oc-2f"/>
      </symbol>
      <symbol id="sm-265">
         <name>memalign</name>
         <value>0x1b121</value>
         <object_component_ref idref="oc-1fa"/>
      </symbol>
      <symbol id="sm-270">
         <name>__TI_zero_init</name>
         <value>0x1cf21</value>
         <object_component_ref idref="oc-5e"/>
      </symbol>
      <symbol id="sm-279">
         <name>__TI_decompress_none</name>
         <value>0x1cedd</value>
         <object_component_ref idref="oc-20"/>
      </symbol>
      <symbol id="sm-284">
         <name>__TI_decompress_lzss</name>
         <value>0x1c199</value>
         <object_component_ref idref="oc-1c"/>
      </symbol>
      <symbol id="sm-28f">
         <name>_c_int00_noargs</name>
         <value>0x1cd9d</value>
         <object_component_ref idref="oc-61"/>
      </symbol>
      <symbol id="sm-290">
         <name>__stack</name>
         <value>0x20207e00</value>
         <object_component_ref idref="oc-1a"/>
      </symbol>
      <symbol id="sm-29d">
         <name>__TI_closefile</name>
         <value>0x1c02d</value>
         <object_component_ref idref="oc-19d"/>
      </symbol>
      <symbol id="sm-2a7">
         <name>__TI_doflush</name>
         <value>0x1c64f</value>
         <object_component_ref idref="oc-1e6"/>
      </symbol>
      <symbol id="sm-2b5">
         <name>__TI_auto_init_nobinit_nopinit</name>
         <value>0x1c9e9</value>
         <object_component_ref idref="oc-10a"/>
      </symbol>
      <symbol id="sm-2bd">
         <name>_system_pre_init</name>
         <value>0x1cfd5</value>
         <object_component_ref idref="oc-a8"/>
      </symbol>
      <symbol id="sm-2d0">
         <name>write</name>
         <value>0x1cd75</value>
         <object_component_ref idref="oc-223"/>
      </symbol>
      <symbol id="sm-2d5">
         <name>_device</name>
         <value>0x202034c8</value>
         <object_component_ref idref="oc-194"/>
      </symbol>
      <symbol id="sm-2d6">
         <name>_stream</name>
         <value>0x20203540</value>
         <object_component_ref idref="oc-21f"/>
      </symbol>
      <symbol id="sm-2df">
         <name>remove</name>
         <value>0x1cfc1</value>
         <object_component_ref idref="oc-1f0"/>
      </symbol>
      <symbol id="sm-2eb">
         <name>open</name>
         <value>0x1bb91</value>
         <object_component_ref idref="oc-1e2"/>
      </symbol>
      <symbol id="sm-2f6">
         <name>close</name>
         <value>0x1c6f1</value>
         <object_component_ref idref="oc-1ec"/>
      </symbol>
      <symbol id="sm-302">
         <name>add_device</name>
         <value>0x1b67d</value>
         <object_component_ref idref="oc-132"/>
      </symbol>
      <symbol id="sm-30c">
         <name>unlink</name>
         <value>0x1ccf9</value>
         <object_component_ref idref="oc-22c"/>
      </symbol>
      <symbol id="sm-316">
         <name>HOSTclose</name>
         <value>0x1c741</value>
         <object_component_ref idref="oc-1c4"/>
      </symbol>
      <symbol id="sm-320">
         <name>HOSTlseek</name>
         <value>0x1c281</value>
         <object_component_ref idref="oc-1d0"/>
      </symbol>
      <symbol id="sm-32a">
         <name>HOSTopen</name>
         <value>0x1c491</value>
         <object_component_ref idref="oc-1c0"/>
      </symbol>
      <symbol id="sm-32b">
         <name>parmbuf</name>
         <value>0x202033c0</value>
         <object_component_ref idref="oc-206"/>
      </symbol>
      <symbol id="sm-335">
         <name>HOSTread</name>
         <value>0x1c4f1</value>
         <object_component_ref idref="oc-1c8"/>
      </symbol>
      <symbol id="sm-346">
         <name>HOSTrename</name>
         <value>0x1c2ed</value>
         <object_component_ref idref="oc-1d8"/>
      </symbol>
      <symbol id="sm-350">
         <name>HOSTunlink</name>
         <value>0x1c789</value>
         <object_component_ref idref="oc-1d4"/>
      </symbol>
      <symbol id="sm-35a">
         <name>HOSTwrite</name>
         <value>0x1c549</value>
         <object_component_ref idref="oc-1cc"/>
      </symbol>
      <symbol id="sm-368">
         <name>C$$IO$$</name>
         <value>0x1cbfd</value>
         <object_component_ref idref="oc-1ff"/>
      </symbol>
      <symbol id="sm-369">
         <name>__TI_writemsg</name>
         <value>0x1cbd1</value>
         <object_component_ref idref="oc-1ff"/>
      </symbol>
      <symbol id="sm-36a">
         <name>__CIOBUF_</name>
         <value>0x20203200</value>
         <object_component_ref idref="oc-238"/>
      </symbol>
      <symbol id="sm-36b">
         <name>__TI_readmsg</name>
         <value>0x1cb9d</value>
         <object_component_ref idref="oc-205"/>
      </symbol>
      <symbol id="sm-36c">
         <name>_CIOBUF_</name>
         <value>0x20203200</value>
         <object_component_ref idref="oc-238"/>
      </symbol>
      <symbol id="sm-372">
         <name>__aeabi_idiv</name>
         <value>0x1c5f9</value>
         <object_component_ref idref="oc-b9"/>
      </symbol>
      <symbol id="sm-373">
         <name>__aeabi_idivmod</name>
         <value>0x1c5f9</value>
         <object_component_ref idref="oc-b9"/>
      </symbol>
      <symbol id="sm-379">
         <name>__aeabi_memcpy</name>
         <value>0x1cfb9</value>
         <object_component_ref idref="oc-51"/>
      </symbol>
      <symbol id="sm-37a">
         <name>__aeabi_memcpy4</name>
         <value>0x1cfb9</value>
         <object_component_ref idref="oc-51"/>
      </symbol>
      <symbol id="sm-37b">
         <name>__aeabi_memcpy8</name>
         <value>0x1cfb9</value>
         <object_component_ref idref="oc-51"/>
      </symbol>
      <symbol id="sm-382">
         <name>__aeabi_memclr</name>
         <value>0x1cf81</value>
         <object_component_ref idref="oc-a3"/>
      </symbol>
      <symbol id="sm-383">
         <name>__aeabi_memclr4</name>
         <value>0x1cf81</value>
         <object_component_ref idref="oc-a3"/>
      </symbol>
      <symbol id="sm-384">
         <name>__aeabi_memclr8</name>
         <value>0x1cf81</value>
         <object_component_ref idref="oc-a3"/>
      </symbol>
      <symbol id="sm-38a">
         <name>__aeabi_uidiv</name>
         <value>0x1c969</value>
         <object_component_ref idref="oc-15e"/>
      </symbol>
      <symbol id="sm-38b">
         <name>__aeabi_uidivmod</name>
         <value>0x1c969</value>
         <object_component_ref idref="oc-15e"/>
      </symbol>
      <symbol id="sm-396">
         <name>__aeabi_idiv0</name>
         <value>0x1c8e7</value>
         <object_component_ref idref="oc-11c"/>
      </symbol>
      <symbol id="sm-3a4">
         <name>finddevice</name>
         <value>0x1ca95</value>
         <object_component_ref idref="oc-18d"/>
      </symbol>
      <symbol id="sm-3a5">
         <name>getdevice</name>
         <value>0x1c3c5</value>
         <object_component_ref idref="oc-21d"/>
      </symbol>
      <symbol id="sm-3ae">
         <name>TI_memcpy_small</name>
         <value>0x1cecb</value>
         <object_component_ref idref="oc-c0"/>
      </symbol>
      <symbol id="sm-3b7">
         <name>TI_memset_small</name>
         <value>0x1cf5b</value>
         <object_component_ref idref="oc-123"/>
      </symbol>
      <symbol id="sm-3b8">
         <name>__TI_static_base__</name>
         <value>0x0</value>
      </symbol>
      <symbol id="sm-3bb">
         <name>__mpu_init</name>
         <value>0x0</value>
      </symbol>
      <symbol id="sm-3bc">
         <name>_system_post_cinit</name>
         <value>0x0</value>
      </symbol>
   </symbol_table>
   <title>Link successful</title>
</link_info>
