******************************************************************************
            TI ARM Clang Linker PC v3.2.1                      
******************************************************************************
>> Linked Thu Apr 18 16:14:00 2024

OUTPUT FILE NAME:   <ECE319K_Lab9.out>
ENTRY POINT SYMBOL: "_c_int00_noargs"  address: 0000d271


MEMORY CONFIGURATION

         name            origin    length      used     unused   attr    fill
----------------------  --------  ---------  --------  --------  ----  --------
  FLASH                 00000000   00020000  0000d530  00012ad0  R  X
  SRAM                  20200000   00008000  00001d50  000062b0  RW X
  BCR_CONFIG            41c00000   00000080  00000000  00000080  R   
  BSL_CONFIG            41c00100   00000080  00000000  00000080  R   


SEGMENT ALLOCATION MAP

run origin  load origin   length   init length attrs members
----------  ----------- ---------- ----------- ----- -------
00000000    00000000    0000d530   0000d530    r-x
  00000000    00000000    000000c0   000000c0    r-- .intvecs
  000000c0    000000c0    0000a6d0   0000a6d0    r-- .rodata
  0000a790    0000a790    00002cd8   00002cd8    r-x .text
  0000d468    0000d468    000000c8   000000c8    r-- .cinit
20200000    20200000    00001b58   00000000    rw-
  20200000    20200000    00001717   00000000    rw- .bss
  20201718    20201718    00000239   00000000    rw- .data
  20201958    20201958    00000200   00000000    rw- .sysmem
20207e00    20207e00    00000200   00000000    rw-
  20207e00    20207e00    00000200   00000000    rw- .stack


SECTION ALLOCATION MAP

 output                                  attributes/
section   page    origin      length       input sections
--------  ----  ----------  ----------   ----------------
.intvecs   0    00000000    000000c0     
                  00000000    000000c0     startup_mspm0g3507_ticlang.o (.intvecs)

.text      0    0000a790    00002cd8     
                  0000a790    00000234     Lab9Main.o (.text.TIMG12_IRQHandler)
                  0000a9c4    00000220     Lab9Main.o (.text.main)
                  0000abe4    00000210     ST7735.o (.text.ST7735_DrawBitmap)
                  0000adf4    000001b4     Clock.o (.text.Clock_Init80MHz)
                  0000afa8    000001a0     ST7735.o (.text.ST7735_DrawCharS)
                  0000b148    0000017e     Lab9Main.o (.text.InsidePolygon)
                  0000b2c6    00000002     LED.o (.text.LED_Init)
                  0000b2c8    00000160     libc.a : fopen.c.obj (.text._openfile)
                  0000b428    0000012c            : memory.c.obj (.text.aligned_alloc)
                  0000b554    00000128     TExaS.o (.text.ADC_Init)
                  0000b67c    00000118     ST7735.o (.text.ST7735_FillRect)
                  0000b794    000000f8     SPI.o (.text.SPI_Init)
                  0000b88c    000000f4     Lab9Main.o (.text.convexHull)
                  0000b980    000000ec     libsysbm.a : add_device.c.obj (.text.add_device)
                  0000ba6c    000000ec     libc.a : memory.c.obj (.text.free)
                  0000bb58    000000e8     TExaS.o (.text.UART_Init)
                  0000bc40    000000dc     libc.a : setvbuf.c.obj (.text.setvbuf)
                  0000bd1c    000000d0     ST7735.o (.text.ST7735_OutChar)
                  0000bdec    000000c8     Lab9Main.o (.text.fillPolygon)
                  0000beb4    000000a8     Timer.o (.text.TimerG7_IntArm)
                  0000bf5c    000000a8     libsysbm.a : open.c.obj (.text.open)
                  0000c004    000000a2     ST7735.o (.text.commandList)
                  0000c0a6    00000002     Sound.o (.text.Sound_Init)
                  0000c0a8    0000009c     ST7735.o (.text.ST7735_InitPrintf)
                  0000c144    00000098     ST7735.o (.text.ST7735_InitR)
                  0000c1dc    00000094     Timer.o (.text.TimerG12_IntArm)
                  0000c270    00000088     ST7735.o (.text.setAddrWindow)
                  0000c2f8    00000084     ST7735.o (.text.ST7735_DrawString)
                  0000c37c    0000007c     LaunchPad.o (.text.LaunchPad_Init)
                  0000c3f8    0000007c     libc.a : fclose.c.obj (.text.__TI_closefile)
                  0000c474    00000078     ADC1.o (.text.ADC1init)
                  0000c4ec    00000078     ADC2.o (.text.ADC2init)
                  0000c564    00000078     libc.a : copy_decompress_lzss.c.obj (.text:decompress:lzss)
                  0000c5dc    00000070     ST7735.o (.text.ST7735_DrawPixel)
                  0000c64c    00000070     libclang_rt.builtins.a : comparedf2.c.obj (.text.__gedf2)
                  0000c6bc    0000006c     libsysbm.a : hostlseek.c.obj (.text.HOSTlseek)
                  0000c728    0000006c                : hostrename.c.obj (.text.HOSTrename)
                  0000c794    0000006c     libclang_rt.builtins.a : comparedf2.c.obj (.text.__ledf2)
                  0000c800    0000006a     Lab9Main.o (.text.orientation)
                  0000c86a    00000002     Sound.o (.text.SysTick_Handler)
                  0000c86c    00000068     libc.a : getdevice.c.obj (.text.getdevice)
                  0000c8d4    00000064            : memory.c.obj (.text.split)
                  0000c938    00000062     libclang_rt.builtins.a : aeabi_dcmp.S.obj (.text.__aeabi_dcmp)
                  0000c99a    00000002                            : aeabi_div0.c.obj (.text.__aeabi_idiv0)
                  0000c99c    00000060     libsysbm.a : hostopen.c.obj (.text.HOSTopen)
                  0000c9fc    00000058                : hostread.c.obj (.text.HOSTread)
                  0000ca54    00000058                : hostwrite.c.obj (.text.HOSTwrite)
                  0000caac    00000058     TExaS.o (.text.TExaS_Init)
                  0000cb04    00000056     libclang_rt.builtins.a : aeabi_idivmod.S.obj (.text.__aeabi_idivmod)
                  0000cb5a    00000052     libc.a : fflush.c.obj (.text.__TI_doflush)
                  0000cbac    00000050     ADC2.o (.text.Convert2)
                  0000cbfc    00000050     libsysbm.a : close.c.obj (.text.close)
                  0000cc4c    00000048                : hostclose.c.obj (.text.HOSTclose)
                  0000cc94    00000048                : hostunlink.c.obj (.text.HOSTunlink)
                  0000ccdc    00000048     SPI.o (.text.SPI_OutCommand)
                  0000cd24    00000044     ADC2.o (.text.ADC2in)
                  0000cd68    00000040     SPI.o (.text.SPI_Reset)
                  0000cda8    00000040     TExaS.o (.text.TIMG7_IRQHandler)
                  0000cde8    00000040     libclang_rt.builtins.a : aeabi_uidivmod.S.obj (.text.__aeabi_uidivmod)
                  0000ce28    00000040     libc.a : fopen.c.obj (.text._search_fp)
                  0000ce68    0000003c            : autoinit.c.obj (.text:__TI_auto_init_nobinit_nopinit)
                  0000cea4    00000038     LaunchPad.o (.text.ActivatePortA_B)
                  0000cedc    00000038     SPI.o (.text.SPI_OutData)
                  0000cf14    00000038     libc.a : getdevice.c.obj (.text.finddevice)
                  0000cf4c    00000034     Clock.o (.text.Clock_Delay1ms)
                  0000cf80    00000034     ST7735.o (.text.ST7735_SetCursor)
                  0000cfb4    00000034     ST7735.o (.text.ST7735_write)
                  0000cfe8    00000034     libc.a : fopen.c.obj (.text.__TI_cleanup)
                  0000d01c    00000034     libsysbm.a : trgmsg.c.obj (.text.__TI_readmsg)
                  0000d050    00000034                : trgmsg.c.obj (.text.__TI_writemsg)
                  0000d084    00000034     libc.a : exit.c.obj (.text.exit)
                  0000d0b8    00000034            : fopen.c.obj (.text.freopen)
                  0000d0ec    00000030     ST7735.o (.text.commonInit)
                  0000d11c    00000030     libc.a : fopen.c.obj (.text.fopen)
                  0000d14c    0000002c     ST7735.o (.text.ST7735_FillScreen)
                  0000d178    0000002c     libclang_rt.builtins.a : floatsidf.S.obj (.text.__floatsidf)
                  0000d1a4    0000002c     libsysbm.a : unlink.c.obj (.text.unlink)
                  0000d1d0    00000028     TExaS.o (.text.ADC_Start)
                  0000d1f8    00000028     Switch.o (.text.Switch_Init)
                  0000d220    00000028     libc.a : memory.c.obj (.text.free_list_insert)
                  0000d248    00000028     libsysbm.a : write.c.obj (.text.write)
                  0000d270    00000028     libc.a : boot_cortex_m.c.obj (.text:_c_int00_noargs)
                  0000d298    0000001e     ST7735.o (.text.pushColor)
                  0000d2b6    00000002     libc.a : _lock.c.obj (.text._nop)
                  0000d2b8    0000001c            : memory.c.obj (.text.free_list_remove)
                  0000d2d4    00000016     ST7735.o (.text.ST7735_open)
                  0000d2ea    00000016     ST7735.o (.text.ST7735_read)
                  0000d300    00000014     Switch.o (.text.Switch_InA)
                  0000d314    00000014     Switch.o (.text.Switch_InB)
                  0000d328    00000014     Switch.o (.text.Switch_InC)
                  0000d33c    00000014     Switch.o (.text.Switch_InD)
                  0000d350    00000012     libsysbm.a : hostrename.c.obj (.text.strcpy)
                  0000d362    00000012     libc.a : memcpy16.S.obj (.text:TI_memcpy_small)
                  0000d374    00000012            : copy_decompress_none.c.obj (.text:decompress:none)
                  0000d386    00000010     Clock.o (.text.Clock_Delay)
                  0000d396    00000002     --HOLE-- [fill = 0]
                  0000d398    00000010     Lab9Main.o (.text.TExaS_LaunchPadLogicPB27PB26)
                  0000d3a8    00000010     libc.a : copy_zero_init.c.obj (.text:decompress:ZI)
                  0000d3b8    0000000e            : memory.c.obj (.text.OUTLINED_FUNCTION_0)
                  0000d3c6    0000000e     ST7735.o (.text.ST7735_lseek)
                  0000d3d4    0000000e     libsysbm.a : hostrename.c.obj (.text.strlen)
                  0000d3e2    0000000e     libc.a : memset16.S.obj (.text:TI_memset_small)
                  0000d3f0    0000000c     Clock.o (.text.Clock_Freq)
                  0000d3fc    0000000c     ST7735.o (.text.ST7735_rename)
                  0000d408    0000000c     libclang_rt.builtins.a : aeabi_memset.S.obj (.text.__aeabi_memclr)
                  0000d414    0000000c     libc.a : memory.c.obj (.text.malloc)
                  0000d420    0000000a     Lab9Main.o (.text.PLL_Init)
                  0000d42a    0000000a     ST7735.o (.text.ST7735_close)
                  0000d434    0000000a     ST7735.o (.text.ST7735_unlink)
                  0000d43e    00000002     --HOLE-- [fill = 0]
                  0000d440    00000008     libclang_rt.builtins.a : aeabi_memcpy.S.obj (.text.__aeabi_memcpy)
                  0000d448    00000008     libsysbm.a : remove.c.obj (.text.remove)
                  0000d450    00000004     startup_mspm0g3507_ticlang.o (.text.Default_Handler)
                  0000d454    00000004     startup_mspm0g3507_ticlang.o (.text.HardFault_Handler)
                  0000d458    00000004     startup_mspm0g3507_ticlang.o (.text.Reset_Handler)
                  0000d45c    00000004     libc.a : pre_init.c.obj (.text._system_pre_init)
                  0000d460    00000004            : exit.c.obj (.text:abort)
                  0000d464    00000004     --HOLE-- [fill = 0]

.cinit     0    0000d468    000000c8     
                  0000d468    0000009d     (.cinit..data.load) [load image, compression = lzss]
                  0000d505    00000003     --HOLE-- [fill = 0]
                  0000d508    0000000c     (__TI_handler_table)
                  0000d514    00000008     (.cinit..bss.load) [load image, compression = zero_init]
                  0000d51c    00000010     (__TI_cinit_table)
                  0000d52c    00000004     --HOLE-- [fill = 0]

.rodata    0    000000c0    0000a6d0     
                  000000c0    0000a000     Lab9Main.o (.rodata.paperiomap)
                  0000a0c0    000004fb     ST7735.o (.rodata.Font)
                  0000a5bb    00000001     --HOLE-- [fill = 0]
                  0000a5bc    00000080     Lab9Main.o (.rodata.blueChar)
                  0000a63c    00000080     Lab9Main.o (.rodata.redChar)
                  0000a6bc    0000003b     ST7735.o (.rodata.Rcmd1)
                  0000a6f7    0000002b     ST7735.o (.rodata.Rcmd3)
                  0000a722    00000016     ST7735.o (.rodata.str1.150125634883956314241)
                  0000a738    00000010     Lab9Main.o (.rodata.pinkTrail)
                  0000a748    00000010     Lab9Main.o (.rodata.redFill)
                  0000a758    0000000d     ST7735.o (.rodata.Rcmd2green)
                  0000a765    0000000d     ST7735.o (.rodata.Rcmd2red)
                  0000a772    00000008     ST7735.o (.rodata.str1.143521477748834177251)
                  0000a77a    00000007     ST7735.o (.rodata.str1.128575281204556371821)
                  0000a781    00000007     ST7735.o (.rodata.str1.51779164332721195311)
                  0000a788    00000002     ST7735.o (.rodata.str1.147926714926531362981)
                  0000a78a    00000006     --HOLE-- [fill = 0]

.init_array 
*          0    00000000    00000000     UNINITIALIZED

.binit     0    00000000    00000000     

.bss       0    20200000    00001717     UNINITIALIZED
                  20200000    00000b40     (.common:redCapturedTerritory)
                  20200b40    00000a00     (.common:redPossibleCapture)
                  20201540    00000120     libsysbm.a : trgmsg.c.obj (.bss:_CIOBUF_)
                  20201660    000000a0     libc.a : defs.c.obj (.bss.__TI_tmpnams)
                  20201700    00000008     libsysbm.a : hostopen.c.obj (.bss.parmbuf)
                  20201708    00000004     libc.a : memory.c.obj (.bss.sys_free)
                  2020170c    00000004     (.common:TExaSLogic)
                  20201710    00000004     (.common:TExaSadc)
                  20201714    00000001     ST7735.o (.bss.ColStart)
                  20201715    00000001     ST7735.o (.bss.RowStart)
                  20201716    00000001     ST7735.o (.bss.TabColor)

.data      0    20201718    00000239     UNINITIALIZED
                  20201718    000000f0     libc.a : defs.c.obj (.data._ftable)
                  20201808    00000078     libsysbm.a : host_device.c.obj (.data._device)
                  20201880    00000050                : host_device.c.obj (.data._stream)
                  202018d0    0000001c     Lab9Main.o (.data.blueSprite)
                  202018ec    0000001c     Lab9Main.o (.data.redSprite)
                  20201908    00000008     libc.a : exit.c.obj (.data..L_MergedGlobals)
                  20201910    00000004     Clock.o (.data.BusFreq)
                  20201914    00000004     ST7735.o (.data.StX)
                  20201918    00000004     ST7735.o (.data.StY)
                  2020191c    00000004     libc.a : defs.c.obj (.data.__TI_ft_end)
                  20201920    00000004            : _lock.c.obj (.data._lock)
                  20201924    00000004            : _lock.c.obj (.data._unlock)
                  20201928    00000004     Lab9Main.o (.data.sliderY)
                  2020192c    00000004     Lab9Main.o (.data.switchA)
                  20201930    00000004     Lab9Main.o (.data.switchB)
                  20201934    00000004     Lab9Main.o (.data.switchC)
                  20201938    00000004     Lab9Main.o (.data.switchD)
                  2020193c    00000002     ST7735.o (.data.StTextColor)
                  2020193e    00000002     ST7735.o (.data._height)
                  20201940    00000002     ST7735.o (.data._width)
                  20201942    00000002     Lab9Main.o (.data.redCapIndex)
                  20201944    00000002     Lab9Main.o (.data.redPossCapIndex)
                  20201946    00000001     Lab9Main.o (.data.redCaptured)
                  20201947    00000001     Lab9Main.o (.data.redLeftTerritory)
                  20201948    00000001     libsysbm.a : add_device.c.obj (.data.add_device.device_init)
                  20201949    00000001     Lab9Main.o (.data.showRedTrail)
                  2020194a    00000001     Lab9Main.o (.data.updateRedFlag)
                  2020194b    00000001     --HOLE--
                  2020194c    00000001     libc.a : memory.c.obj (.data.memory_is_initialized)
                  2020194d    00000003     --HOLE--
                  20201950    00000001     libsysbm.a : open.c.obj (.data.open.stream_init)

.sysmem    0    20201958    00000200     UNINITIALIZED
                  20201958    00000010     libc.a : memory.c.obj (.sysmem)
                  20201968    000001f0     --HOLE--

.stack     0    20207e00    00000200     UNINITIALIZED
                  20207e00    00000004     libc.a : boot_cortex_m.c.obj (.stack)
                  20207e04    000001fc     --HOLE--

__llvm_prf_cnts 
*          0    20200000    00000000     UNINITIALIZED

__llvm_prf_bits 
*          0    20200000    00000000     UNINITIALIZED

MODULE SUMMARY

       Module                         code    ro data   rw data
       ------                         ----    -------   -------
    .\
       Lab9Main.o                     2066    41248     5524   
       ST7735.o                       2598    1449      17     
       TExaS.o                        720     0         8      
       Clock.o                        516     0         4      
       SPI.o                          440     0         0      
       Timer.o                        316     0         0      
       ADC2.o                         268     0         0      
       LaunchPad.o                    180     0         0      
       ADC1.o                         120     0         0      
       Switch.o                       120     0         0      
       Sound.o                        4       0         0      
       LED.o                          2       0         0      
    +--+------------------------------+-------+---------+---------+
       Total:                         7350    42697     5553   
                                                               
    .\ticlang\
       startup_mspm0g3507_ticlang.o   12      192       0      
    +--+------------------------------+-------+---------+---------+
       Total:                         12      192       0      
                                                               
    C:\ti\ccs1260\ccs\tools\compiler\ti-cgt-armllvm_3.2.1.LTS\lib\armv6m-ti-none-eabi/c/libc.a
       memory.c.obj                   730     0         5      
       fopen.c.obj                    568     0         0      
       defs.c.obj                     0       0         404    
       setvbuf.c.obj                  220     0         0      
       getdevice.c.obj                160     0         0      
       fclose.c.obj                   124     0         0      
       copy_decompress_lzss.c.obj     120     0         0      
       fflush.c.obj                   82      0         0      
       exit.c.obj                     56      0         8      
       autoinit.c.obj                 60      0         0      
       boot_cortex_m.c.obj            40      0         0      
       copy_decompress_none.c.obj     18      0         0      
       memcpy16.S.obj                 18      0         0      
       copy_zero_init.c.obj           16      0         0      
       memset16.S.obj                 14      0         0      
       _lock.c.obj                    2       0         8      
       pre_init.c.obj                 4       0         0      
    +--+------------------------------+-------+---------+---------+
       Total:                         2232    0         425    
                                                               
    C:\ti\ccs1260\ccs\tools\compiler\ti-cgt-armllvm_3.2.1.LTS\lib\armv6m-ti-none-eabi/c/libsysbm.a
       trgmsg.c.obj                   104     0         288    
       add_device.c.obj               236     0         1      
       host_device.c.obj              0       0         200    
       open.c.obj                     168     0         1      
       hostrename.c.obj               140     0         0      
       hostlseek.c.obj                108     0         0      
       hostopen.c.obj                 96      0         8      
       hostread.c.obj                 88      0         0      
       hostwrite.c.obj                88      0         0      
       close.c.obj                    80      0         0      
       hostclose.c.obj                72      0         0      
       hostunlink.c.obj               72      0         0      
       unlink.c.obj                   44      0         0      
       write.c.obj                    40      0         0      
       remove.c.obj                   8       0         0      
    +--+------------------------------+-------+---------+---------+
       Total:                         1344    0         498    
                                                               
    C:\ti\ccs1260\ccs\tools\compiler\ti-cgt-armllvm_3.2.1.LTS\lib\clang/15.0.7/lib/armv6m-ti-none-eabi/libclang_rt.builtins.a
       comparedf2.c.obj               220     0         0      
       aeabi_dcmp.S.obj               98      0         0      
       aeabi_idivmod.S.obj            86      0         0      
       aeabi_uidivmod.S.obj           64      0         0      
       floatsidf.S.obj                44      0         0      
       aeabi_memset.S.obj             12      0         0      
       aeabi_memcpy.S.obj             8       0         0      
       aeabi_div0.c.obj               2       0         0      
    +--+------------------------------+-------+---------+---------+
       Total:                         534     0         0      
                                                               
       Heap:                          0       0         512    
       Stack:                         0       0         512    
       Linker Generated:              0       193       0      
    +--+------------------------------+-------+---------+---------+
       Grand Total:                   11472   43082     7500   


LINKER GENERATED COPY TABLES

__TI_cinit_table @ 0000d51c records: 2, size/record: 8, table size: 16
	.data: load addr=0000d468, load size=0000009d bytes, run addr=20201718, run size=00000239 bytes, compression=lzss
	.bss: load addr=0000d514, load size=00000008 bytes, run addr=20200000, run size=00001717 bytes, compression=zero_init


LINKER GENERATED HANDLER TABLE

__TI_handler_table @ 0000d508 records: 3, size/record: 4, table size: 12
	index: 0, handler: __TI_decompress_lzss
	index: 1, handler: __TI_decompress_none
	index: 2, handler: __TI_zero_init


GLOBAL SYMBOLS: SORTED ALPHABETICALLY BY Name 

address   name                          
-------   ----                          
0000d451  ADC0_IRQHandler               
0000d451  ADC1_IRQHandler               
0000c475  ADC1init                      
0000cd25  ADC2in                        
0000c4ed  ADC2init                      
0000b555  ADC_Init                      
0000d1d1  ADC_Start                     
0000d451  AES_IRQHandler                
0000cea5  ActivatePortA_B               
20201910  BusFreq                       
0000d460  C$$EXIT                       
0000d07d  C$$IO$$                       
0000d451  CANFD0_IRQHandler             
0000d387  Clock_Delay                   
0000cf4d  Clock_Delay1ms                
0000d3f1  Clock_Freq                    
0000adf5  Clock_Init80MHz               
0000cbad  Convert2                      
0000d451  DAC0_IRQHandler               
0000d451  DMA_IRQHandler                
0000d451  Default_Handler               
0000d451  GROUP0_IRQHandler             
0000d451  GROUP1_IRQHandler             
0000cc4d  HOSTclose                     
0000c6bd  HOSTlseek                     
0000c99d  HOSTopen                      
0000c9fd  HOSTread                      
0000c729  HOSTrename                    
0000cc95  HOSTunlink                    
0000ca55  HOSTwrite                     
0000d455  HardFault_Handler             
0000d451  I2C0_IRQHandler               
0000d451  I2C1_IRQHandler               
0000b149  InsidePolygon                 
0000b2c7  LED_Init                      
0000c37d  LaunchPad_Init                
0000d451  NMI_Handler                   
0000d421  PLL_Init                      
0000d451  PendSV_Handler                
0000d451  RTC_IRQHandler                
0000d459  Reset_Handler                 
0000d451  SPI0_IRQHandler               
0000d451  SPI1_IRQHandler               
0000b795  SPI_Init                      
0000ccdd  SPI_OutCommand                
0000cedd  SPI_OutData                   
0000cd69  SPI_Reset                     
0000abe5  ST7735_DrawBitmap             
0000afa9  ST7735_DrawCharS              
0000c5dd  ST7735_DrawPixel              
0000c2f9  ST7735_DrawString             
0000b67d  ST7735_FillRect               
0000d14d  ST7735_FillScreen             
0000c0a9  ST7735_InitPrintf             
0000c145  ST7735_InitR                  
0000bd1d  ST7735_OutChar                
0000cf81  ST7735_SetCursor              
0000d42b  ST7735_close                  
0000d3c7  ST7735_lseek                  
0000d2d5  ST7735_open                   
0000d2eb  ST7735_read                   
0000d3fd  ST7735_rename                 
0000d435  ST7735_unlink                 
0000cfb5  ST7735_write                  
0000d451  SVC_Handler                   
0000c0a7  Sound_Init                    
2020193c  StTextColor                   
20201914  StX                           
20201918  StY                           
0000d301  Switch_InA                    
0000d315  Switch_InB                    
0000d329  Switch_InC                    
0000d33d  Switch_InD                    
0000d1f9  Switch_Init                   
0000c86b  SysTick_Handler               
2020170c  TExaSLogic                    
0000caad  TExaS_Init                    
0000d399  TExaS_LaunchPadLogicPB27PB26  
20201710  TExaSadc                      
0000d451  TIMA0_IRQHandler              
0000d451  TIMA1_IRQHandler              
0000d451  TIMG0_IRQHandler              
0000a791  TIMG12_IRQHandler             
0000d451  TIMG6_IRQHandler              
0000cda9  TIMG7_IRQHandler              
0000d451  TIMG8_IRQHandler              
0000d363  TI_memcpy_small               
0000d3e3  TI_memset_small               
0000c1dd  TimerG12_IntArm               
0000beb5  TimerG7_IntArm                
0000d451  UART0_IRQHandler              
0000d451  UART1_IRQHandler              
0000d451  UART2_IRQHandler              
0000d451  UART3_IRQHandler              
0000bb59  UART_Init                     
20201540  _CIOBUF_                      
20201540  __CIOBUF_                     
20208000  __STACK_END                   
00000200  __STACK_SIZE                  
00000200  __SYSMEM_SIZE                 
00000000  __TI_ATRegion0_region_sz      
00000000  __TI_ATRegion0_src_addr       
00000000  __TI_ATRegion0_trg_addr       
00000000  __TI_ATRegion1_region_sz      
00000000  __TI_ATRegion1_src_addr       
00000000  __TI_ATRegion1_trg_addr       
00000000  __TI_ATRegion2_region_sz      
00000000  __TI_ATRegion2_src_addr       
00000000  __TI_ATRegion2_trg_addr       
0000d51c  __TI_CINIT_Base               
0000d52c  __TI_CINIT_Limit              
0000d52c  __TI_CINIT_Warm               
0000d508  __TI_Handler_Table_Base       
0000d514  __TI_Handler_Table_Limit      
0000ce69  __TI_auto_init_nobinit_nopinit
0000cfe9  __TI_cleanup                  
20201908  __TI_cleanup_ptr              
0000c3f9  __TI_closefile                
0000c565  __TI_decompress_lzss          
0000d375  __TI_decompress_none          
0000cb5b  __TI_doflush                  
2020190c  __TI_dtors_ptr                
2020191c  __TI_ft_end                   
ffffffff  __TI_pprof_out_hndl           
ffffffff  __TI_prof_data_size           
ffffffff  __TI_prof_data_start          
0000d01d  __TI_readmsg                  
00000000  __TI_static_base__            
20201660  __TI_tmpnams                  
0000d051  __TI_writemsg                 
0000d3a9  __TI_zero_init                
0000c939  __aeabi_dcmpeq                
0000c975  __aeabi_dcmpge                
0000c989  __aeabi_dcmpgt                
0000c961  __aeabi_dcmple                
0000c94d  __aeabi_dcmplt                
0000d179  __aeabi_i2d                   
0000cb05  __aeabi_idiv                  
0000c99b  __aeabi_idiv0                 
0000cb05  __aeabi_idivmod               
0000d409  __aeabi_memclr                
0000d409  __aeabi_memclr4               
0000d409  __aeabi_memclr8               
0000d441  __aeabi_memcpy                
0000d441  __aeabi_memcpy4               
0000d441  __aeabi_memcpy8               
0000cde9  __aeabi_uidiv                 
0000cde9  __aeabi_uidivmod              
ffffffff  __binit__                     
0000c795  __cmpdf2                      
0000c795  __eqdf2                       
0000d179  __floatsidf                   
0000c64d  __gedf2                       
0000c64d  __gtdf2                       
0000c795  __ledf2                       
0000c795  __ltdf2                       
UNDEFED   __mpu_init                    
0000c795  __nedf2                       
20207e00  __stack                       
20200000  __start___llvm_prf_bits       
20200000  __start___llvm_prf_cnts       
20200000  __stop___llvm_prf_bits        
20200000  __stop___llvm_prf_cnts        
0000d271  _c_int00_noargs               
20201808  _device                       
20201718  _ftable                       
20201920  _lock                         
0000d2b7  _nop                          
20201880  _stream                       
20201958  _sys_memory                   
UNDEFED   _system_post_cinit            
0000d45d  _system_pre_init              
20201924  _unlock                       
0000d461  abort                         
0000b981  add_device                    
0000b429  aligned_alloc                 
ffffffff  binit                         
0000a5bc  blueChar                      
202018d0  blueSprite                    
0000cbfd  close                         
0000b88d  convexHull                    
0000d085  exit                          
0000bded  fillPolygon                   
0000cf15  finddevice                    
0000d11d  fopen                         
0000ba6d  free                          
0000d0b9  freopen                       
0000c86d  getdevice                     
00000000  interruptVectors              
0000a9c5  main                          
0000d415  malloc                        
0000b429  memalign                      
0000bf5d  open                          
0000c801  orientation                   
000000c0  paperiomap                    
20201700  parmbuf                       
0000a738  pinkTrail                     
20201942  redCapIndex                   
20201946  redCaptured                   
20200000  redCapturedTerritory          
0000a63c  redChar                       
0000a748  redFill                       
20201947  redLeftTerritory              
20201944  redPossCapIndex               
20200b40  redPossibleCapture            
202018ec  redSprite                     
0000d449  remove                        
0000bc41  setvbuf                       
20201949  showRedTrail                  
20201928  sliderY                       
2020192c  switchA                       
20201930  switchB                       
20201934  switchC                       
20201938  switchD                       
0000d1a5  unlink                        
2020194a  updateRedFlag                 
0000d249  write                         


GLOBAL SYMBOLS: SORTED BY Symbol Address 

address   name                          
-------   ----                          
00000000  __TI_ATRegion0_region_sz      
00000000  __TI_ATRegion0_src_addr       
00000000  __TI_ATRegion0_trg_addr       
00000000  __TI_ATRegion1_region_sz      
00000000  __TI_ATRegion1_src_addr       
00000000  __TI_ATRegion1_trg_addr       
00000000  __TI_ATRegion2_region_sz      
00000000  __TI_ATRegion2_src_addr       
00000000  __TI_ATRegion2_trg_addr       
00000000  __TI_static_base__            
00000000  interruptVectors              
000000c0  paperiomap                    
00000200  __STACK_SIZE                  
00000200  __SYSMEM_SIZE                 
0000a5bc  blueChar                      
0000a63c  redChar                       
0000a738  pinkTrail                     
0000a748  redFill                       
0000a791  TIMG12_IRQHandler             
0000a9c5  main                          
0000abe5  ST7735_DrawBitmap             
0000adf5  Clock_Init80MHz               
0000afa9  ST7735_DrawCharS              
0000b149  InsidePolygon                 
0000b2c7  LED_Init                      
0000b429  aligned_alloc                 
0000b429  memalign                      
0000b555  ADC_Init                      
0000b67d  ST7735_FillRect               
0000b795  SPI_Init                      
0000b88d  convexHull                    
0000b981  add_device                    
0000ba6d  free                          
0000bb59  UART_Init                     
0000bc41  setvbuf                       
0000bd1d  ST7735_OutChar                
0000bded  fillPolygon                   
0000beb5  TimerG7_IntArm                
0000bf5d  open                          
0000c0a7  Sound_Init                    
0000c0a9  ST7735_InitPrintf             
0000c145  ST7735_InitR                  
0000c1dd  TimerG12_IntArm               
0000c2f9  ST7735_DrawString             
0000c37d  LaunchPad_Init                
0000c3f9  __TI_closefile                
0000c475  ADC1init                      
0000c4ed  ADC2init                      
0000c565  __TI_decompress_lzss          
0000c5dd  ST7735_DrawPixel              
0000c64d  __gedf2                       
0000c64d  __gtdf2                       
0000c6bd  HOSTlseek                     
0000c729  HOSTrename                    
0000c795  __cmpdf2                      
0000c795  __eqdf2                       
0000c795  __ledf2                       
0000c795  __ltdf2                       
0000c795  __nedf2                       
0000c801  orientation                   
0000c86b  SysTick_Handler               
0000c86d  getdevice                     
0000c939  __aeabi_dcmpeq                
0000c94d  __aeabi_dcmplt                
0000c961  __aeabi_dcmple                
0000c975  __aeabi_dcmpge                
0000c989  __aeabi_dcmpgt                
0000c99b  __aeabi_idiv0                 
0000c99d  HOSTopen                      
0000c9fd  HOSTread                      
0000ca55  HOSTwrite                     
0000caad  TExaS_Init                    
0000cb05  __aeabi_idiv                  
0000cb05  __aeabi_idivmod               
0000cb5b  __TI_doflush                  
0000cbad  Convert2                      
0000cbfd  close                         
0000cc4d  HOSTclose                     
0000cc95  HOSTunlink                    
0000ccdd  SPI_OutCommand                
0000cd25  ADC2in                        
0000cd69  SPI_Reset                     
0000cda9  TIMG7_IRQHandler              
0000cde9  __aeabi_uidiv                 
0000cde9  __aeabi_uidivmod              
0000ce69  __TI_auto_init_nobinit_nopinit
0000cea5  ActivatePortA_B               
0000cedd  SPI_OutData                   
0000cf15  finddevice                    
0000cf4d  Clock_Delay1ms                
0000cf81  ST7735_SetCursor              
0000cfb5  ST7735_write                  
0000cfe9  __TI_cleanup                  
0000d01d  __TI_readmsg                  
0000d051  __TI_writemsg                 
0000d07d  C$$IO$$                       
0000d085  exit                          
0000d0b9  freopen                       
0000d11d  fopen                         
0000d14d  ST7735_FillScreen             
0000d179  __aeabi_i2d                   
0000d179  __floatsidf                   
0000d1a5  unlink                        
0000d1d1  ADC_Start                     
0000d1f9  Switch_Init                   
0000d249  write                         
0000d271  _c_int00_noargs               
0000d2b7  _nop                          
0000d2d5  ST7735_open                   
0000d2eb  ST7735_read                   
0000d301  Switch_InA                    
0000d315  Switch_InB                    
0000d329  Switch_InC                    
0000d33d  Switch_InD                    
0000d363  TI_memcpy_small               
0000d375  __TI_decompress_none          
0000d387  Clock_Delay                   
0000d399  TExaS_LaunchPadLogicPB27PB26  
0000d3a9  __TI_zero_init                
0000d3c7  ST7735_lseek                  
0000d3e3  TI_memset_small               
0000d3f1  Clock_Freq                    
0000d3fd  ST7735_rename                 
0000d409  __aeabi_memclr                
0000d409  __aeabi_memclr4               
0000d409  __aeabi_memclr8               
0000d415  malloc                        
0000d421  PLL_Init                      
0000d42b  ST7735_close                  
0000d435  ST7735_unlink                 
0000d441  __aeabi_memcpy                
0000d441  __aeabi_memcpy4               
0000d441  __aeabi_memcpy8               
0000d449  remove                        
0000d451  ADC0_IRQHandler               
0000d451  ADC1_IRQHandler               
0000d451  AES_IRQHandler                
0000d451  CANFD0_IRQHandler             
0000d451  DAC0_IRQHandler               
0000d451  DMA_IRQHandler                
0000d451  Default_Handler               
0000d451  GROUP0_IRQHandler             
0000d451  GROUP1_IRQHandler             
0000d451  I2C0_IRQHandler               
0000d451  I2C1_IRQHandler               
0000d451  NMI_Handler                   
0000d451  PendSV_Handler                
0000d451  RTC_IRQHandler                
0000d451  SPI0_IRQHandler               
0000d451  SPI1_IRQHandler               
0000d451  SVC_Handler                   
0000d451  TIMA0_IRQHandler              
0000d451  TIMA1_IRQHandler              
0000d451  TIMG0_IRQHandler              
0000d451  TIMG6_IRQHandler              
0000d451  TIMG8_IRQHandler              
0000d451  UART0_IRQHandler              
0000d451  UART1_IRQHandler              
0000d451  UART2_IRQHandler              
0000d451  UART3_IRQHandler              
0000d455  HardFault_Handler             
0000d459  Reset_Handler                 
0000d45d  _system_pre_init              
0000d460  C$$EXIT                       
0000d461  abort                         
0000d508  __TI_Handler_Table_Base       
0000d514  __TI_Handler_Table_Limit      
0000d51c  __TI_CINIT_Base               
0000d52c  __TI_CINIT_Limit              
0000d52c  __TI_CINIT_Warm               
20200000  __start___llvm_prf_bits       
20200000  __start___llvm_prf_cnts       
20200000  __stop___llvm_prf_bits        
20200000  __stop___llvm_prf_cnts        
20200000  redCapturedTerritory          
20200b40  redPossibleCapture            
20201540  _CIOBUF_                      
20201540  __CIOBUF_                     
20201660  __TI_tmpnams                  
20201700  parmbuf                       
2020170c  TExaSLogic                    
20201710  TExaSadc                      
20201718  _ftable                       
20201808  _device                       
20201880  _stream                       
202018d0  blueSprite                    
202018ec  redSprite                     
20201908  __TI_cleanup_ptr              
2020190c  __TI_dtors_ptr                
20201910  BusFreq                       
20201914  StX                           
20201918  StY                           
2020191c  __TI_ft_end                   
20201920  _lock                         
20201924  _unlock                       
20201928  sliderY                       
2020192c  switchA                       
20201930  switchB                       
20201934  switchC                       
20201938  switchD                       
2020193c  StTextColor                   
20201942  redCapIndex                   
20201944  redPossCapIndex               
20201946  redCaptured                   
20201947  redLeftTerritory              
20201949  showRedTrail                  
2020194a  updateRedFlag                 
20201958  _sys_memory                   
20207e00  __stack                       
20208000  __STACK_END                   
ffffffff  __TI_pprof_out_hndl           
ffffffff  __TI_prof_data_size           
ffffffff  __TI_prof_data_start          
ffffffff  __binit__                     
ffffffff  binit                         
UNDEFED   __mpu_init                    
UNDEFED   _system_post_cinit            

[217 symbols]
