******************************************************************************
            TI ARM Clang Linker PC v3.2.1                      
******************************************************************************
>> Linked Tue Apr 16 22:16:05 2024

OUTPUT FILE NAME:   <ECE319K_Lab9.out>
ENTRY POINT SYMBOL: "_c_int00_noargs"  address: 0000bef1


MEMORY CONFIGURATION

         name            origin    length      used     unused   attr    fill
----------------------  --------  ---------  --------  --------  ----  --------
  FLASH                 00000000   00020000  0000c188  00013e78  R  X
  SRAM                  20200000   00008000  000007d8  00007828  RW X
  BCR_CONFIG            41c00000   00000080  00000000  00000080  R   
  BSL_CONFIG            41c00100   00000080  00000000  00000080  R   


SEGMENT ALLOCATION MAP

run origin  load origin   length   init length attrs members
----------  ----------- ---------- ----------- ----- -------
00000000    00000000    0000c188   0000c188    r-x
  00000000    00000000    000000c0   000000c0    r-- .intvecs
  000000c0    000000c0    00009bb0   00009bb0    r-- .rodata
  00009c70    00009c70    00002480   00002480    r-x .text
  0000c0f0    0000c0f0    00000098   00000098    r-- .cinit
20200000    20200000    000005db   00000000    rw-
  20200000    20200000    00000200   00000000    rw- .sysmem
  20200200    20200200    00000201   00000000    rw- .data
  20200404    20200404    000001d7   00000000    rw- .bss
20207e00    20207e00    00000200   00000000    rw-
  20207e00    20207e00    00000200   00000000    rw- .stack


SECTION ALLOCATION MAP

 output                                  attributes/
section   page    origin      length       input sections
--------  ----  ----------  ----------   ----------------
.intvecs   0    00000000    000000c0     
                  00000000    000000c0     startup_mspm0g3507_ticlang.o (.intvecs)

.text      0    00009c70    00002480     
                  00009c70    00000210     ST7735.o (.text.ST7735_DrawBitmap)
                  00009e80    000001b4     Clock.o (.text.Clock_Init80MHz)
                  0000a034    000001a0     ST7735.o (.text.ST7735_DrawCharS)
                  0000a1d4    00000160     libc.a : fopen.c.obj (.text._openfile)
                  0000a334    0000012c            : memory.c.obj (.text.aligned_alloc)
                  0000a460    00000128     TExaS.o (.text.ADC_Init)
                  0000a588    00000118     ST7735.o (.text.ST7735_FillRect)
                  0000a6a0    000000f8     SPI.o (.text.SPI_Init)
                  0000a798    000000ec     libsysbm.a : add_device.c.obj (.text.add_device)
                  0000a884    000000ec     libc.a : memory.c.obj (.text.free)
                  0000a970    000000e8     TExaS.o (.text.UART_Init)
                  0000aa58    000000dc     libc.a : setvbuf.c.obj (.text.setvbuf)
                  0000ab34    000000d0     ST7735.o (.text.ST7735_OutChar)
                  0000ac04    000000a8     Timer.o (.text.TimerG7_IntArm)
                  0000acac    000000a8     libsysbm.a : open.c.obj (.text.open)
                  0000ad54    000000a2     ST7735.o (.text.commandList)
                  0000adf6    00000002     LED.o (.text.LED_Init)
                  0000adf8    0000009c     ST7735.o (.text.ST7735_InitPrintf)
                  0000ae94    00000098     ST7735.o (.text.ST7735_InitR)
                  0000af2c    00000094     Timer.o (.text.TimerG12_IntArm)
                  0000afc0    0000008c     Lab9Main.o (.text.TIMG12_IRQHandler)
                  0000b04c    00000088     ST7735.o (.text.setAddrWindow)
                  0000b0d4    00000084     ST7735.o (.text.ST7735_DrawString)
                  0000b158    0000007c     LaunchPad.o (.text.LaunchPad_Init)
                  0000b1d4    0000007c     libc.a : fclose.c.obj (.text.__TI_closefile)
                  0000b250    00000078     ADC1.o (.text.ADC1init)
                  0000b2c8    00000078     ADC2.o (.text.ADC2init)
                  0000b340    00000078     libc.a : copy_decompress_lzss.c.obj (.text:decompress:lzss)
                  0000b3b8    00000070     ST7735.o (.text.ST7735_DrawPixel)
                  0000b428    0000006c     libsysbm.a : hostlseek.c.obj (.text.HOSTlseek)
                  0000b494    0000006c                : hostrename.c.obj (.text.HOSTrename)
                  0000b500    00000068     libc.a : getdevice.c.obj (.text.getdevice)
                  0000b568    00000064     Lab9Main.o (.text.main)
                  0000b5cc    00000064     libc.a : memory.c.obj (.text.split)
                  0000b630    00000060     libsysbm.a : hostopen.c.obj (.text.HOSTopen)
                  0000b690    00000058                : hostread.c.obj (.text.HOSTread)
                  0000b6e8    00000058                : hostwrite.c.obj (.text.HOSTwrite)
                  0000b740    00000058     TExaS.o (.text.TExaS_Init)
                  0000b798    00000052     libc.a : fflush.c.obj (.text.__TI_doflush)
                  0000b7ea    00000002     Sound.o (.text.Sound_Init)
                  0000b7ec    00000050     libsysbm.a : close.c.obj (.text.close)
                  0000b83c    00000048                : hostclose.c.obj (.text.HOSTclose)
                  0000b884    00000048                : hostunlink.c.obj (.text.HOSTunlink)
                  0000b8cc    00000048     SPI.o (.text.SPI_OutCommand)
                  0000b914    00000044     ADC1.o (.text.ADC1in)
                  0000b958    00000044     ADC2.o (.text.ADC2in)
                  0000b99c    00000040     SPI.o (.text.SPI_Reset)
                  0000b9dc    00000040     TExaS.o (.text.TIMG7_IRQHandler)
                  0000ba1c    00000040     libclang_rt.builtins.a : aeabi_uidivmod.S.obj (.text.__aeabi_uidivmod)
                  0000ba5c    00000040     libc.a : fopen.c.obj (.text._search_fp)
                  0000ba9c    0000003c     ADC1.o (.text.Convert1)
                  0000bad8    0000003c     ADC2.o (.text.Convert2)
                  0000bb14    0000003c     libc.a : autoinit.c.obj (.text:__TI_auto_init_nobinit_nopinit)
                  0000bb50    00000038     LaunchPad.o (.text.ActivatePortA_B)
                  0000bb88    00000038     SPI.o (.text.SPI_OutData)
                  0000bbc0    00000038     libc.a : getdevice.c.obj (.text.finddevice)
                  0000bbf8    00000034     Clock.o (.text.Clock_Delay1ms)
                  0000bc2c    00000034     ST7735.o (.text.ST7735_SetCursor)
                  0000bc60    00000034     ST7735.o (.text.ST7735_write)
                  0000bc94    00000034     libc.a : fopen.c.obj (.text.__TI_cleanup)
                  0000bcc8    00000034     libsysbm.a : trgmsg.c.obj (.text.__TI_readmsg)
                  0000bcfc    00000034                : trgmsg.c.obj (.text.__TI_writemsg)
                  0000bd30    00000034     libc.a : exit.c.obj (.text.exit)
                  0000bd64    00000034            : fopen.c.obj (.text.freopen)
                  0000bd98    00000030     ST7735.o (.text.commonInit)
                  0000bdc8    00000030     libc.a : fopen.c.obj (.text.fopen)
                  0000bdf8    0000002c     ST7735.o (.text.ST7735_FillScreen)
                  0000be24    0000002c     libsysbm.a : unlink.c.obj (.text.unlink)
                  0000be50    00000028     TExaS.o (.text.ADC_Start)
                  0000be78    00000028     Switch.o (.text.Switch_Init)
                  0000bea0    00000028     libc.a : memory.c.obj (.text.free_list_insert)
                  0000bec8    00000028     libsysbm.a : write.c.obj (.text.write)
                  0000bef0    00000028     libc.a : boot_cortex_m.c.obj (.text:_c_int00_noargs)
                  0000bf18    0000001e     ST7735.o (.text.pushColor)
                  0000bf36    00000002     Sound.o (.text.SysTick_Handler)
                  0000bf38    0000001c     libc.a : memory.c.obj (.text.free_list_remove)
                  0000bf54    00000016     ST7735.o (.text.ST7735_open)
                  0000bf6a    00000016     ST7735.o (.text.ST7735_read)
                  0000bf80    00000016     libc.a : copy_zero_init.c.obj (.text:decompress:ZI:__TI_zero_init_nomemset)
                  0000bf96    00000002     libclang_rt.builtins.a : aeabi_div0.c.obj (.text.__aeabi_idiv0)
                  0000bf98    00000014     Switch.o (.text.Switch_InA)
                  0000bfac    00000014     Switch.o (.text.Switch_InB)
                  0000bfc0    00000014     Switch.o (.text.Switch_InC)
                  0000bfd4    00000014     Switch.o (.text.Switch_InD)
                  0000bfe8    00000012     libsysbm.a : hostrename.c.obj (.text.strcpy)
                  0000bffa    00000012     libc.a : memcpy16.S.obj (.text:TI_memcpy_small)
                  0000c00c    00000012            : copy_decompress_none.c.obj (.text:decompress:none)
                  0000c01e    00000010     Clock.o (.text.Clock_Delay)
                  0000c02e    00000002     libc.a : _lock.c.obj (.text._nop)
                  0000c030    00000010     Lab9Main.o (.text.TExaS_LaunchPadLogicPB27PB26)
                  0000c040    0000000e     libc.a : memory.c.obj (.text.OUTLINED_FUNCTION_0)
                  0000c04e    0000000e     ST7735.o (.text.ST7735_lseek)
                  0000c05c    0000000e     libsysbm.a : hostrename.c.obj (.text.strlen)
                  0000c06a    0000000e     libc.a : memset16.S.obj (.text:TI_memset_small)
                  0000c078    0000000c     Clock.o (.text.Clock_Freq)
                  0000c084    0000000c     ST7735.o (.text.ST7735_rename)
                  0000c090    0000000c     libclang_rt.builtins.a : aeabi_memset.S.obj (.text.__aeabi_memclr)
                  0000c09c    0000000c     libc.a : memory.c.obj (.text.malloc)
                  0000c0a8    0000000a     Lab9Main.o (.text.PLL_Init)
                  0000c0b2    0000000a     ST7735.o (.text.ST7735_close)
                  0000c0bc    0000000a     ST7735.o (.text.ST7735_unlink)
                  0000c0c6    00000002     --HOLE-- [fill = 0]
                  0000c0c8    00000008     libclang_rt.builtins.a : aeabi_memcpy.S.obj (.text.__aeabi_memcpy)
                  0000c0d0    00000008     libsysbm.a : remove.c.obj (.text.remove)
                  0000c0d8    00000004     startup_mspm0g3507_ticlang.o (.text.Default_Handler)
                  0000c0dc    00000004     startup_mspm0g3507_ticlang.o (.text.HardFault_Handler)
                  0000c0e0    00000004     startup_mspm0g3507_ticlang.o (.text.Reset_Handler)
                  0000c0e4    00000004     libc.a : pre_init.c.obj (.text._system_pre_init)
                  0000c0e8    00000004            : exit.c.obj (.text:abort)
                  0000c0ec    00000004     --HOLE-- [fill = 0]

.cinit     0    0000c0f0    00000098     
                  0000c0f0    0000006e     (.cinit..data.load) [load image, compression = lzss]
                  0000c15e    00000002     --HOLE-- [fill = 0]
                  0000c160    0000000c     (__TI_handler_table)
                  0000c16c    00000008     (.cinit..bss.load) [load image, compression = zero_init]
                  0000c174    00000010     (__TI_cinit_table)
                  0000c184    00000004     --HOLE-- [fill = 0]

.rodata    0    000000c0    00009bb0     
                  000000c0    00009600     Lab9Main.o (.rodata.paperiomap)
                  000096c0    000004fb     ST7735.o (.rodata.Font)
                  00009bbb    0000003b     ST7735.o (.rodata.Rcmd1)
                  00009bf6    0000002b     ST7735.o (.rodata.Rcmd3)
                  00009c21    00000016     ST7735.o (.rodata.str1.150125634883956314241)
                  00009c37    0000000d     ST7735.o (.rodata.Rcmd2green)
                  00009c44    0000000d     ST7735.o (.rodata.Rcmd2red)
                  00009c51    00000008     ST7735.o (.rodata.str1.143521477748834177251)
                  00009c59    00000007     ST7735.o (.rodata.str1.128575281204556371821)
                  00009c60    00000007     ST7735.o (.rodata.str1.51779164332721195311)
                  00009c67    00000002     ST7735.o (.rodata.str1.147926714926531362981)
                  00009c69    00000007     --HOLE-- [fill = 0]

.init_array 
*          0    00000000    00000000     UNINITIALIZED

.binit     0    00000000    00000000     

.sysmem    0    20200000    00000200     UNINITIALIZED
                  20200000    00000010     libc.a : memory.c.obj (.sysmem)
                  20200010    000001f0     --HOLE--

.data      0    20200200    00000201     UNINITIALIZED
                  20200200    000000f0     libc.a : defs.c.obj (.data._ftable)
                  202002f0    00000078     libsysbm.a : host_device.c.obj (.data._device)
                  20200368    00000050                : host_device.c.obj (.data._stream)
                  202003b8    00000008     libc.a : exit.c.obj (.data..L_MergedGlobals)
                  202003c0    00000004     Clock.o (.data.BusFreq)
                  202003c4    00000004     ST7735.o (.data.StX)
                  202003c8    00000004     ST7735.o (.data.StY)
                  202003cc    00000004     libc.a : defs.c.obj (.data.__TI_ft_end)
                  202003d0    00000004            : _lock.c.obj (.data._lock)
                  202003d4    00000004            : _lock.c.obj (.data._unlock)
                  202003d8    00000004     Lab9Main.o (.data.sliderX)
                  202003dc    00000004     Lab9Main.o (.data.sliderY)
                  202003e0    00000004     Lab9Main.o (.data.switchA)
                  202003e4    00000004     Lab9Main.o (.data.switchB)
                  202003e8    00000004     Lab9Main.o (.data.switchC)
                  202003ec    00000004     Lab9Main.o (.data.switchD)
                  202003f0    00000002     ST7735.o (.data.StTextColor)
                  202003f2    00000002     ST7735.o (.data._height)
                  202003f4    00000002     ST7735.o (.data._width)
                  202003f6    00000002     --HOLE--
                  202003f8    00000001     libsysbm.a : add_device.c.obj (.data.add_device.device_init)
                  202003f9    00000003     --HOLE--
                  202003fc    00000001     libc.a : memory.c.obj (.data.memory_is_initialized)
                  202003fd    00000003     --HOLE--
                  20200400    00000001     libsysbm.a : open.c.obj (.data.open.stream_init)

.bss       0    20200404    000001d7     UNINITIALIZED
                  20200404    00000120     libsysbm.a : trgmsg.c.obj (.bss:_CIOBUF_)
                  20200524    000000a0     libc.a : defs.c.obj (.bss.__TI_tmpnams)
                  202005c4    00000008     libsysbm.a : hostopen.c.obj (.bss.parmbuf)
                  202005cc    00000004     libc.a : memory.c.obj (.bss.sys_free)
                  202005d0    00000004     (.common:TExaSLogic)
                  202005d4    00000004     (.common:TExaSadc)
                  202005d8    00000001     ST7735.o (.bss.ColStart)
                  202005d9    00000001     ST7735.o (.bss.RowStart)
                  202005da    00000001     ST7735.o (.bss.TabColor)

.stack     0    20207e00    00000200     UNINITIALIZED
                  20207e00    00000004     libc.a : boot_cortex_m.c.obj (.stack)
                  20207e04    000001fc     --HOLE--

__llvm_prf_cnts 
*          0    20200000    00000000     UNINITIALIZED

__llvm_prf_bits 
*          0    20200000    00000000     UNINITIALIZED

MODULE SUMMARY

       Module                         code   ro data   rw data
       ------                         ----   -------   -------
    .\
       Lab9Main.o                     266    38400     24     
       ST7735.o                       2598   1449      17     
       TExaS.o                        720    0         8      
       Clock.o                        516    0         4      
       SPI.o                          440    0         0      
       Timer.o                        316    0         0      
       ADC1.o                         248    0         0      
       ADC2.o                         248    0         0      
       LaunchPad.o                    180    0         0      
       Switch.o                       120    0         0      
       Sound.o                        4      0         0      
       LED.o                          2      0         0      
    +--+------------------------------+------+---------+---------+
       Total:                         5658   39849     53     
                                                              
    .\ticlang\
       startup_mspm0g3507_ticlang.o   12     192       0      
    +--+------------------------------+------+---------+---------+
       Total:                         12     192       0      
                                                              
    C:\ti\ccs1260\ccs\tools\compiler\ti-cgt-armllvm_3.2.1.LTS\lib\armv6m-ti-none-eabi/c/libc.a
       memory.c.obj                   730    0         5      
       fopen.c.obj                    568    0         0      
       defs.c.obj                     0      0         404    
       setvbuf.c.obj                  220    0         0      
       getdevice.c.obj                160    0         0      
       fclose.c.obj                   124    0         0      
       copy_decompress_lzss.c.obj     120    0         0      
       fflush.c.obj                   82     0         0      
       exit.c.obj                     56     0         8      
       autoinit.c.obj                 60     0         0      
       boot_cortex_m.c.obj            40     0         0      
       copy_zero_init.c.obj           22     0         0      
       copy_decompress_none.c.obj     18     0         0      
       memcpy16.S.obj                 18     0         0      
       memset16.S.obj                 14     0         0      
       _lock.c.obj                    2      0         8      
       pre_init.c.obj                 4      0         0      
    +--+------------------------------+------+---------+---------+
       Total:                         2238   0         425    
                                                              
    C:\ti\ccs1260\ccs\tools\compiler\ti-cgt-armllvm_3.2.1.LTS\lib\armv6m-ti-none-eabi/c/libsysbm.a
       trgmsg.c.obj                   104    0         288    
       add_device.c.obj               236    0         1      
       host_device.c.obj              0      0         200    
       open.c.obj                     168    0         1      
       hostrename.c.obj               140    0         0      
       hostlseek.c.obj                108    0         0      
       hostopen.c.obj                 96     0         8      
       hostread.c.obj                 88     0         0      
       hostwrite.c.obj                88     0         0      
       close.c.obj                    80     0         0      
       hostclose.c.obj                72     0         0      
       hostunlink.c.obj               72     0         0      
       unlink.c.obj                   44     0         0      
       write.c.obj                    40     0         0      
       remove.c.obj                   8      0         0      
    +--+------------------------------+------+---------+---------+
       Total:                         1344   0         498    
                                                              
    C:\ti\ccs1260\ccs\tools\compiler\ti-cgt-armllvm_3.2.1.LTS\lib\clang/15.0.7/lib/armv6m-ti-none-eabi/libclang_rt.builtins.a
       aeabi_uidivmod.S.obj           64     0         0      
       aeabi_memset.S.obj             12     0         0      
       aeabi_memcpy.S.obj             8      0         0      
       aeabi_div0.c.obj               2      0         0      
    +--+------------------------------+------+---------+---------+
       Total:                         86     0         0      
                                                              
       Heap:                          0      0         512    
       Stack:                         0      0         512    
       Linker Generated:              0      146       0      
    +--+------------------------------+------+---------+---------+
       Grand Total:                   9338   40187     2000   


LINKER GENERATED COPY TABLES

__TI_cinit_table @ 0000c174 records: 2, size/record: 8, table size: 16
	.data: load addr=0000c0f0, load size=0000006e bytes, run addr=20200200, run size=00000201 bytes, compression=lzss
	.bss: load addr=0000c16c, load size=00000008 bytes, run addr=20200404, run size=000001d7 bytes, compression=zero_init


LINKER GENERATED HANDLER TABLE

__TI_handler_table @ 0000c160 records: 3, size/record: 4, table size: 12
	index: 0, handler: __TI_decompress_lzss
	index: 1, handler: __TI_decompress_none
	index: 2, handler: __TI_zero_init


GLOBAL SYMBOLS: SORTED ALPHABETICALLY BY Name 

address   name                          
-------   ----                          
0000c0d9  ADC0_IRQHandler               
0000c0d9  ADC1_IRQHandler               
0000b915  ADC1in                        
0000b251  ADC1init                      
0000b959  ADC2in                        
0000b2c9  ADC2init                      
0000a461  ADC_Init                      
0000be51  ADC_Start                     
0000c0d9  AES_IRQHandler                
0000bb51  ActivatePortA_B               
202003c0  BusFreq                       
0000c0e8  C$$EXIT                       
0000bd29  C$$IO$$                       
0000c0d9  CANFD0_IRQHandler             
0000c01f  Clock_Delay                   
0000bbf9  Clock_Delay1ms                
0000c079  Clock_Freq                    
00009e81  Clock_Init80MHz               
0000ba9d  Convert1                      
0000bad9  Convert2                      
0000c0d9  DAC0_IRQHandler               
0000c0d9  DMA_IRQHandler                
0000c0d9  Default_Handler               
0000c0d9  GROUP0_IRQHandler             
0000c0d9  GROUP1_IRQHandler             
0000b83d  HOSTclose                     
0000b429  HOSTlseek                     
0000b631  HOSTopen                      
0000b691  HOSTread                      
0000b495  HOSTrename                    
0000b885  HOSTunlink                    
0000b6e9  HOSTwrite                     
0000c0dd  HardFault_Handler             
0000c0d9  I2C0_IRQHandler               
0000c0d9  I2C1_IRQHandler               
0000adf7  LED_Init                      
0000b159  LaunchPad_Init                
0000c0d9  NMI_Handler                   
0000c0a9  PLL_Init                      
0000c0d9  PendSV_Handler                
0000c0d9  RTC_IRQHandler                
0000c0e1  Reset_Handler                 
0000c0d9  SPI0_IRQHandler               
0000c0d9  SPI1_IRQHandler               
0000a6a1  SPI_Init                      
0000b8cd  SPI_OutCommand                
0000bb89  SPI_OutData                   
0000b99d  SPI_Reset                     
00009c71  ST7735_DrawBitmap             
0000a035  ST7735_DrawCharS              
0000b3b9  ST7735_DrawPixel              
0000b0d5  ST7735_DrawString             
0000a589  ST7735_FillRect               
0000bdf9  ST7735_FillScreen             
0000adf9  ST7735_InitPrintf             
0000ae95  ST7735_InitR                  
0000ab35  ST7735_OutChar                
0000bc2d  ST7735_SetCursor              
0000c0b3  ST7735_close                  
0000c04f  ST7735_lseek                  
0000bf55  ST7735_open                   
0000bf6b  ST7735_read                   
0000c085  ST7735_rename                 
0000c0bd  ST7735_unlink                 
0000bc61  ST7735_write                  
0000c0d9  SVC_Handler                   
0000b7eb  Sound_Init                    
202003f0  StTextColor                   
202003c4  StX                           
202003c8  StY                           
0000bf99  Switch_InA                    
0000bfad  Switch_InB                    
0000bfc1  Switch_InC                    
0000bfd5  Switch_InD                    
0000be79  Switch_Init                   
0000bf37  SysTick_Handler               
202005d0  TExaSLogic                    
0000b741  TExaS_Init                    
0000c031  TExaS_LaunchPadLogicPB27PB26  
202005d4  TExaSadc                      
0000c0d9  TIMA0_IRQHandler              
0000c0d9  TIMA1_IRQHandler              
0000c0d9  TIMG0_IRQHandler              
0000afc1  TIMG12_IRQHandler             
0000c0d9  TIMG6_IRQHandler              
0000b9dd  TIMG7_IRQHandler              
0000c0d9  TIMG8_IRQHandler              
0000bffb  TI_memcpy_small               
0000c06b  TI_memset_small               
0000af2d  TimerG12_IntArm               
0000ac05  TimerG7_IntArm                
0000c0d9  UART0_IRQHandler              
0000c0d9  UART1_IRQHandler              
0000c0d9  UART2_IRQHandler              
0000c0d9  UART3_IRQHandler              
0000a971  UART_Init                     
20200404  _CIOBUF_                      
20200404  __CIOBUF_                     
20208000  __STACK_END                   
00000200  __STACK_SIZE                  
00000200  __SYSMEM_SIZE                 
00000000  __TI_ATRegion0_region_sz      
00000000  __TI_ATRegion0_src_addr       
00000000  __TI_ATRegion0_trg_addr       
00000000  __TI_ATRegion1_region_sz      
00000000  __TI_ATRegion1_src_addr       
00000000  __TI_ATRegion1_trg_addr       
00000000  __TI_ATRegion2_region_sz      
00000000  __TI_ATRegion2_src_addr       
00000000  __TI_ATRegion2_trg_addr       
0000c174  __TI_CINIT_Base               
0000c184  __TI_CINIT_Limit              
0000c184  __TI_CINIT_Warm               
0000c160  __TI_Handler_Table_Base       
0000c16c  __TI_Handler_Table_Limit      
0000bb15  __TI_auto_init_nobinit_nopinit
0000bc95  __TI_cleanup                  
202003b8  __TI_cleanup_ptr              
0000b1d5  __TI_closefile                
0000b341  __TI_decompress_lzss          
0000c00d  __TI_decompress_none          
0000b799  __TI_doflush                  
202003bc  __TI_dtors_ptr                
202003cc  __TI_ft_end                   
ffffffff  __TI_pprof_out_hndl           
ffffffff  __TI_prof_data_size           
ffffffff  __TI_prof_data_start          
0000bcc9  __TI_readmsg                  
00000000  __TI_static_base__            
20200524  __TI_tmpnams                  
0000bcfd  __TI_writemsg                 
0000bf81  __TI_zero_init_nomemset       
0000bf97  __aeabi_idiv0                 
0000c091  __aeabi_memclr                
0000c091  __aeabi_memclr4               
0000c091  __aeabi_memclr8               
0000c0c9  __aeabi_memcpy                
0000c0c9  __aeabi_memcpy4               
0000c0c9  __aeabi_memcpy8               
0000ba1d  __aeabi_uidiv                 
0000ba1d  __aeabi_uidivmod              
ffffffff  __binit__                     
UNDEFED   __mpu_init                    
20207e00  __stack                       
20200000  __start___llvm_prf_bits       
20200000  __start___llvm_prf_cnts       
20200000  __stop___llvm_prf_bits        
20200000  __stop___llvm_prf_cnts        
0000bef1  _c_int00_noargs               
202002f0  _device                       
20200200  _ftable                       
202003d0  _lock                         
0000c02f  _nop                          
20200368  _stream                       
20200000  _sys_memory                   
UNDEFED   _system_post_cinit            
0000c0e5  _system_pre_init              
202003d4  _unlock                       
0000c0e9  abort                         
0000a799  add_device                    
0000a335  aligned_alloc                 
ffffffff  binit                         
0000b7ed  close                         
0000bd31  exit                          
0000bbc1  finddevice                    
0000bdc9  fopen                         
0000a885  free                          
0000bd65  freopen                       
0000b501  getdevice                     
00000000  interruptVectors              
0000b569  main                          
0000c09d  malloc                        
0000a335  memalign                      
0000acad  open                          
000000c0  paperiomap                    
202005c4  parmbuf                       
0000c0d1  remove                        
0000aa59  setvbuf                       
202003d8  sliderX                       
202003dc  sliderY                       
202003e0  switchA                       
202003e4  switchB                       
202003e8  switchC                       
202003ec  switchD                       
0000be25  unlink                        
0000bec9  write                         


GLOBAL SYMBOLS: SORTED BY Symbol Address 

address   name                          
-------   ----                          
00000000  __TI_ATRegion0_region_sz      
00000000  __TI_ATRegion0_src_addr       
00000000  __TI_ATRegion0_trg_addr       
00000000  __TI_ATRegion1_region_sz      
00000000  __TI_ATRegion1_src_addr       
00000000  __TI_ATRegion1_trg_addr       
00000000  __TI_ATRegion2_region_sz      
00000000  __TI_ATRegion2_src_addr       
00000000  __TI_ATRegion2_trg_addr       
00000000  __TI_static_base__            
00000000  interruptVectors              
000000c0  paperiomap                    
00000200  __STACK_SIZE                  
00000200  __SYSMEM_SIZE                 
00009c71  ST7735_DrawBitmap             
00009e81  Clock_Init80MHz               
0000a035  ST7735_DrawCharS              
0000a335  aligned_alloc                 
0000a335  memalign                      
0000a461  ADC_Init                      
0000a589  ST7735_FillRect               
0000a6a1  SPI_Init                      
0000a799  add_device                    
0000a885  free                          
0000a971  UART_Init                     
0000aa59  setvbuf                       
0000ab35  ST7735_OutChar                
0000ac05  TimerG7_IntArm                
0000acad  open                          
0000adf7  LED_Init                      
0000adf9  ST7735_InitPrintf             
0000ae95  ST7735_InitR                  
0000af2d  TimerG12_IntArm               
0000afc1  TIMG12_IRQHandler             
0000b0d5  ST7735_DrawString             
0000b159  LaunchPad_Init                
0000b1d5  __TI_closefile                
0000b251  ADC1init                      
0000b2c9  ADC2init                      
0000b341  __TI_decompress_lzss          
0000b3b9  ST7735_DrawPixel              
0000b429  HOSTlseek                     
0000b495  HOSTrename                    
0000b501  getdevice                     
0000b569  main                          
0000b631  HOSTopen                      
0000b691  HOSTread                      
0000b6e9  HOSTwrite                     
0000b741  TExaS_Init                    
0000b799  __TI_doflush                  
0000b7eb  Sound_Init                    
0000b7ed  close                         
0000b83d  HOSTclose                     
0000b885  HOSTunlink                    
0000b8cd  SPI_OutCommand                
0000b915  ADC1in                        
0000b959  ADC2in                        
0000b99d  SPI_Reset                     
0000b9dd  TIMG7_IRQHandler              
0000ba1d  __aeabi_uidiv                 
0000ba1d  __aeabi_uidivmod              
0000ba9d  Convert1                      
0000bad9  Convert2                      
0000bb15  __TI_auto_init_nobinit_nopinit
0000bb51  ActivatePortA_B               
0000bb89  SPI_OutData                   
0000bbc1  finddevice                    
0000bbf9  Clock_Delay1ms                
0000bc2d  ST7735_SetCursor              
0000bc61  ST7735_write                  
0000bc95  __TI_cleanup                  
0000bcc9  __TI_readmsg                  
0000bcfd  __TI_writemsg                 
0000bd29  C$$IO$$                       
0000bd31  exit                          
0000bd65  freopen                       
0000bdc9  fopen                         
0000bdf9  ST7735_FillScreen             
0000be25  unlink                        
0000be51  ADC_Start                     
0000be79  Switch_Init                   
0000bec9  write                         
0000bef1  _c_int00_noargs               
0000bf37  SysTick_Handler               
0000bf55  ST7735_open                   
0000bf6b  ST7735_read                   
0000bf81  __TI_zero_init_nomemset       
0000bf97  __aeabi_idiv0                 
0000bf99  Switch_InA                    
0000bfad  Switch_InB                    
0000bfc1  Switch_InC                    
0000bfd5  Switch_InD                    
0000bffb  TI_memcpy_small               
0000c00d  __TI_decompress_none          
0000c01f  Clock_Delay                   
0000c02f  _nop                          
0000c031  TExaS_LaunchPadLogicPB27PB26  
0000c04f  ST7735_lseek                  
0000c06b  TI_memset_small               
0000c079  Clock_Freq                    
0000c085  ST7735_rename                 
0000c091  __aeabi_memclr                
0000c091  __aeabi_memclr4               
0000c091  __aeabi_memclr8               
0000c09d  malloc                        
0000c0a9  PLL_Init                      
0000c0b3  ST7735_close                  
0000c0bd  ST7735_unlink                 
0000c0c9  __aeabi_memcpy                
0000c0c9  __aeabi_memcpy4               
0000c0c9  __aeabi_memcpy8               
0000c0d1  remove                        
0000c0d9  ADC0_IRQHandler               
0000c0d9  ADC1_IRQHandler               
0000c0d9  AES_IRQHandler                
0000c0d9  CANFD0_IRQHandler             
0000c0d9  DAC0_IRQHandler               
0000c0d9  DMA_IRQHandler                
0000c0d9  Default_Handler               
0000c0d9  GROUP0_IRQHandler             
0000c0d9  GROUP1_IRQHandler             
0000c0d9  I2C0_IRQHandler               
0000c0d9  I2C1_IRQHandler               
0000c0d9  NMI_Handler                   
0000c0d9  PendSV_Handler                
0000c0d9  RTC_IRQHandler                
0000c0d9  SPI0_IRQHandler               
0000c0d9  SPI1_IRQHandler               
0000c0d9  SVC_Handler                   
0000c0d9  TIMA0_IRQHandler              
0000c0d9  TIMA1_IRQHandler              
0000c0d9  TIMG0_IRQHandler              
0000c0d9  TIMG6_IRQHandler              
0000c0d9  TIMG8_IRQHandler              
0000c0d9  UART0_IRQHandler              
0000c0d9  UART1_IRQHandler              
0000c0d9  UART2_IRQHandler              
0000c0d9  UART3_IRQHandler              
0000c0dd  HardFault_Handler             
0000c0e1  Reset_Handler                 
0000c0e5  _system_pre_init              
0000c0e8  C$$EXIT                       
0000c0e9  abort                         
0000c160  __TI_Handler_Table_Base       
0000c16c  __TI_Handler_Table_Limit      
0000c174  __TI_CINIT_Base               
0000c184  __TI_CINIT_Limit              
0000c184  __TI_CINIT_Warm               
20200000  __start___llvm_prf_bits       
20200000  __start___llvm_prf_cnts       
20200000  __stop___llvm_prf_bits        
20200000  __stop___llvm_prf_cnts        
20200000  _sys_memory                   
20200200  _ftable                       
202002f0  _device                       
20200368  _stream                       
202003b8  __TI_cleanup_ptr              
202003bc  __TI_dtors_ptr                
202003c0  BusFreq                       
202003c4  StX                           
202003c8  StY                           
202003cc  __TI_ft_end                   
202003d0  _lock                         
202003d4  _unlock                       
202003d8  sliderX                       
202003dc  sliderY                       
202003e0  switchA                       
202003e4  switchB                       
202003e8  switchC                       
202003ec  switchD                       
202003f0  StTextColor                   
20200404  _CIOBUF_                      
20200404  __CIOBUF_                     
20200524  __TI_tmpnams                  
202005c4  parmbuf                       
202005d0  TExaSLogic                    
202005d4  TExaSadc                      
20207e00  __stack                       
20208000  __STACK_END                   
ffffffff  __TI_pprof_out_hndl           
ffffffff  __TI_prof_data_size           
ffffffff  __TI_prof_data_start          
ffffffff  __binit__                     
ffffffff  binit                         
UNDEFED   __mpu_init                    
UNDEFED   _system_post_cinit            

[186 symbols]
