******************************************************************************
            TI ARM Clang Linker PC v3.2.1                      
******************************************************************************
>> Linked Thu Apr 18 21:29:13 2024

OUTPUT FILE NAME:   <ECE319K_Lab9.out>
ENTRY POINT SYMBOL: "_c_int00_noargs"  address: 0000d0a5


MEMORY CONFIGURATION

         name            origin    length      used     unused   attr    fill
----------------------  --------  ---------  --------  --------  ----  --------
  FLASH                 00000000   00020000  0000d360  00012ca0  R  X
  SRAM                  20200000   00008000  00002110  00005ef0  RW X
  BCR_CONFIG            41c00000   00000080  00000000  00000080  R   
  BSL_CONFIG            41c00100   00000080  00000000  00000080  R   


SEGMENT ALLOCATION MAP

run origin  load origin   length   init length attrs members
----------  ----------- ---------- ----------- ----- -------
00000000    00000000    0000d360   0000d360    r-x
  00000000    00000000    000000c0   000000c0    r-- .intvecs
  000000c0    000000c0    0000a6d0   0000a6d0    r-- .rodata
  0000a790    0000a790    00002b08   00002b08    r-x .text
  0000d298    0000d298    000000c8   000000c8    r-- .cinit
20200000    20200000    00001f18   00000000    rw-
  20200000    20200000    00001ad7   00000000    rw- .bss
  20201ad8    20201ad8    00000239   00000000    rw- .data
  20201d18    20201d18    00000200   00000000    rw- .sysmem
20207e00    20207e00    00000200   00000000    rw-
  20207e00    20207e00    00000200   00000000    rw- .stack


SECTION ALLOCATION MAP

 output                                  attributes/
section   page    origin      length       input sections
--------  ----  ----------  ----------   ----------------
.intvecs   0    00000000    000000c0     
                  00000000    000000c0     startup_mspm0g3507_ticlang.o (.intvecs)

.text      0    0000a790    00002b08     
                  0000a790    0000023c     Lab9Main.o (.text.TIMG12_IRQHandler)
                  0000a9cc    00000224     Lab9Main.o (.text.main)
                  0000abf0    00000210     ST7735.o (.text.ST7735_DrawBitmap)
                  0000ae00    000001b4     Clock.o (.text.Clock_Init80MHz)
                  0000afb4    000001a0     ST7735.o (.text.ST7735_DrawCharS)
                  0000b154    00000160     libc.a : fopen.c.obj (.text._openfile)
                  0000b2b4    0000012c            : memory.c.obj (.text.aligned_alloc)
                  0000b3e0    00000128     TExaS.o (.text.ADC_Init)
                  0000b508    00000118     ST7735.o (.text.ST7735_FillRect)
                  0000b620    00000104     Lab9Main.o (.text.convexHull)
                  0000b724    000000f8     SPI.o (.text.SPI_Init)
                  0000b81c    000000f6     Lab9Main.o (.text.isInsideConvexHull)
                  0000b912    00000002     LED.o (.text.LED_Init)
                  0000b914    000000ec     libsysbm.a : add_device.c.obj (.text.add_device)
                  0000ba00    000000ec     libc.a : memory.c.obj (.text.free)
                  0000baec    000000e8     TExaS.o (.text.UART_Init)
                  0000bbd4    000000dc     libc.a : setvbuf.c.obj (.text.setvbuf)
                  0000bcb0    000000d0     ST7735.o (.text.ST7735_OutChar)
                  0000bd80    000000a8     Timer.o (.text.TimerG7_IntArm)
                  0000be28    000000a8     libsysbm.a : open.c.obj (.text.open)
                  0000bed0    000000a2     ST7735.o (.text.commandList)
                  0000bf72    00000002     Sound.o (.text.Sound_Init)
                  0000bf74    0000009c     ST7735.o (.text.ST7735_InitPrintf)
                  0000c010    00000098     ST7735.o (.text.ST7735_InitR)
                  0000c0a8    00000094     Timer.o (.text.TimerG12_IntArm)
                  0000c13c    00000090     Lab9Main.o (.text.fillPolygon)
                  0000c1cc    00000088     ST7735.o (.text.setAddrWindow)
                  0000c254    00000084     ST7735.o (.text.ST7735_DrawString)
                  0000c2d8    0000007c     LaunchPad.o (.text.LaunchPad_Init)
                  0000c354    0000007c     libc.a : fclose.c.obj (.text.__TI_closefile)
                  0000c3d0    00000078     ADC1.o (.text.ADC1init)
                  0000c448    00000078     ADC2.o (.text.ADC2init)
                  0000c4c0    00000078     libc.a : copy_decompress_lzss.c.obj (.text:decompress:lzss)
                  0000c538    00000070     ST7735.o (.text.ST7735_DrawPixel)
                  0000c5a8    0000006c     libsysbm.a : hostlseek.c.obj (.text.HOSTlseek)
                  0000c614    0000006c                : hostrename.c.obj (.text.HOSTrename)
                  0000c680    0000006a     Lab9Main.o (.text.orientation)
                  0000c6ea    00000002     Sound.o (.text.SysTick_Handler)
                  0000c6ec    00000068     libc.a : getdevice.c.obj (.text.getdevice)
                  0000c754    00000064            : memory.c.obj (.text.split)
                  0000c7b8    00000060     libsysbm.a : hostopen.c.obj (.text.HOSTopen)
                  0000c818    00000058                : hostread.c.obj (.text.HOSTread)
                  0000c870    00000058                : hostwrite.c.obj (.text.HOSTwrite)
                  0000c8c8    00000058     TExaS.o (.text.TExaS_Init)
                  0000c920    00000056     libclang_rt.builtins.a : aeabi_idivmod.S.obj (.text.__aeabi_idivmod)
                  0000c976    00000052     libc.a : fflush.c.obj (.text.__TI_doflush)
                  0000c9c8    00000050     ADC2.o (.text.Convert2)
                  0000ca18    00000050     libsysbm.a : close.c.obj (.text.close)
                  0000ca68    00000048                : hostclose.c.obj (.text.HOSTclose)
                  0000cab0    00000048                : hostunlink.c.obj (.text.HOSTunlink)
                  0000caf8    00000048     SPI.o (.text.SPI_OutCommand)
                  0000cb40    00000044     ADC2.o (.text.ADC2in)
                  0000cb84    00000042     Lab9Main.o (.text.crossProduct)
                  0000cbc6    00000002     libclang_rt.builtins.a : aeabi_div0.c.obj (.text.__aeabi_idiv0)
                  0000cbc8    00000040     SPI.o (.text.SPI_Reset)
                  0000cc08    00000040     TExaS.o (.text.TIMG7_IRQHandler)
                  0000cc48    00000040     libclang_rt.builtins.a : aeabi_uidivmod.S.obj (.text.__aeabi_uidivmod)
                  0000cc88    00000040     libc.a : fopen.c.obj (.text._search_fp)
                  0000ccc8    0000003c            : autoinit.c.obj (.text:__TI_auto_init_nobinit_nopinit)
                  0000cd04    00000038     LaunchPad.o (.text.ActivatePortA_B)
                  0000cd3c    00000038     SPI.o (.text.SPI_OutData)
                  0000cd74    00000038     libc.a : getdevice.c.obj (.text.finddevice)
                  0000cdac    00000034     Clock.o (.text.Clock_Delay1ms)
                  0000cde0    00000034     ST7735.o (.text.ST7735_SetCursor)
                  0000ce14    00000034     ST7735.o (.text.ST7735_write)
                  0000ce48    00000034     libc.a : fopen.c.obj (.text.__TI_cleanup)
                  0000ce7c    00000034     libsysbm.a : trgmsg.c.obj (.text.__TI_readmsg)
                  0000ceb0    00000034                : trgmsg.c.obj (.text.__TI_writemsg)
                  0000cee4    00000034     libc.a : exit.c.obj (.text.exit)
                  0000cf18    00000034            : fopen.c.obj (.text.freopen)
                  0000cf4c    00000030     ST7735.o (.text.commonInit)
                  0000cf7c    00000030     libc.a : fopen.c.obj (.text.fopen)
                  0000cfac    0000002c     ST7735.o (.text.ST7735_FillScreen)
                  0000cfd8    0000002c     libsysbm.a : unlink.c.obj (.text.unlink)
                  0000d004    00000028     TExaS.o (.text.ADC_Start)
                  0000d02c    00000028     Switch.o (.text.Switch_Init)
                  0000d054    00000028     libc.a : memory.c.obj (.text.free_list_insert)
                  0000d07c    00000028     libsysbm.a : write.c.obj (.text.write)
                  0000d0a4    00000028     libc.a : boot_cortex_m.c.obj (.text:_c_int00_noargs)
                  0000d0cc    0000001e     ST7735.o (.text.pushColor)
                  0000d0ea    00000002     libc.a : _lock.c.obj (.text._nop)
                  0000d0ec    0000001c            : memory.c.obj (.text.free_list_remove)
                  0000d108    00000016     ST7735.o (.text.ST7735_open)
                  0000d11e    00000016     ST7735.o (.text.ST7735_read)
                  0000d134    00000014     Switch.o (.text.Switch_InA)
                  0000d148    00000014     Switch.o (.text.Switch_InB)
                  0000d15c    00000014     Switch.o (.text.Switch_InC)
                  0000d170    00000014     Switch.o (.text.Switch_InD)
                  0000d184    00000012     libsysbm.a : hostrename.c.obj (.text.strcpy)
                  0000d196    00000012     libc.a : memcpy16.S.obj (.text:TI_memcpy_small)
                  0000d1a8    00000012            : copy_decompress_none.c.obj (.text:decompress:none)
                  0000d1ba    00000010     Clock.o (.text.Clock_Delay)
                  0000d1ca    00000002     --HOLE-- [fill = 0]
                  0000d1cc    00000010     Lab9Main.o (.text.TExaS_LaunchPadLogicPB27PB26)
                  0000d1dc    00000010     libc.a : copy_zero_init.c.obj (.text:decompress:ZI)
                  0000d1ec    0000000e            : memory.c.obj (.text.OUTLINED_FUNCTION_0)
                  0000d1fa    0000000e     ST7735.o (.text.ST7735_lseek)
                  0000d208    0000000e     libsysbm.a : hostrename.c.obj (.text.strlen)
                  0000d216    0000000e     libc.a : memset16.S.obj (.text:TI_memset_small)
                  0000d224    0000000c     Clock.o (.text.Clock_Freq)
                  0000d230    0000000c     ST7735.o (.text.ST7735_rename)
                  0000d23c    0000000c     libclang_rt.builtins.a : aeabi_memset.S.obj (.text.__aeabi_memclr)
                  0000d248    0000000c     libc.a : memory.c.obj (.text.malloc)
                  0000d254    0000000a     Lab9Main.o (.text.PLL_Init)
                  0000d25e    0000000a     ST7735.o (.text.ST7735_close)
                  0000d268    0000000a     ST7735.o (.text.ST7735_unlink)
                  0000d272    00000002     --HOLE-- [fill = 0]
                  0000d274    00000008     libclang_rt.builtins.a : aeabi_memcpy.S.obj (.text.__aeabi_memcpy)
                  0000d27c    00000008     libsysbm.a : remove.c.obj (.text.remove)
                  0000d284    00000004     startup_mspm0g3507_ticlang.o (.text.Default_Handler)
                  0000d288    00000004     startup_mspm0g3507_ticlang.o (.text.HardFault_Handler)
                  0000d28c    00000004     startup_mspm0g3507_ticlang.o (.text.Reset_Handler)
                  0000d290    00000004     libc.a : pre_init.c.obj (.text._system_pre_init)
                  0000d294    00000004            : exit.c.obj (.text:abort)

.cinit     0    0000d298    000000c8     
                  0000d298    0000009f     (.cinit..data.load) [load image, compression = lzss]
                  0000d337    00000001     --HOLE-- [fill = 0]
                  0000d338    0000000c     (__TI_handler_table)
                  0000d344    00000008     (.cinit..bss.load) [load image, compression = zero_init]
                  0000d34c    00000010     (__TI_cinit_table)
                  0000d35c    00000004     --HOLE-- [fill = 0]

.rodata    0    000000c0    0000a6d0     
                  000000c0    0000a000     Lab9Main.o (.rodata.paperiomap)
                  0000a0c0    000004fb     ST7735.o (.rodata.Font)
                  0000a5bb    00000001     --HOLE-- [fill = 0]
                  0000a5bc    00000080     Lab9Main.o (.rodata.blueChar)
                  0000a63c    00000080     Lab9Main.o (.rodata.redChar)
                  0000a6bc    0000003b     ST7735.o (.rodata.Rcmd1)
                  0000a6f7    0000002b     ST7735.o (.rodata.Rcmd3)
                  0000a722    00000016     ST7735.o (.rodata.str1.150125634883956314241)
                  0000a738    00000010     Lab9Main.o (.rodata.pinkTrail)
                  0000a748    00000010     Lab9Main.o (.rodata.redFill)
                  0000a758    0000000d     ST7735.o (.rodata.Rcmd2green)
                  0000a765    0000000d     ST7735.o (.rodata.Rcmd2red)
                  0000a772    00000008     ST7735.o (.rodata.str1.143521477748834177251)
                  0000a77a    00000007     ST7735.o (.rodata.str1.128575281204556371821)
                  0000a781    00000007     ST7735.o (.rodata.str1.51779164332721195311)
                  0000a788    00000002     ST7735.o (.rodata.str1.147926714926531362981)
                  0000a78a    00000006     --HOLE-- [fill = 0]

.init_array 
*          0    00000000    00000000     UNINITIALIZED

.binit     0    00000000    00000000     

.bss       0    20200000    00001ad7     UNINITIALIZED
                  20200000    00000f00     (.common:redCapturedTerritory)
                  20200f00    00000a00     (.common:redPossibleCapture)
                  20201900    00000120     libsysbm.a : trgmsg.c.obj (.bss:_CIOBUF_)
                  20201a20    000000a0     libc.a : defs.c.obj (.bss.__TI_tmpnams)
                  20201ac0    00000008     libsysbm.a : hostopen.c.obj (.bss.parmbuf)
                  20201ac8    00000004     libc.a : memory.c.obj (.bss.sys_free)
                  20201acc    00000004     (.common:TExaSLogic)
                  20201ad0    00000004     (.common:TExaSadc)
                  20201ad4    00000001     ST7735.o (.bss.ColStart)
                  20201ad5    00000001     ST7735.o (.bss.RowStart)
                  20201ad6    00000001     ST7735.o (.bss.TabColor)

.data      0    20201ad8    00000239     UNINITIALIZED
                  20201ad8    000000f0     libc.a : defs.c.obj (.data._ftable)
                  20201bc8    00000078     libsysbm.a : host_device.c.obj (.data._device)
                  20201c40    00000050                : host_device.c.obj (.data._stream)
                  20201c90    0000001c     Lab9Main.o (.data.blueSprite)
                  20201cac    0000001c     Lab9Main.o (.data.redSprite)
                  20201cc8    00000008     libc.a : exit.c.obj (.data..L_MergedGlobals)
                  20201cd0    00000004     Clock.o (.data.BusFreq)
                  20201cd4    00000004     ST7735.o (.data.StX)
                  20201cd8    00000004     ST7735.o (.data.StY)
                  20201cdc    00000004     libc.a : defs.c.obj (.data.__TI_ft_end)
                  20201ce0    00000004            : _lock.c.obj (.data._lock)
                  20201ce4    00000004            : _lock.c.obj (.data._unlock)
                  20201ce8    00000004     Lab9Main.o (.data.sliderY)
                  20201cec    00000004     Lab9Main.o (.data.switchA)
                  20201cf0    00000004     Lab9Main.o (.data.switchB)
                  20201cf4    00000004     Lab9Main.o (.data.switchC)
                  20201cf8    00000004     Lab9Main.o (.data.switchD)
                  20201cfc    00000002     ST7735.o (.data.StTextColor)
                  20201cfe    00000002     ST7735.o (.data._height)
                  20201d00    00000002     ST7735.o (.data._width)
                  20201d02    00000002     Lab9Main.o (.data.prevRedCapIndex)
                  20201d04    00000002     Lab9Main.o (.data.redCapIndex)
                  20201d06    00000002     Lab9Main.o (.data.redPossCapIndex)
                  20201d08    00000001     libsysbm.a : add_device.c.obj (.data.add_device.device_init)
                  20201d09    00000001     Lab9Main.o (.data.redCaptured)
                  20201d0a    00000001     Lab9Main.o (.data.redLeftTerritory)
                  20201d0b    00000001     Lab9Main.o (.data.showRedTrail)
                  20201d0c    00000001     libc.a : memory.c.obj (.data.memory_is_initialized)
                  20201d0d    00000001     Lab9Main.o (.data.updateRedFlag)
                  20201d0e    00000002     --HOLE--
                  20201d10    00000001     libsysbm.a : open.c.obj (.data.open.stream_init)

.sysmem    0    20201d18    00000200     UNINITIALIZED
                  20201d18    00000010     libc.a : memory.c.obj (.sysmem)
                  20201d28    000001f0     --HOLE--

.stack     0    20207e00    00000200     UNINITIALIZED
                  20207e00    00000004     libc.a : boot_cortex_m.c.obj (.stack)
                  20207e04    000001fc     --HOLE--

__llvm_prf_cnts 
*          0    20200000    00000000     UNINITIALIZED

__llvm_prf_bits 
*          0    20200000    00000000     UNINITIALIZED

MODULE SUMMARY

       Module                         code    ro data   rw data
       ------                         ----    -------   -------
    .\
       Lab9Main.o                     1968    41248     6486   
       ST7735.o                       2598    1449      17     
       TExaS.o                        720     0         8      
       Clock.o                        516     0         4      
       SPI.o                          440     0         0      
       Timer.o                        316     0         0      
       ADC2.o                         268     0         0      
       LaunchPad.o                    180     0         0      
       ADC1.o                         120     0         0      
       Switch.o                       120     0         0      
       Sound.o                        4       0         0      
       LED.o                          2       0         0      
    +--+------------------------------+-------+---------+---------+
       Total:                         7252    42697     6515   
                                                               
    .\ticlang\
       startup_mspm0g3507_ticlang.o   12      192       0      
    +--+------------------------------+-------+---------+---------+
       Total:                         12      192       0      
                                                               
    C:\ti\ccs1260\ccs\tools\compiler\ti-cgt-armllvm_3.2.1.LTS\lib\armv6m-ti-none-eabi/c/libc.a
       memory.c.obj                   730     0         5      
       fopen.c.obj                    568     0         0      
       defs.c.obj                     0       0         404    
       setvbuf.c.obj                  220     0         0      
       getdevice.c.obj                160     0         0      
       fclose.c.obj                   124     0         0      
       copy_decompress_lzss.c.obj     120     0         0      
       fflush.c.obj                   82      0         0      
       exit.c.obj                     56      0         8      
       autoinit.c.obj                 60      0         0      
       boot_cortex_m.c.obj            40      0         0      
       copy_decompress_none.c.obj     18      0         0      
       memcpy16.S.obj                 18      0         0      
       copy_zero_init.c.obj           16      0         0      
       memset16.S.obj                 14      0         0      
       _lock.c.obj                    2       0         8      
       pre_init.c.obj                 4       0         0      
    +--+------------------------------+-------+---------+---------+
       Total:                         2232    0         425    
                                                               
    C:\ti\ccs1260\ccs\tools\compiler\ti-cgt-armllvm_3.2.1.LTS\lib\armv6m-ti-none-eabi/c/libsysbm.a
       trgmsg.c.obj                   104     0         288    
       add_device.c.obj               236     0         1      
       host_device.c.obj              0       0         200    
       open.c.obj                     168     0         1      
       hostrename.c.obj               140     0         0      
       hostlseek.c.obj                108     0         0      
       hostopen.c.obj                 96      0         8      
       hostread.c.obj                 88      0         0      
       hostwrite.c.obj                88      0         0      
       close.c.obj                    80      0         0      
       hostclose.c.obj                72      0         0      
       hostunlink.c.obj               72      0         0      
       unlink.c.obj                   44      0         0      
       write.c.obj                    40      0         0      
       remove.c.obj                   8       0         0      
    +--+------------------------------+-------+---------+---------+
       Total:                         1344    0         498    
                                                               
    C:\ti\ccs1260\ccs\tools\compiler\ti-cgt-armllvm_3.2.1.LTS\lib\clang/15.0.7/lib/armv6m-ti-none-eabi/libclang_rt.builtins.a
       aeabi_idivmod.S.obj            86      0         0      
       aeabi_uidivmod.S.obj           64      0         0      
       aeabi_memset.S.obj             12      0         0      
       aeabi_memcpy.S.obj             8       0         0      
       aeabi_div0.c.obj               2       0         0      
    +--+------------------------------+-------+---------+---------+
       Total:                         172     0         0      
                                                               
       Heap:                          0       0         512    
       Stack:                         0       0         512    
       Linker Generated:              0       195       0      
    +--+------------------------------+-------+---------+---------+
       Grand Total:                   11012   43084     8462   


LINKER GENERATED COPY TABLES

__TI_cinit_table @ 0000d34c records: 2, size/record: 8, table size: 16
	.data: load addr=0000d298, load size=0000009f bytes, run addr=20201ad8, run size=00000239 bytes, compression=lzss
	.bss: load addr=0000d344, load size=00000008 bytes, run addr=20200000, run size=00001ad7 bytes, compression=zero_init


LINKER GENERATED HANDLER TABLE

__TI_handler_table @ 0000d338 records: 3, size/record: 4, table size: 12
	index: 0, handler: __TI_decompress_lzss
	index: 1, handler: __TI_decompress_none
	index: 2, handler: __TI_zero_init


GLOBAL SYMBOLS: SORTED ALPHABETICALLY BY Name 

address   name                          
-------   ----                          
0000d285  ADC0_IRQHandler               
0000d285  ADC1_IRQHandler               
0000c3d1  ADC1init                      
0000cb41  ADC2in                        
0000c449  ADC2init                      
0000b3e1  ADC_Init                      
0000d005  ADC_Start                     
0000d285  AES_IRQHandler                
0000cd05  ActivatePortA_B               
20201cd0  BusFreq                       
0000d294  C$$EXIT                       
0000cedd  C$$IO$$                       
0000d285  CANFD0_IRQHandler             
0000d1bb  Clock_Delay                   
0000cdad  Clock_Delay1ms                
0000d225  Clock_Freq                    
0000ae01  Clock_Init80MHz               
0000c9c9  Convert2                      
0000d285  DAC0_IRQHandler               
0000d285  DMA_IRQHandler                
0000d285  Default_Handler               
0000d285  GROUP0_IRQHandler             
0000d285  GROUP1_IRQHandler             
0000ca69  HOSTclose                     
0000c5a9  HOSTlseek                     
0000c7b9  HOSTopen                      
0000c819  HOSTread                      
0000c615  HOSTrename                    
0000cab1  HOSTunlink                    
0000c871  HOSTwrite                     
0000d289  HardFault_Handler             
0000d285  I2C0_IRQHandler               
0000d285  I2C1_IRQHandler               
0000b913  LED_Init                      
0000c2d9  LaunchPad_Init                
0000d285  NMI_Handler                   
0000d255  PLL_Init                      
0000d285  PendSV_Handler                
0000d285  RTC_IRQHandler                
0000d28d  Reset_Handler                 
0000d285  SPI0_IRQHandler               
0000d285  SPI1_IRQHandler               
0000b725  SPI_Init                      
0000caf9  SPI_OutCommand                
0000cd3d  SPI_OutData                   
0000cbc9  SPI_Reset                     
0000abf1  ST7735_DrawBitmap             
0000afb5  ST7735_DrawCharS              
0000c539  ST7735_DrawPixel              
0000c255  ST7735_DrawString             
0000b509  ST7735_FillRect               
0000cfad  ST7735_FillScreen             
0000bf75  ST7735_InitPrintf             
0000c011  ST7735_InitR                  
0000bcb1  ST7735_OutChar                
0000cde1  ST7735_SetCursor              
0000d25f  ST7735_close                  
0000d1fb  ST7735_lseek                  
0000d109  ST7735_open                   
0000d11f  ST7735_read                   
0000d231  ST7735_rename                 
0000d269  ST7735_unlink                 
0000ce15  ST7735_write                  
0000d285  SVC_Handler                   
0000bf73  Sound_Init                    
20201cfc  StTextColor                   
20201cd4  StX                           
20201cd8  StY                           
0000d135  Switch_InA                    
0000d149  Switch_InB                    
0000d15d  Switch_InC                    
0000d171  Switch_InD                    
0000d02d  Switch_Init                   
0000c6eb  SysTick_Handler               
20201acc  TExaSLogic                    
0000c8c9  TExaS_Init                    
0000d1cd  TExaS_LaunchPadLogicPB27PB26  
20201ad0  TExaSadc                      
0000d285  TIMA0_IRQHandler              
0000d285  TIMA1_IRQHandler              
0000d285  TIMG0_IRQHandler              
0000a791  TIMG12_IRQHandler             
0000d285  TIMG6_IRQHandler              
0000cc09  TIMG7_IRQHandler              
0000d285  TIMG8_IRQHandler              
0000d197  TI_memcpy_small               
0000d217  TI_memset_small               
0000c0a9  TimerG12_IntArm               
0000bd81  TimerG7_IntArm                
0000d285  UART0_IRQHandler              
0000d285  UART1_IRQHandler              
0000d285  UART2_IRQHandler              
0000d285  UART3_IRQHandler              
0000baed  UART_Init                     
20201900  _CIOBUF_                      
20201900  __CIOBUF_                     
20208000  __STACK_END                   
00000200  __STACK_SIZE                  
00000200  __SYSMEM_SIZE                 
00000000  __TI_ATRegion0_region_sz      
00000000  __TI_ATRegion0_src_addr       
00000000  __TI_ATRegion0_trg_addr       
00000000  __TI_ATRegion1_region_sz      
00000000  __TI_ATRegion1_src_addr       
00000000  __TI_ATRegion1_trg_addr       
00000000  __TI_ATRegion2_region_sz      
00000000  __TI_ATRegion2_src_addr       
00000000  __TI_ATRegion2_trg_addr       
0000d34c  __TI_CINIT_Base               
0000d35c  __TI_CINIT_Limit              
0000d35c  __TI_CINIT_Warm               
0000d338  __TI_Handler_Table_Base       
0000d344  __TI_Handler_Table_Limit      
0000ccc9  __TI_auto_init_nobinit_nopinit
0000ce49  __TI_cleanup                  
20201cc8  __TI_cleanup_ptr              
0000c355  __TI_closefile                
0000c4c1  __TI_decompress_lzss          
0000d1a9  __TI_decompress_none          
0000c977  __TI_doflush                  
20201ccc  __TI_dtors_ptr                
20201cdc  __TI_ft_end                   
ffffffff  __TI_pprof_out_hndl           
ffffffff  __TI_prof_data_size           
ffffffff  __TI_prof_data_start          
0000ce7d  __TI_readmsg                  
00000000  __TI_static_base__            
20201a20  __TI_tmpnams                  
0000ceb1  __TI_writemsg                 
0000d1dd  __TI_zero_init                
0000c921  __aeabi_idiv                  
0000cbc7  __aeabi_idiv0                 
0000c921  __aeabi_idivmod               
0000d23d  __aeabi_memclr                
0000d23d  __aeabi_memclr4               
0000d23d  __aeabi_memclr8               
0000d275  __aeabi_memcpy                
0000d275  __aeabi_memcpy4               
0000d275  __aeabi_memcpy8               
0000cc49  __aeabi_uidiv                 
0000cc49  __aeabi_uidivmod              
ffffffff  __binit__                     
UNDEFED   __mpu_init                    
20207e00  __stack                       
20200000  __start___llvm_prf_bits       
20200000  __start___llvm_prf_cnts       
20200000  __stop___llvm_prf_bits        
20200000  __stop___llvm_prf_cnts        
0000d0a5  _c_int00_noargs               
20201bc8  _device                       
20201ad8  _ftable                       
20201ce0  _lock                         
0000d0eb  _nop                          
20201c40  _stream                       
20201d18  _sys_memory                   
UNDEFED   _system_post_cinit            
0000d291  _system_pre_init              
20201ce4  _unlock                       
0000d295  abort                         
0000b915  add_device                    
0000b2b5  aligned_alloc                 
ffffffff  binit                         
0000a5bc  blueChar                      
20201c90  blueSprite                    
0000ca19  close                         
0000b621  convexHull                    
0000cb85  crossProduct                  
0000cee5  exit                          
0000c13d  fillPolygon                   
0000cd75  finddevice                    
0000cf7d  fopen                         
0000ba01  free                          
0000cf19  freopen                       
0000c6ed  getdevice                     
00000000  interruptVectors              
0000b81d  isInsideConvexHull            
0000a9cd  main                          
0000d249  malloc                        
0000b2b5  memalign                      
0000be29  open                          
0000c681  orientation                   
000000c0  paperiomap                    
20201ac0  parmbuf                       
0000a738  pinkTrail                     
20201d02  prevRedCapIndex               
20201d04  redCapIndex                   
20201d09  redCaptured                   
20200000  redCapturedTerritory          
0000a63c  redChar                       
0000a748  redFill                       
20201d0a  redLeftTerritory              
20201d06  redPossCapIndex               
20200f00  redPossibleCapture            
20201cac  redSprite                     
0000d27d  remove                        
0000bbd5  setvbuf                       
20201d0b  showRedTrail                  
20201ce8  sliderY                       
20201cec  switchA                       
20201cf0  switchB                       
20201cf4  switchC                       
20201cf8  switchD                       
0000cfd9  unlink                        
20201d0d  updateRedFlag                 
0000d07d  write                         


GLOBAL SYMBOLS: SORTED BY Symbol Address 

address   name                          
-------   ----                          
00000000  __TI_ATRegion0_region_sz      
00000000  __TI_ATRegion0_src_addr       
00000000  __TI_ATRegion0_trg_addr       
00000000  __TI_ATRegion1_region_sz      
00000000  __TI_ATRegion1_src_addr       
00000000  __TI_ATRegion1_trg_addr       
00000000  __TI_ATRegion2_region_sz      
00000000  __TI_ATRegion2_src_addr       
00000000  __TI_ATRegion2_trg_addr       
00000000  __TI_static_base__            
00000000  interruptVectors              
000000c0  paperiomap                    
00000200  __STACK_SIZE                  
00000200  __SYSMEM_SIZE                 
0000a5bc  blueChar                      
0000a63c  redChar                       
0000a738  pinkTrail                     
0000a748  redFill                       
0000a791  TIMG12_IRQHandler             
0000a9cd  main                          
0000abf1  ST7735_DrawBitmap             
0000ae01  Clock_Init80MHz               
0000afb5  ST7735_DrawCharS              
0000b2b5  aligned_alloc                 
0000b2b5  memalign                      
0000b3e1  ADC_Init                      
0000b509  ST7735_FillRect               
0000b621  convexHull                    
0000b725  SPI_Init                      
0000b81d  isInsideConvexHull            
0000b913  LED_Init                      
0000b915  add_device                    
0000ba01  free                          
0000baed  UART_Init                     
0000bbd5  setvbuf                       
0000bcb1  ST7735_OutChar                
0000bd81  TimerG7_IntArm                
0000be29  open                          
0000bf73  Sound_Init                    
0000bf75  ST7735_InitPrintf             
0000c011  ST7735_InitR                  
0000c0a9  TimerG12_IntArm               
0000c13d  fillPolygon                   
0000c255  ST7735_DrawString             
0000c2d9  LaunchPad_Init                
0000c355  __TI_closefile                
0000c3d1  ADC1init                      
0000c449  ADC2init                      
0000c4c1  __TI_decompress_lzss          
0000c539  ST7735_DrawPixel              
0000c5a9  HOSTlseek                     
0000c615  HOSTrename                    
0000c681  orientation                   
0000c6eb  SysTick_Handler               
0000c6ed  getdevice                     
0000c7b9  HOSTopen                      
0000c819  HOSTread                      
0000c871  HOSTwrite                     
0000c8c9  TExaS_Init                    
0000c921  __aeabi_idiv                  
0000c921  __aeabi_idivmod               
0000c977  __TI_doflush                  
0000c9c9  Convert2                      
0000ca19  close                         
0000ca69  HOSTclose                     
0000cab1  HOSTunlink                    
0000caf9  SPI_OutCommand                
0000cb41  ADC2in                        
0000cb85  crossProduct                  
0000cbc7  __aeabi_idiv0                 
0000cbc9  SPI_Reset                     
0000cc09  TIMG7_IRQHandler              
0000cc49  __aeabi_uidiv                 
0000cc49  __aeabi_uidivmod              
0000ccc9  __TI_auto_init_nobinit_nopinit
0000cd05  ActivatePortA_B               
0000cd3d  SPI_OutData                   
0000cd75  finddevice                    
0000cdad  Clock_Delay1ms                
0000cde1  ST7735_SetCursor              
0000ce15  ST7735_write                  
0000ce49  __TI_cleanup                  
0000ce7d  __TI_readmsg                  
0000ceb1  __TI_writemsg                 
0000cedd  C$$IO$$                       
0000cee5  exit                          
0000cf19  freopen                       
0000cf7d  fopen                         
0000cfad  ST7735_FillScreen             
0000cfd9  unlink                        
0000d005  ADC_Start                     
0000d02d  Switch_Init                   
0000d07d  write                         
0000d0a5  _c_int00_noargs               
0000d0eb  _nop                          
0000d109  ST7735_open                   
0000d11f  ST7735_read                   
0000d135  Switch_InA                    
0000d149  Switch_InB                    
0000d15d  Switch_InC                    
0000d171  Switch_InD                    
0000d197  TI_memcpy_small               
0000d1a9  __TI_decompress_none          
0000d1bb  Clock_Delay                   
0000d1cd  TExaS_LaunchPadLogicPB27PB26  
0000d1dd  __TI_zero_init                
0000d1fb  ST7735_lseek                  
0000d217  TI_memset_small               
0000d225  Clock_Freq                    
0000d231  ST7735_rename                 
0000d23d  __aeabi_memclr                
0000d23d  __aeabi_memclr4               
0000d23d  __aeabi_memclr8               
0000d249  malloc                        
0000d255  PLL_Init                      
0000d25f  ST7735_close                  
0000d269  ST7735_unlink                 
0000d275  __aeabi_memcpy                
0000d275  __aeabi_memcpy4               
0000d275  __aeabi_memcpy8               
0000d27d  remove                        
0000d285  ADC0_IRQHandler               
0000d285  ADC1_IRQHandler               
0000d285  AES_IRQHandler                
0000d285  CANFD0_IRQHandler             
0000d285  DAC0_IRQHandler               
0000d285  DMA_IRQHandler                
0000d285  Default_Handler               
0000d285  GROUP0_IRQHandler             
0000d285  GROUP1_IRQHandler             
0000d285  I2C0_IRQHandler               
0000d285  I2C1_IRQHandler               
0000d285  NMI_Handler                   
0000d285  PendSV_Handler                
0000d285  RTC_IRQHandler                
0000d285  SPI0_IRQHandler               
0000d285  SPI1_IRQHandler               
0000d285  SVC_Handler                   
0000d285  TIMA0_IRQHandler              
0000d285  TIMA1_IRQHandler              
0000d285  TIMG0_IRQHandler              
0000d285  TIMG6_IRQHandler              
0000d285  TIMG8_IRQHandler              
0000d285  UART0_IRQHandler              
0000d285  UART1_IRQHandler              
0000d285  UART2_IRQHandler              
0000d285  UART3_IRQHandler              
0000d289  HardFault_Handler             
0000d28d  Reset_Handler                 
0000d291  _system_pre_init              
0000d294  C$$EXIT                       
0000d295  abort                         
0000d338  __TI_Handler_Table_Base       
0000d344  __TI_Handler_Table_Limit      
0000d34c  __TI_CINIT_Base               
0000d35c  __TI_CINIT_Limit              
0000d35c  __TI_CINIT_Warm               
20200000  __start___llvm_prf_bits       
20200000  __start___llvm_prf_cnts       
20200000  __stop___llvm_prf_bits        
20200000  __stop___llvm_prf_cnts        
20200000  redCapturedTerritory          
20200f00  redPossibleCapture            
20201900  _CIOBUF_                      
20201900  __CIOBUF_                     
20201a20  __TI_tmpnams                  
20201ac0  parmbuf                       
20201acc  TExaSLogic                    
20201ad0  TExaSadc                      
20201ad8  _ftable                       
20201bc8  _device                       
20201c40  _stream                       
20201c90  blueSprite                    
20201cac  redSprite                     
20201cc8  __TI_cleanup_ptr              
20201ccc  __TI_dtors_ptr                
20201cd0  BusFreq                       
20201cd4  StX                           
20201cd8  StY                           
20201cdc  __TI_ft_end                   
20201ce0  _lock                         
20201ce4  _unlock                       
20201ce8  sliderY                       
20201cec  switchA                       
20201cf0  switchB                       
20201cf4  switchC                       
20201cf8  switchD                       
20201cfc  StTextColor                   
20201d02  prevRedCapIndex               
20201d04  redCapIndex                   
20201d06  redPossCapIndex               
20201d09  redCaptured                   
20201d0a  redLeftTerritory              
20201d0b  showRedTrail                  
20201d0d  updateRedFlag                 
20201d18  _sys_memory                   
20207e00  __stack                       
20208000  __STACK_END                   
ffffffff  __TI_pprof_out_hndl           
ffffffff  __TI_prof_data_size           
ffffffff  __TI_prof_data_start          
ffffffff  __binit__                     
ffffffff  binit                         
UNDEFED   __mpu_init                    
UNDEFED   _system_post_cinit            

[205 symbols]
