<?xml version="1.0" encoding="ISO-8859-1" ?>
<link_info>
   <banner>TI ARM Clang Linker PC v3.2.1.LTS</banner>
   <copyright>Copyright (c) 1996-2018 Texas Instruments Incorporated</copyright>
   <link_time>0x66276503</link_time>
   <link_errors>0x0</link_errors>
   <output_file>C:\Users\adars\OneDrive\Documents\MSPM0_ValvanoWare\MSPM0_ValvanoWare\ECE319K_Lab9\Debug\ECE319K_Lab9.out</output_file>
   <entry_point>
      <name>_c_int00_noargs</name>
      <address>0x1fb0d</address>
   </entry_point>
   <input_file_list>
      <input_file id="fl-1">
         <path>C:\Users\adars\OneDrive\Documents\MSPM0_ValvanoWare\MSPM0_ValvanoWare\ECE319K_Lab9\Debug\.\</path>
         <kind>object</kind>
         <file>ADC1.o</file>
         <name>ADC1.o</name>
      </input_file>
      <input_file id="fl-2">
         <path>C:\Users\adars\OneDrive\Documents\MSPM0_ValvanoWare\MSPM0_ValvanoWare\ECE319K_Lab9\Debug\.\</path>
         <kind>object</kind>
         <file>ADC2.o</file>
         <name>ADC2.o</name>
      </input_file>
      <input_file id="fl-3">
         <path>C:\Users\adars\OneDrive\Documents\MSPM0_ValvanoWare\MSPM0_ValvanoWare\ECE319K_Lab9\Debug\.\</path>
         <kind>object</kind>
         <file>Clock.o</file>
         <name>Clock.o</name>
      </input_file>
      <input_file id="fl-4">
         <path>C:\Users\adars\OneDrive\Documents\MSPM0_ValvanoWare\MSPM0_ValvanoWare\ECE319K_Lab9\Debug\.\</path>
         <kind>object</kind>
         <file>DAC5.o</file>
         <name>DAC5.o</name>
      </input_file>
      <input_file id="fl-5">
         <path>C:\Users\adars\OneDrive\Documents\MSPM0_ValvanoWare\MSPM0_ValvanoWare\ECE319K_Lab9\Debug\.\</path>
         <kind>object</kind>
         <file>LED.o</file>
         <name>LED.o</name>
      </input_file>
      <input_file id="fl-6">
         <path>C:\Users\adars\OneDrive\Documents\MSPM0_ValvanoWare\MSPM0_ValvanoWare\ECE319K_Lab9\Debug\.\</path>
         <kind>object</kind>
         <file>Lab9Main.o</file>
         <name>Lab9Main.o</name>
      </input_file>
      <input_file id="fl-7">
         <path>C:\Users\adars\OneDrive\Documents\MSPM0_ValvanoWare\MSPM0_ValvanoWare\ECE319K_Lab9\Debug\.\</path>
         <kind>object</kind>
         <file>LaunchPad.o</file>
         <name>LaunchPad.o</name>
      </input_file>
      <input_file id="fl-8">
         <path>C:\Users\adars\OneDrive\Documents\MSPM0_ValvanoWare\MSPM0_ValvanoWare\ECE319K_Lab9\Debug\.\</path>
         <kind>object</kind>
         <file>SPI.o</file>
         <name>SPI.o</name>
      </input_file>
      <input_file id="fl-9">
         <path>C:\Users\adars\OneDrive\Documents\MSPM0_ValvanoWare\MSPM0_ValvanoWare\ECE319K_Lab9\Debug\.\</path>
         <kind>object</kind>
         <file>ST7735.o</file>
         <name>ST7735.o</name>
      </input_file>
      <input_file id="fl-a">
         <path>C:\Users\adars\OneDrive\Documents\MSPM0_ValvanoWare\MSPM0_ValvanoWare\ECE319K_Lab9\Debug\.\</path>
         <kind>object</kind>
         <file>SmallFont.o</file>
         <name>SmallFont.o</name>
      </input_file>
      <input_file id="fl-b">
         <path>C:\Users\adars\OneDrive\Documents\MSPM0_ValvanoWare\MSPM0_ValvanoWare\ECE319K_Lab9\Debug\.\</path>
         <kind>object</kind>
         <file>Sound.o</file>
         <name>Sound.o</name>
      </input_file>
      <input_file id="fl-c">
         <path>C:\Users\adars\OneDrive\Documents\MSPM0_ValvanoWare\MSPM0_ValvanoWare\ECE319K_Lab9\Debug\.\</path>
         <kind>object</kind>
         <file>Switch.o</file>
         <name>Switch.o</name>
      </input_file>
      <input_file id="fl-d">
         <path>C:\Users\adars\OneDrive\Documents\MSPM0_ValvanoWare\MSPM0_ValvanoWare\ECE319K_Lab9\Debug\.\</path>
         <kind>object</kind>
         <file>TExaS.o</file>
         <name>TExaS.o</name>
      </input_file>
      <input_file id="fl-e">
         <path>C:\Users\adars\OneDrive\Documents\MSPM0_ValvanoWare\MSPM0_ValvanoWare\ECE319K_Lab9\Debug\.\</path>
         <kind>object</kind>
         <file>Timer.o</file>
         <name>Timer.o</name>
      </input_file>
      <input_file id="fl-f">
         <path>C:\Users\adars\OneDrive\Documents\MSPM0_ValvanoWare\MSPM0_ValvanoWare\ECE319K_Lab9\Debug\.\images\pipedreams\</path>
         <kind>object</kind>
         <file>PipeSound.o</file>
         <name>PipeSound.o</name>
      </input_file>
      <input_file id="fl-10">
         <path>C:\Users\adars\OneDrive\Documents\MSPM0_ValvanoWare\MSPM0_ValvanoWare\ECE319K_Lab9\Debug\.\ticlang\</path>
         <kind>object</kind>
         <file>startup_mspm0g3507_ticlang.o</file>
         <name>startup_mspm0g3507_ticlang.o</name>
      </input_file>
      <input_file id="fl-1c">
         <path>C:\Users\adars\OneDrive\Documents\MSPM0_ValvanoWare\MSPM0_ValvanoWare\ECE319K_Lab9\Debug\</path>
         <kind>object</kind>
         <file>&lt;internal&gt;</file>
         <name>&lt;internal&gt;</name>
      </input_file>
      <input_file id="fl-2b">
         <path>C:\ti\ccs1260\ccs\tools\compiler\ti-cgt-armllvm_3.2.1.LTS\lib\armv6m-ti-none-eabi\c\</path>
         <kind>archive</kind>
         <file>libc.a</file>
         <name>printf.c.obj</name>
      </input_file>
      <input_file id="fl-2c">
         <path>C:\ti\ccs1260\ccs\tools\compiler\ti-cgt-armllvm_3.2.1.LTS\lib\armv6m-ti-none-eabi\c\</path>
         <kind>archive</kind>
         <file>libc.a</file>
         <name>_printfi.c.obj</name>
      </input_file>
      <input_file id="fl-2d">
         <path>C:\ti\ccs1260\ccs\tools\compiler\ti-cgt-armllvm_3.2.1.LTS\lib\armv6m-ti-none-eabi\c\</path>
         <kind>archive</kind>
         <file>libc.a</file>
         <name>fopen.c.obj</name>
      </input_file>
      <input_file id="fl-2e">
         <path>C:\ti\ccs1260\ccs\tools\compiler\ti-cgt-armllvm_3.2.1.LTS\lib\armv6m-ti-none-eabi\c\</path>
         <kind>archive</kind>
         <file>libc.a</file>
         <name>fputc.c.obj</name>
      </input_file>
      <input_file id="fl-2f">
         <path>C:\ti\ccs1260\ccs\tools\compiler\ti-cgt-armllvm_3.2.1.LTS\lib\armv6m-ti-none-eabi\c\</path>
         <kind>archive</kind>
         <file>libc.a</file>
         <name>fputs.c.obj</name>
      </input_file>
      <input_file id="fl-30">
         <path>C:\ti\ccs1260\ccs\tools\compiler\ti-cgt-armllvm_3.2.1.LTS\lib\armv6m-ti-none-eabi\c\</path>
         <kind>archive</kind>
         <file>libc.a</file>
         <name>_io_perm.c.obj</name>
      </input_file>
      <input_file id="fl-31">
         <path>C:\ti\ccs1260\ccs\tools\compiler\ti-cgt-armllvm_3.2.1.LTS\lib\armv6m-ti-none-eabi\c\</path>
         <kind>archive</kind>
         <file>libc.a</file>
         <name>setvbuf.c.obj</name>
      </input_file>
      <input_file id="fl-32">
         <path>C:\ti\ccs1260\ccs\tools\compiler\ti-cgt-armllvm_3.2.1.LTS\lib\armv6m-ti-none-eabi\c\</path>
         <kind>archive</kind>
         <file>libc.a</file>
         <name>s_frexp.c.obj</name>
      </input_file>
      <input_file id="fl-33">
         <path>C:\ti\ccs1260\ccs\tools\compiler\ti-cgt-armllvm_3.2.1.LTS\lib\armv6m-ti-none-eabi\c\</path>
         <kind>archive</kind>
         <file>libc.a</file>
         <name>s_scalbn.c.obj</name>
      </input_file>
      <input_file id="fl-34">
         <path>C:\ti\ccs1260\ccs\tools\compiler\ti-cgt-armllvm_3.2.1.LTS\lib\armv6m-ti-none-eabi\c\</path>
         <kind>archive</kind>
         <file>libc.a</file>
         <name>aeabi_portable.c.obj</name>
      </input_file>
      <input_file id="fl-35">
         <path>C:\ti\ccs1260\ccs\tools\compiler\ti-cgt-armllvm_3.2.1.LTS\lib\armv6m-ti-none-eabi\c\</path>
         <kind>archive</kind>
         <file>libc.a</file>
         <name>exit.c.obj</name>
      </input_file>
      <input_file id="fl-36">
         <path>C:\ti\ccs1260\ccs\tools\compiler\ti-cgt-armllvm_3.2.1.LTS\lib\armv6m-ti-none-eabi\c\</path>
         <kind>archive</kind>
         <file>libc.a</file>
         <name>_lock.c.obj</name>
      </input_file>
      <input_file id="fl-37">
         <path>C:\ti\ccs1260\ccs\tools\compiler\ti-cgt-armllvm_3.2.1.LTS\lib\armv6m-ti-none-eabi\c\</path>
         <kind>archive</kind>
         <file>libc.a</file>
         <name>_ltoa.c.obj</name>
      </input_file>
      <input_file id="fl-38">
         <path>C:\ti\ccs1260\ccs\tools\compiler\ti-cgt-armllvm_3.2.1.LTS\lib\armv6m-ti-none-eabi\c\</path>
         <kind>archive</kind>
         <file>libc.a</file>
         <name>assert.c.obj</name>
      </input_file>
      <input_file id="fl-39">
         <path>C:\ti\ccs1260\ccs\tools\compiler\ti-cgt-armllvm_3.2.1.LTS\lib\armv6m-ti-none-eabi\c\</path>
         <kind>archive</kind>
         <file>libc.a</file>
         <name>atoi.c.obj</name>
      </input_file>
      <input_file id="fl-3a">
         <path>C:\ti\ccs1260\ccs\tools\compiler\ti-cgt-armllvm_3.2.1.LTS\lib\armv6m-ti-none-eabi\c\</path>
         <kind>archive</kind>
         <file>libc.a</file>
         <name>defs.c.obj</name>
      </input_file>
      <input_file id="fl-3b">
         <path>C:\ti\ccs1260\ccs\tools\compiler\ti-cgt-armllvm_3.2.1.LTS\lib\armv6m-ti-none-eabi\c\</path>
         <kind>archive</kind>
         <file>libc.a</file>
         <name>memccpy.c.obj</name>
      </input_file>
      <input_file id="fl-3c">
         <path>C:\ti\ccs1260\ccs\tools\compiler\ti-cgt-armllvm_3.2.1.LTS\lib\armv6m-ti-none-eabi\c\</path>
         <kind>archive</kind>
         <file>libc.a</file>
         <name>memory.c.obj</name>
      </input_file>
      <input_file id="fl-3d">
         <path>C:\ti\ccs1260\ccs\tools\compiler\ti-cgt-armllvm_3.2.1.LTS\lib\armv6m-ti-none-eabi\c\</path>
         <kind>archive</kind>
         <file>libc.a</file>
         <name>abs.c.obj</name>
      </input_file>
      <input_file id="fl-3e">
         <path>C:\ti\ccs1260\ccs\tools\compiler\ti-cgt-armllvm_3.2.1.LTS\lib\armv6m-ti-none-eabi\c\</path>
         <kind>archive</kind>
         <file>libc.a</file>
         <name>copy_zero_init.c.obj</name>
      </input_file>
      <input_file id="fl-3f">
         <path>C:\ti\ccs1260\ccs\tools\compiler\ti-cgt-armllvm_3.2.1.LTS\lib\armv6m-ti-none-eabi\c\</path>
         <kind>archive</kind>
         <file>libc.a</file>
         <name>copy_decompress_none.c.obj</name>
      </input_file>
      <input_file id="fl-40">
         <path>C:\ti\ccs1260\ccs\tools\compiler\ti-cgt-armllvm_3.2.1.LTS\lib\armv6m-ti-none-eabi\c\</path>
         <kind>archive</kind>
         <file>libc.a</file>
         <name>copy_decompress_lzss.c.obj</name>
      </input_file>
      <input_file id="fl-41">
         <path>C:\ti\ccs1260\ccs\tools\compiler\ti-cgt-armllvm_3.2.1.LTS\lib\armv6m-ti-none-eabi\c\</path>
         <kind>archive</kind>
         <file>libc.a</file>
         <name>boot_cortex_m.c.obj</name>
      </input_file>
      <input_file id="fl-42">
         <path>C:\ti\ccs1260\ccs\tools\compiler\ti-cgt-armllvm_3.2.1.LTS\lib\armv6m-ti-none-eabi\c\</path>
         <kind>archive</kind>
         <file>libc.a</file>
         <name>mathacl_init.c.obj</name>
      </input_file>
      <input_file id="fl-43">
         <path>C:\ti\ccs1260\ccs\tools\compiler\ti-cgt-armllvm_3.2.1.LTS\lib\armv6m-ti-none-eabi\c\</path>
         <kind>archive</kind>
         <file>libc.a</file>
         <name>wcslen.c.obj</name>
      </input_file>
      <input_file id="fl-44">
         <path>C:\ti\ccs1260\ccs\tools\compiler\ti-cgt-armllvm_3.2.1.LTS\lib\armv6m-ti-none-eabi\c\</path>
         <kind>archive</kind>
         <file>libc.a</file>
         <name>sprintf.c.obj</name>
      </input_file>
      <input_file id="fl-45">
         <path>C:\ti\ccs1260\ccs\tools\compiler\ti-cgt-armllvm_3.2.1.LTS\lib\armv6m-ti-none-eabi\c\</path>
         <kind>archive</kind>
         <file>libc.a</file>
         <name>fclose.c.obj</name>
      </input_file>
      <input_file id="fl-46">
         <path>C:\ti\ccs1260\ccs\tools\compiler\ti-cgt-armllvm_3.2.1.LTS\lib\armv6m-ti-none-eabi\c\</path>
         <kind>archive</kind>
         <file>libc.a</file>
         <name>fflush.c.obj</name>
      </input_file>
      <input_file id="fl-47">
         <path>C:\ti\ccs1260\ccs\tools\compiler\ti-cgt-armllvm_3.2.1.LTS\lib\armv6m-ti-none-eabi\c\</path>
         <kind>archive</kind>
         <file>libc.a</file>
         <name>fseek.c.obj</name>
      </input_file>
      <input_file id="fl-48">
         <path>C:\ti\ccs1260\ccs\tools\compiler\ti-cgt-armllvm_3.2.1.LTS\lib\armv6m-ti-none-eabi\c\</path>
         <kind>archive</kind>
         <file>libc.a</file>
         <name>aeabi_ctype.S.obj</name>
      </input_file>
      <input_file id="fl-49">
         <path>C:\ti\ccs1260\ccs\tools\compiler\ti-cgt-armllvm_3.2.1.LTS\lib\armv6m-ti-none-eabi\c\</path>
         <kind>archive</kind>
         <file>libc.a</file>
         <name>args_main.c.obj</name>
      </input_file>
      <input_file id="fl-4a">
         <path>C:\ti\ccs1260\ccs\tools\compiler\ti-cgt-armllvm_3.2.1.LTS\lib\armv6m-ti-none-eabi\c\</path>
         <kind>archive</kind>
         <file>libc.a</file>
         <name>autoinit.c.obj</name>
      </input_file>
      <input_file id="fl-4b">
         <path>C:\ti\ccs1260\ccs\tools\compiler\ti-cgt-armllvm_3.2.1.LTS\lib\armv6m-ti-none-eabi\c\</path>
         <kind>archive</kind>
         <file>libc.a</file>
         <name>pre_init.c.obj</name>
      </input_file>
      <input_file id="fl-4c">
         <path>C:\ti\ccs1260\ccs\tools\compiler\ti-cgt-armllvm_3.2.1.LTS\lib\armv6m-ti-none-eabi\c\</path>
         <kind>archive</kind>
         <file>libc.a</file>
         <name>cpy_tbl.c.obj</name>
      </input_file>
      <input_file id="fl-b2">
         <path>C:\ti\ccs1260\ccs\tools\compiler\ti-cgt-armllvm_3.2.1.LTS\lib\armv6m-ti-none-eabi\c\</path>
         <kind>archive</kind>
         <file>libsysbm.a</file>
         <name>write.c.obj</name>
      </input_file>
      <input_file id="fl-b3">
         <path>C:\ti\ccs1260\ccs\tools\compiler\ti-cgt-armllvm_3.2.1.LTS\lib\armv6m-ti-none-eabi\c\</path>
         <kind>archive</kind>
         <file>libsysbm.a</file>
         <name>host_device.c.obj</name>
      </input_file>
      <input_file id="fl-b4">
         <path>C:\ti\ccs1260\ccs\tools\compiler\ti-cgt-armllvm_3.2.1.LTS\lib\armv6m-ti-none-eabi\c\</path>
         <kind>archive</kind>
         <file>libsysbm.a</file>
         <name>remove.c.obj</name>
      </input_file>
      <input_file id="fl-b5">
         <path>C:\ti\ccs1260\ccs\tools\compiler\ti-cgt-armllvm_3.2.1.LTS\lib\armv6m-ti-none-eabi\c\</path>
         <kind>archive</kind>
         <file>libsysbm.a</file>
         <name>open.c.obj</name>
      </input_file>
      <input_file id="fl-b6">
         <path>C:\ti\ccs1260\ccs\tools\compiler\ti-cgt-armllvm_3.2.1.LTS\lib\armv6m-ti-none-eabi\c\</path>
         <kind>archive</kind>
         <file>libsysbm.a</file>
         <name>lseek.c.obj</name>
      </input_file>
      <input_file id="fl-b7">
         <path>C:\ti\ccs1260\ccs\tools\compiler\ti-cgt-armllvm_3.2.1.LTS\lib\armv6m-ti-none-eabi\c\</path>
         <kind>archive</kind>
         <file>libsysbm.a</file>
         <name>close.c.obj</name>
      </input_file>
      <input_file id="fl-b8">
         <path>C:\ti\ccs1260\ccs\tools\compiler\ti-cgt-armllvm_3.2.1.LTS\lib\armv6m-ti-none-eabi\c\</path>
         <kind>archive</kind>
         <file>libsysbm.a</file>
         <name>add_device.c.obj</name>
      </input_file>
      <input_file id="fl-b9">
         <path>C:\ti\ccs1260\ccs\tools\compiler\ti-cgt-armllvm_3.2.1.LTS\lib\armv6m-ti-none-eabi\c\</path>
         <kind>archive</kind>
         <file>libsysbm.a</file>
         <name>unlink.c.obj</name>
      </input_file>
      <input_file id="fl-ba">
         <path>C:\ti\ccs1260\ccs\tools\compiler\ti-cgt-armllvm_3.2.1.LTS\lib\armv6m-ti-none-eabi\c\</path>
         <kind>archive</kind>
         <file>libsysbm.a</file>
         <name>hostclose.c.obj</name>
      </input_file>
      <input_file id="fl-bb">
         <path>C:\ti\ccs1260\ccs\tools\compiler\ti-cgt-armllvm_3.2.1.LTS\lib\armv6m-ti-none-eabi\c\</path>
         <kind>archive</kind>
         <file>libsysbm.a</file>
         <name>hostlseek.c.obj</name>
      </input_file>
      <input_file id="fl-bc">
         <path>C:\ti\ccs1260\ccs\tools\compiler\ti-cgt-armllvm_3.2.1.LTS\lib\armv6m-ti-none-eabi\c\</path>
         <kind>archive</kind>
         <file>libsysbm.a</file>
         <name>hostopen.c.obj</name>
      </input_file>
      <input_file id="fl-bd">
         <path>C:\ti\ccs1260\ccs\tools\compiler\ti-cgt-armllvm_3.2.1.LTS\lib\armv6m-ti-none-eabi\c\</path>
         <kind>archive</kind>
         <file>libsysbm.a</file>
         <name>hostread.c.obj</name>
      </input_file>
      <input_file id="fl-be">
         <path>C:\ti\ccs1260\ccs\tools\compiler\ti-cgt-armllvm_3.2.1.LTS\lib\armv6m-ti-none-eabi\c\</path>
         <kind>archive</kind>
         <file>libsysbm.a</file>
         <name>hostrename.c.obj</name>
      </input_file>
      <input_file id="fl-bf">
         <path>C:\ti\ccs1260\ccs\tools\compiler\ti-cgt-armllvm_3.2.1.LTS\lib\armv6m-ti-none-eabi\c\</path>
         <kind>archive</kind>
         <file>libsysbm.a</file>
         <name>hostunlink.c.obj</name>
      </input_file>
      <input_file id="fl-c0">
         <path>C:\ti\ccs1260\ccs\tools\compiler\ti-cgt-armllvm_3.2.1.LTS\lib\armv6m-ti-none-eabi\c\</path>
         <kind>archive</kind>
         <file>libsysbm.a</file>
         <name>hostwrite.c.obj</name>
      </input_file>
      <input_file id="fl-c1">
         <path>C:\ti\ccs1260\ccs\tools\compiler\ti-cgt-armllvm_3.2.1.LTS\lib\armv6m-ti-none-eabi\c\</path>
         <kind>archive</kind>
         <file>libsysbm.a</file>
         <name>trgmsg.c.obj</name>
      </input_file>
      <input_file id="fl-c2">
         <path>C:\ti\ccs1260\ccs\tools\compiler\ti-cgt-armllvm_3.2.1.LTS\lib\clang\15.0.7\lib\armv6m-ti-none-eabi\</path>
         <kind>archive</kind>
         <file>libclang_rt.builtins.a</file>
         <name>adddf3.S.obj</name>
      </input_file>
      <input_file id="fl-c3">
         <path>C:\ti\ccs1260\ccs\tools\compiler\ti-cgt-armllvm_3.2.1.LTS\lib\clang\15.0.7\lib\armv6m-ti-none-eabi\</path>
         <kind>archive</kind>
         <file>libclang_rt.builtins.a</file>
         <name>muldf3.S.obj</name>
      </input_file>
      <input_file id="fl-c4">
         <path>C:\ti\ccs1260\ccs\tools\compiler\ti-cgt-armllvm_3.2.1.LTS\lib\clang\15.0.7\lib\armv6m-ti-none-eabi\</path>
         <kind>archive</kind>
         <file>libclang_rt.builtins.a</file>
         <name>muldsi3.S.obj</name>
      </input_file>
      <input_file id="fl-c5">
         <path>C:\ti\ccs1260\ccs\tools\compiler\ti-cgt-armllvm_3.2.1.LTS\lib\clang\15.0.7\lib\armv6m-ti-none-eabi\</path>
         <kind>archive</kind>
         <file>libclang_rt.builtins.a</file>
         <name>divdf3.S.obj</name>
      </input_file>
      <input_file id="fl-c6">
         <path>C:\ti\ccs1260\ccs\tools\compiler\ti-cgt-armllvm_3.2.1.LTS\lib\clang\15.0.7\lib\armv6m-ti-none-eabi\</path>
         <kind>archive</kind>
         <file>libclang_rt.builtins.a</file>
         <name>fixdfsi.S.obj</name>
      </input_file>
      <input_file id="fl-c7">
         <path>C:\ti\ccs1260\ccs\tools\compiler\ti-cgt-armllvm_3.2.1.LTS\lib\clang\15.0.7\lib\armv6m-ti-none-eabi\</path>
         <kind>archive</kind>
         <file>libclang_rt.builtins.a</file>
         <name>floatsidf.S.obj</name>
      </input_file>
      <input_file id="fl-c8">
         <path>C:\ti\ccs1260\ccs\tools\compiler\ti-cgt-armllvm_3.2.1.LTS\lib\clang\15.0.7\lib\armv6m-ti-none-eabi\</path>
         <kind>archive</kind>
         <file>libclang_rt.builtins.a</file>
         <name>floatunsidf.S.obj</name>
      </input_file>
      <input_file id="fl-c9">
         <path>C:\ti\ccs1260\ccs\tools\compiler\ti-cgt-armllvm_3.2.1.LTS\lib\clang\15.0.7\lib\armv6m-ti-none-eabi\</path>
         <kind>archive</kind>
         <file>libclang_rt.builtins.a</file>
         <name>muldi3.S.obj</name>
      </input_file>
      <input_file id="fl-ca">
         <path>C:\ti\ccs1260\ccs\tools\compiler\ti-cgt-armllvm_3.2.1.LTS\lib\clang\15.0.7\lib\armv6m-ti-none-eabi\</path>
         <kind>archive</kind>
         <file>libclang_rt.builtins.a</file>
         <name>truncdfsf2.S.obj</name>
      </input_file>
      <input_file id="fl-cb">
         <path>C:\ti\ccs1260\ccs\tools\compiler\ti-cgt-armllvm_3.2.1.LTS\lib\clang\15.0.7\lib\armv6m-ti-none-eabi\</path>
         <kind>archive</kind>
         <file>libclang_rt.builtins.a</file>
         <name>aeabi_dcmp.S.obj</name>
      </input_file>
      <input_file id="fl-cc">
         <path>C:\ti\ccs1260\ccs\tools\compiler\ti-cgt-armllvm_3.2.1.LTS\lib\clang\15.0.7\lib\armv6m-ti-none-eabi\</path>
         <kind>archive</kind>
         <file>libclang_rt.builtins.a</file>
         <name>aeabi_idivmod.S.obj</name>
      </input_file>
      <input_file id="fl-cd">
         <path>C:\ti\ccs1260\ccs\tools\compiler\ti-cgt-armllvm_3.2.1.LTS\lib\clang\15.0.7\lib\armv6m-ti-none-eabi\</path>
         <kind>archive</kind>
         <file>libclang_rt.builtins.a</file>
         <name>aeabi_memcpy.S.obj</name>
      </input_file>
      <input_file id="fl-ce">
         <path>C:\ti\ccs1260\ccs\tools\compiler\ti-cgt-armllvm_3.2.1.LTS\lib\clang\15.0.7\lib\armv6m-ti-none-eabi\</path>
         <kind>archive</kind>
         <file>libclang_rt.builtins.a</file>
         <name>aeabi_memset.S.obj</name>
      </input_file>
      <input_file id="fl-cf">
         <path>C:\ti\ccs1260\ccs\tools\compiler\ti-cgt-armllvm_3.2.1.LTS\lib\clang\15.0.7\lib\armv6m-ti-none-eabi\</path>
         <kind>archive</kind>
         <file>libclang_rt.builtins.a</file>
         <name>aeabi_uidivmod.S.obj</name>
      </input_file>
      <input_file id="fl-d0">
         <path>C:\ti\ccs1260\ccs\tools\compiler\ti-cgt-armllvm_3.2.1.LTS\lib\clang\15.0.7\lib\armv6m-ti-none-eabi\</path>
         <kind>archive</kind>
         <file>libclang_rt.builtins.a</file>
         <name>aeabi_uldivmod.S.obj</name>
      </input_file>
      <input_file id="fl-d1">
         <path>C:\ti\ccs1260\ccs\tools\compiler\ti-cgt-armllvm_3.2.1.LTS\lib\clang\15.0.7\lib\armv6m-ti-none-eabi\</path>
         <kind>archive</kind>
         <file>libclang_rt.builtins.a</file>
         <name>udivmoddi4.S.obj</name>
      </input_file>
      <input_file id="fl-d2">
         <path>C:\ti\ccs1260\ccs\tools\compiler\ti-cgt-armllvm_3.2.1.LTS\lib\clang\15.0.7\lib\armv6m-ti-none-eabi\</path>
         <kind>archive</kind>
         <file>libclang_rt.builtins.a</file>
         <name>ashldi3.S.obj</name>
      </input_file>
      <input_file id="fl-d3">
         <path>C:\ti\ccs1260\ccs\tools\compiler\ti-cgt-armllvm_3.2.1.LTS\lib\clang\15.0.7\lib\armv6m-ti-none-eabi\</path>
         <kind>archive</kind>
         <file>libclang_rt.builtins.a</file>
         <name>comparedf2.c.obj</name>
      </input_file>
      <input_file id="fl-d4">
         <path>C:\ti\ccs1260\ccs\tools\compiler\ti-cgt-armllvm_3.2.1.LTS\lib\clang\15.0.7\lib\armv6m-ti-none-eabi\</path>
         <kind>archive</kind>
         <file>libclang_rt.builtins.a</file>
         <name>aeabi_div0.c.obj</name>
      </input_file>
      <input_file id="fl-d5">
         <path>C:\ti\ccs1260\ccs\tools\compiler\ti-cgt-armllvm_3.2.1.LTS\lib\armv6m-ti-none-eabi\c\</path>
         <kind>archive</kind>
         <file>libc.a</file>
         <name>getdevice.c.obj</name>
      </input_file>
      <input_file id="fl-d6">
         <path>C:\ti\ccs1260\ccs\tools\compiler\ti-cgt-armllvm_3.2.1.LTS\lib\armv6m-ti-none-eabi\c\</path>
         <kind>archive</kind>
         <file>libc.a</file>
         <name>memcpy16.S.obj</name>
      </input_file>
      <input_file id="fl-d7">
         <path>C:\ti\ccs1260\ccs\tools\compiler\ti-cgt-armllvm_3.2.1.LTS\lib\armv6m-ti-none-eabi\c\</path>
         <kind>archive</kind>
         <file>libc.a</file>
         <name>memset16.S.obj</name>
      </input_file>
   </input_file_list>
   <object_component_list>
      <object_component id="oc-18">
         <name>.intvecs</name>
         <load_address>0x0</load_address>
         <readonly>true</readonly>
         <run_address>0x0</run_address>
         <size>0xc0</size>
         <alignment>0x4</alignment>
         <input_file_ref idref="fl-10"/>
      </object_component>
      <object_component id="oc-b3">
         <name>.text.main</name>
         <load_address>0x1c020</load_address>
         <readonly>true</readonly>
         <executable>true</executable>
         <run_address>0x1c020</run_address>
         <size>0x830</size>
         <alignment>0x4</alignment>
         <input_file_ref idref="fl-6"/>
      </object_component>
      <object_component id="oc-41">
         <name>.text.TIMG12_IRQHandler</name>
         <load_address>0x1c850</load_address>
         <readonly>true</readonly>
         <executable>true</executable>
         <run_address>0x1c850</run_address>
         <size>0x560</size>
         <alignment>0x4</alignment>
         <input_file_ref idref="fl-6"/>
      </object_component>
      <object_component id="oc-1da">
         <name>.text:__TI_printfi_minimal</name>
         <load_address>0x1cdb0</load_address>
         <readonly>true</readonly>
         <executable>true</executable>
         <run_address>0x1cdb0</run_address>
         <size>0x284</size>
         <alignment>0x4</alignment>
         <input_file_ref idref="fl-2c"/>
      </object_component>
      <object_component id="oc-112">
         <name>.text.fillPolygon</name>
         <load_address>0x1d034</load_address>
         <readonly>true</readonly>
         <executable>true</executable>
         <run_address>0x1d034</run_address>
         <size>0x244</size>
         <alignment>0x4</alignment>
         <input_file_ref idref="fl-6"/>
      </object_component>
      <object_component id="oc-f6">
         <name>.text.ST7735_DrawBitmap</name>
         <load_address>0x1d278</load_address>
         <readonly>true</readonly>
         <executable>true</executable>
         <run_address>0x1d278</run_address>
         <size>0x210</size>
         <alignment>0x4</alignment>
         <input_file_ref idref="fl-9"/>
      </object_component>
      <object_component id="oc-149">
         <name>.text.Clock_Init80MHz</name>
         <load_address>0x1d488</load_address>
         <readonly>true</readonly>
         <executable>true</executable>
         <run_address>0x1d488</run_address>
         <size>0x1b4</size>
         <alignment>0x4</alignment>
         <input_file_ref idref="fl-3"/>
      </object_component>
      <object_component id="oc-237">
         <name>.text.ST7735_DrawCharS</name>
         <load_address>0x1d63c</load_address>
         <readonly>true</readonly>
         <executable>true</executable>
         <run_address>0x1d63c</run_address>
         <size>0x1a0</size>
         <alignment>0x4</alignment>
         <input_file_ref idref="fl-9"/>
      </object_component>
      <object_component id="oc-1c3">
         <name>.text._openfile</name>
         <load_address>0x1d7dc</load_address>
         <readonly>true</readonly>
         <executable>true</executable>
         <run_address>0x1d7dc</run_address>
         <size>0x160</size>
         <alignment>0x4</alignment>
         <input_file_ref idref="fl-2d"/>
      </object_component>
      <object_component id="oc-111">
         <name>.text.convexHull</name>
         <load_address>0x1d93c</load_address>
         <readonly>true</readonly>
         <executable>true</executable>
         <run_address>0x1d93c</run_address>
         <size>0x138</size>
         <alignment>0x4</alignment>
         <input_file_ref idref="fl-6"/>
      </object_component>
      <object_component id="oc-235">
         <name>.text.aligned_alloc</name>
         <load_address>0x1da74</load_address>
         <readonly>true</readonly>
         <executable>true</executable>
         <run_address>0x1da74</run_address>
         <size>0x12c</size>
         <alignment>0x4</alignment>
         <input_file_ref idref="fl-3c"/>
      </object_component>
      <object_component id="oc-17c">
         <name>.text.ADC_Init</name>
         <load_address>0x1dba0</load_address>
         <readonly>true</readonly>
         <executable>true</executable>
         <run_address>0x1dba0</run_address>
         <size>0x128</size>
         <alignment>0x4</alignment>
         <input_file_ref idref="fl-d"/>
      </object_component>
      <object_component id="oc-170">
         <name>.text.ST7735_FillRect</name>
         <load_address>0x1dcc8</load_address>
         <readonly>true</readonly>
         <executable>true</executable>
         <run_address>0x1dcc8</run_address>
         <size>0x118</size>
         <alignment>0x4</alignment>
         <input_file_ref idref="fl-9"/>
      </object_component>
      <object_component id="oc-1e8">
         <name>.text.fputs</name>
         <load_address>0x1dde0</load_address>
         <readonly>true</readonly>
         <executable>true</executable>
         <run_address>0x1dde0</run_address>
         <size>0x104</size>
         <alignment>0x4</alignment>
         <input_file_ref idref="fl-2f"/>
      </object_component>
      <object_component id="oc-1f7">
         <name>.text.SPI_Init</name>
         <load_address>0x1dee4</load_address>
         <readonly>true</readonly>
         <executable>true</executable>
         <run_address>0x1dee4</run_address>
         <size>0xf8</size>
         <alignment>0x4</alignment>
         <input_file_ref idref="fl-8"/>
      </object_component>
      <object_component id="oc-82">
         <name>.text.isInsideConvexHull</name>
         <load_address>0x1dfdc</load_address>
         <readonly>true</readonly>
         <executable>true</executable>
         <run_address>0x1dfdc</run_address>
         <size>0xf6</size>
         <alignment>0x2</alignment>
         <input_file_ref idref="fl-6"/>
      </object_component>
      <object_component id="oc-ea">
         <name>.text.LED_Init</name>
         <load_address>0x1e0d2</load_address>
         <readonly>true</readonly>
         <executable>true</executable>
         <run_address>0x1e0d2</run_address>
         <size>0x2</size>
         <alignment>0x2</alignment>
         <input_file_ref idref="fl-5"/>
      </object_component>
      <object_component id="oc-152">
         <name>.text.add_device</name>
         <load_address>0x1e0d4</load_address>
         <readonly>true</readonly>
         <executable>true</executable>
         <run_address>0x1e0d4</run_address>
         <size>0xec</size>
         <alignment>0x4</alignment>
         <input_file_ref idref="fl-b8"/>
      </object_component>
      <object_component id="oc-1cc">
         <name>.text.free</name>
         <load_address>0x1e1c0</load_address>
         <readonly>true</readonly>
         <executable>true</executable>
         <run_address>0x1e1c0</run_address>
         <size>0xec</size>
         <alignment>0x4</alignment>
         <input_file_ref idref="fl-3c"/>
      </object_component>
      <object_component id="oc-17e">
         <name>.text.UART_Init</name>
         <load_address>0x1e2ac</load_address>
         <readonly>true</readonly>
         <executable>true</executable>
         <run_address>0x1e2ac</run_address>
         <size>0xe8</size>
         <alignment>0x4</alignment>
         <input_file_ref idref="fl-d"/>
      </object_component>
      <object_component id="oc-15d">
         <name>.text.setvbuf</name>
         <load_address>0x1e394</load_address>
         <readonly>true</readonly>
         <executable>true</executable>
         <run_address>0x1e394</run_address>
         <size>0xdc</size>
         <alignment>0x4</alignment>
         <input_file_ref idref="fl-31"/>
      </object_component>
      <object_component id="oc-1d3">
         <name>.text.ST7735_OutChar</name>
         <load_address>0x1e470</load_address>
         <readonly>true</readonly>
         <executable>true</executable>
         <run_address>0x1e470</run_address>
         <size>0xd0</size>
         <alignment>0x4</alignment>
         <input_file_ref idref="fl-9"/>
      </object_component>
      <object_component id="oc-184">
         <name>.text.TimerG7_IntArm</name>
         <load_address>0x1e540</load_address>
         <readonly>true</readonly>
         <executable>true</executable>
         <run_address>0x1e540</run_address>
         <size>0xa8</size>
         <alignment>0x4</alignment>
         <input_file_ref idref="fl-e"/>
      </object_component>
      <object_component id="oc-21d">
         <name>.text.open</name>
         <load_address>0x1e5e8</load_address>
         <readonly>true</readonly>
         <executable>true</executable>
         <run_address>0x1e5e8</run_address>
         <size>0xa8</size>
         <alignment>0x4</alignment>
         <input_file_ref idref="fl-b5"/>
      </object_component>
      <object_component id="oc-1ac">
         <name>.text.commandList</name>
         <load_address>0x1e690</load_address>
         <readonly>true</readonly>
         <executable>true</executable>
         <run_address>0x1e690</run_address>
         <size>0xa2</size>
         <alignment>0x2</alignment>
         <input_file_ref idref="fl-9"/>
      </object_component>
      <object_component id="oc-13c">
         <name>.text.__aeabi_idiv0</name>
         <load_address>0x1e732</load_address>
         <readonly>true</readonly>
         <executable>true</executable>
         <run_address>0x1e732</run_address>
         <size>0x2</size>
         <alignment>0x2</alignment>
         <input_file_ref idref="fl-d4"/>
      </object_component>
      <object_component id="oc-d9">
         <name>.text.ST7735_InitPrintf</name>
         <load_address>0x1e734</load_address>
         <readonly>true</readonly>
         <executable>true</executable>
         <run_address>0x1e734</run_address>
         <size>0x9c</size>
         <alignment>0x4</alignment>
         <input_file_ref idref="fl-9"/>
      </object_component>
      <object_component id="oc-1ee">
         <name>.text.fputc</name>
         <load_address>0x1e7d0</load_address>
         <readonly>true</readonly>
         <executable>true</executable>
         <run_address>0x1e7d0</run_address>
         <size>0x9c</size>
         <alignment>0x4</alignment>
         <input_file_ref idref="fl-2e"/>
      </object_component>
      <object_component id="oc-151">
         <name>.text.ST7735_InitR</name>
         <load_address>0x1e86c</load_address>
         <readonly>true</readonly>
         <executable>true</executable>
         <run_address>0x1e86c</run_address>
         <size>0x98</size>
         <alignment>0x4</alignment>
         <input_file_ref idref="fl-9"/>
      </object_component>
      <object_component id="oc-f1">
         <name>.text.TimerG12_IntArm</name>
         <load_address>0x1e904</load_address>
         <readonly>true</readonly>
         <executable>true</executable>
         <run_address>0x1e904</run_address>
         <size>0x94</size>
         <alignment>0x4</alignment>
         <input_file_ref idref="fl-e"/>
      </object_component>
      <object_component id="oc-187">
         <name>.text.setAddrWindow</name>
         <load_address>0x1e998</load_address>
         <readonly>true</readonly>
         <executable>true</executable>
         <run_address>0x1e998</run_address>
         <size>0x88</size>
         <alignment>0x4</alignment>
         <input_file_ref idref="fl-9"/>
      </object_component>
      <object_component id="oc-236">
         <name>.text.ST7735_DrawString</name>
         <load_address>0x1ea20</load_address>
         <readonly>true</readonly>
         <executable>true</executable>
         <run_address>0x1ea20</run_address>
         <size>0x84</size>
         <alignment>0x2</alignment>
         <input_file_ref idref="fl-9"/>
      </object_component>
      <object_component id="oc-d4">
         <name>.text.LaunchPad_Init</name>
         <load_address>0x1eaa4</load_address>
         <readonly>true</readonly>
         <executable>true</executable>
         <run_address>0x1eaa4</run_address>
         <size>0x7c</size>
         <alignment>0x4</alignment>
         <input_file_ref idref="fl-7"/>
      </object_component>
      <object_component id="oc-1c6">
         <name>.text.__TI_closefile</name>
         <load_address>0x1eb20</load_address>
         <readonly>true</readonly>
         <executable>true</executable>
         <run_address>0x1eb20</run_address>
         <size>0x7c</size>
         <alignment>0x4</alignment>
         <input_file_ref idref="fl-45"/>
      </object_component>
      <object_component id="oc-df">
         <name>.text.ADC1init</name>
         <load_address>0x1eb9c</load_address>
         <readonly>true</readonly>
         <executable>true</executable>
         <run_address>0x1eb9c</run_address>
         <size>0x78</size>
         <alignment>0x4</alignment>
         <input_file_ref idref="fl-1"/>
      </object_component>
      <object_component id="oc-e4">
         <name>.text.ADC2init</name>
         <load_address>0x1ec14</load_address>
         <readonly>true</readonly>
         <executable>true</executable>
         <run_address>0x1ec14</run_address>
         <size>0x78</size>
         <alignment>0x4</alignment>
         <input_file_ref idref="fl-2"/>
      </object_component>
      <object_component id="oc-1c">
         <name>.text:decompress:lzss</name>
         <load_address>0x1ec8c</load_address>
         <readonly>true</readonly>
         <executable>true</executable>
         <run_address>0x1ec8c</run_address>
         <size>0x78</size>
         <alignment>0x4</alignment>
         <input_file_ref idref="fl-40"/>
      </object_component>
      <object_component id="oc-2a2">
         <name>.text.ST7735_DrawPixel</name>
         <load_address>0x1ed04</load_address>
         <readonly>true</readonly>
         <executable>true</executable>
         <run_address>0x1ed04</run_address>
         <size>0x70</size>
         <alignment>0x4</alignment>
         <input_file_ref idref="fl-9"/>
      </object_component>
      <object_component id="oc-20b">
         <name>.text.HOSTlseek</name>
         <load_address>0x1ed74</load_address>
         <readonly>true</readonly>
         <executable>true</executable>
         <run_address>0x1ed74</run_address>
         <size>0x6c</size>
         <alignment>0x4</alignment>
         <input_file_ref idref="fl-bb"/>
      </object_component>
      <object_component id="oc-213">
         <name>.text.HOSTrename</name>
         <load_address>0x1ede0</load_address>
         <readonly>true</readonly>
         <executable>true</executable>
         <run_address>0x1ede0</run_address>
         <size>0x6c</size>
         <alignment>0x4</alignment>
         <input_file_ref idref="fl-be"/>
      </object_component>
      <object_component id="oc-314">
         <name>.text.fseeko</name>
         <load_address>0x1ee4c</load_address>
         <readonly>true</readonly>
         <executable>true</executable>
         <run_address>0x1ee4c</run_address>
         <size>0x6c</size>
         <alignment>0x4</alignment>
         <input_file_ref idref="fl-47"/>
      </object_component>
      <object_component id="oc-19a">
         <name>.text.orientation</name>
         <load_address>0x1eeb8</load_address>
         <readonly>true</readonly>
         <executable>true</executable>
         <run_address>0x1eeb8</run_address>
         <size>0x6a</size>
         <alignment>0x2</alignment>
         <input_file_ref idref="fl-6"/>
      </object_component>
      <object_component id="oc-1e2">
         <name>.text._nop</name>
         <load_address>0x1ef22</load_address>
         <readonly>true</readonly>
         <executable>true</executable>
         <run_address>0x1ef22</run_address>
         <size>0x2</size>
         <alignment>0x2</alignment>
         <input_file_ref idref="fl-36"/>
      </object_component>
      <object_component id="oc-28d">
         <name>.text.getdevice</name>
         <load_address>0x1ef24</load_address>
         <readonly>true</readonly>
         <executable>true</executable>
         <run_address>0x1ef24</run_address>
         <size>0x68</size>
         <alignment>0x4</alignment>
         <input_file_ref idref="fl-d5"/>
      </object_component>
      <object_component id="oc-260">
         <name>.text.__TI_wrt_ok</name>
         <load_address>0x1ef8c</load_address>
         <readonly>true</readonly>
         <executable>true</executable>
         <run_address>0x1ef8c</run_address>
         <size>0x64</size>
         <alignment>0x2</alignment>
         <input_file_ref idref="fl-30"/>
      </object_component>
      <object_component id="oc-2a0">
         <name>.text.split</name>
         <load_address>0x1eff0</load_address>
         <readonly>true</readonly>
         <executable>true</executable>
         <run_address>0x1eff0</run_address>
         <size>0x64</size>
         <alignment>0x4</alignment>
         <input_file_ref idref="fl-3c"/>
      </object_component>
      <object_component id="oc-1fb">
         <name>.text.HOSTopen</name>
         <load_address>0x1f054</load_address>
         <readonly>true</readonly>
         <executable>true</executable>
         <run_address>0x1f054</run_address>
         <size>0x60</size>
         <alignment>0x4</alignment>
         <input_file_ref idref="fl-bc"/>
      </object_component>
      <object_component id="oc-fb">
         <name>.text.printf</name>
         <load_address>0x1f0b4</load_address>
         <readonly>true</readonly>
         <executable>true</executable>
         <run_address>0x1f0b4</run_address>
         <size>0x5c</size>
         <alignment>0x4</alignment>
         <input_file_ref idref="fl-2b"/>
      </object_component>
      <object_component id="oc-203">
         <name>.text.HOSTread</name>
         <load_address>0x1f110</load_address>
         <readonly>true</readonly>
         <executable>true</executable>
         <run_address>0x1f110</run_address>
         <size>0x58</size>
         <alignment>0x4</alignment>
         <input_file_ref idref="fl-bd"/>
      </object_component>
      <object_component id="oc-207">
         <name>.text.HOSTwrite</name>
         <load_address>0x1f168</load_address>
         <readonly>true</readonly>
         <executable>true</executable>
         <run_address>0x1f168</run_address>
         <size>0x58</size>
         <alignment>0x4</alignment>
         <input_file_ref idref="fl-c0"/>
      </object_component>
      <object_component id="oc-f0">
         <name>.text.TExaS_Init</name>
         <load_address>0x1f1c0</load_address>
         <readonly>true</readonly>
         <executable>true</executable>
         <run_address>0x1f1c0</run_address>
         <size>0x58</size>
         <alignment>0x4</alignment>
         <input_file_ref idref="fl-d"/>
      </object_component>
      <object_component id="oc-c2">
         <name>.text.__aeabi_idivmod</name>
         <load_address>0x1f218</load_address>
         <readonly>true</readonly>
         <executable>true</executable>
         <run_address>0x1f218</run_address>
         <size>0x56</size>
         <alignment>0x4</alignment>
         <input_file_ref idref="fl-cc"/>
      </object_component>
      <object_component id="oc-221">
         <name>.text.__TI_doflush</name>
         <load_address>0x1f26e</load_address>
         <readonly>true</readonly>
         <executable>true</executable>
         <run_address>0x1f26e</run_address>
         <size>0x52</size>
         <alignment>0x2</alignment>
         <input_file_ref idref="fl-46"/>
      </object_component>
      <object_component id="oc-f8">
         <name>.text.Convert2</name>
         <load_address>0x1f2c0</load_address>
         <readonly>true</readonly>
         <executable>true</executable>
         <run_address>0x1f2c0</run_address>
         <size>0x50</size>
         <alignment>0x4</alignment>
         <input_file_ref idref="fl-2"/>
      </object_component>
      <object_component id="oc-227">
         <name>.text.close</name>
         <load_address>0x1f310</load_address>
         <readonly>true</readonly>
         <executable>true</executable>
         <run_address>0x1f310</run_address>
         <size>0x50</size>
         <alignment>0x4</alignment>
         <input_file_ref idref="fl-b7"/>
      </object_component>
      <object_component id="oc-1ff">
         <name>.text.HOSTclose</name>
         <load_address>0x1f360</load_address>
         <readonly>true</readonly>
         <executable>true</executable>
         <run_address>0x1f360</run_address>
         <size>0x48</size>
         <alignment>0x4</alignment>
         <input_file_ref idref="fl-ba"/>
      </object_component>
      <object_component id="oc-20f">
         <name>.text.HOSTunlink</name>
         <load_address>0x1f3a8</load_address>
         <readonly>true</readonly>
         <executable>true</executable>
         <run_address>0x1f3a8</run_address>
         <size>0x48</size>
         <alignment>0x4</alignment>
         <input_file_ref idref="fl-bf"/>
      </object_component>
      <object_component id="oc-1ad">
         <name>.text.SPI_OutCommand</name>
         <load_address>0x1f3f0</load_address>
         <readonly>true</readonly>
         <executable>true</executable>
         <run_address>0x1f3f0</run_address>
         <size>0x48</size>
         <alignment>0x4</alignment>
         <input_file_ref idref="fl-8"/>
      </object_component>
      <object_component id="oc-e9">
         <name>.text.Switch_Init</name>
         <load_address>0x1f438</load_address>
         <readonly>true</readonly>
         <executable>true</executable>
         <run_address>0x1f438</run_address>
         <size>0x48</size>
         <alignment>0x4</alignment>
         <input_file_ref idref="fl-c"/>
      </object_component>
      <object_component id="oc-f7">
         <name>.text.ADC2in</name>
         <load_address>0x1f480</load_address>
         <readonly>true</readonly>
         <executable>true</executable>
         <run_address>0x1f480</run_address>
         <size>0x44</size>
         <alignment>0x4</alignment>
         <input_file_ref idref="fl-2"/>
      </object_component>
      <object_component id="oc-37">
         <name>.text.SysTick_Handler</name>
         <load_address>0x1f4c4</load_address>
         <readonly>true</readonly>
         <executable>true</executable>
         <run_address>0x1f4c4</run_address>
         <size>0x44</size>
         <alignment>0x4</alignment>
         <input_file_ref idref="fl-b"/>
      </object_component>
      <object_component id="oc-17a">
         <name>.text.SysTick_IntArm</name>
         <load_address>0x1f508</load_address>
         <readonly>true</readonly>
         <executable>true</executable>
         <run_address>0x1f508</run_address>
         <size>0x44</size>
         <alignment>0x4</alignment>
         <input_file_ref idref="fl-b"/>
      </object_component>
      <object_component id="oc-c6">
         <name>.text.crossProduct</name>
         <load_address>0x1f54c</load_address>
         <readonly>true</readonly>
         <executable>true</executable>
         <run_address>0x1f54c</run_address>
         <size>0x42</size>
         <alignment>0x2</alignment>
         <input_file_ref idref="fl-6"/>
      </object_component>
      <object_component id="oc-26e">
         <name>.text.SPI_Reset</name>
         <load_address>0x1f590</load_address>
         <readonly>true</readonly>
         <executable>true</executable>
         <run_address>0x1f590</run_address>
         <size>0x40</size>
         <alignment>0x4</alignment>
         <input_file_ref idref="fl-8"/>
      </object_component>
      <object_component id="oc-3c">
         <name>.text.TIMG7_IRQHandler</name>
         <load_address>0x1f5d0</load_address>
         <readonly>true</readonly>
         <executable>true</executable>
         <run_address>0x1f5d0</run_address>
         <size>0x40</size>
         <alignment>0x4</alignment>
         <input_file_ref idref="fl-d"/>
      </object_component>
      <object_component id="oc-180">
         <name>.text.__aeabi_uidivmod</name>
         <load_address>0x1f610</load_address>
         <readonly>true</readonly>
         <executable>true</executable>
         <run_address>0x1f610</run_address>
         <size>0x40</size>
         <alignment>0x4</alignment>
         <input_file_ref idref="fl-cf"/>
      </object_component>
      <object_component id="oc-1c2">
         <name>.text._search_fp</name>
         <load_address>0x1f650</load_address>
         <readonly>true</readonly>
         <executable>true</executable>
         <run_address>0x1f650</run_address>
         <size>0x40</size>
         <alignment>0x4</alignment>
         <input_file_ref idref="fl-2d"/>
      </object_component>
      <object_component id="oc-17b">
         <name>.text.DAC5_Init</name>
         <load_address>0x1f690</load_address>
         <readonly>true</readonly>
         <executable>true</executable>
         <run_address>0x1f690</run_address>
         <size>0x3c</size>
         <alignment>0x4</alignment>
         <input_file_ref idref="fl-4"/>
      </object_component>
      <object_component id="oc-12a">
         <name>.text:__TI_auto_init_nobinit_nopinit</name>
         <load_address>0x1f6cc</load_address>
         <readonly>true</readonly>
         <executable>true</executable>
         <run_address>0x1f6cc</run_address>
         <size>0x3c</size>
         <alignment>0x4</alignment>
         <input_file_ref idref="fl-4a"/>
      </object_component>
      <object_component id="oc-14e">
         <name>.text.ActivatePortA_B</name>
         <load_address>0x1f708</load_address>
         <readonly>true</readonly>
         <executable>true</executable>
         <run_address>0x1f708</run_address>
         <size>0x38</size>
         <alignment>0x4</alignment>
         <input_file_ref idref="fl-7"/>
      </object_component>
      <object_component id="oc-188">
         <name>.text.SPI_OutData</name>
         <load_address>0x1f740</load_address>
         <readonly>true</readonly>
         <executable>true</executable>
         <run_address>0x1f740</run_address>
         <size>0x38</size>
         <alignment>0x4</alignment>
         <input_file_ref idref="fl-8"/>
      </object_component>
      <object_component id="oc-1b6">
         <name>.text.finddevice</name>
         <load_address>0x1f778</load_address>
         <readonly>true</readonly>
         <executable>true</executable>
         <run_address>0x1f778</run_address>
         <size>0x38</size>
         <alignment>0x4</alignment>
         <input_file_ref idref="fl-d5"/>
      </object_component>
      <object_component id="oc-1f8">
         <name>.text.Clock_Delay1ms</name>
         <load_address>0x1f7b0</load_address>
         <readonly>true</readonly>
         <executable>true</executable>
         <run_address>0x1f7b0</run_address>
         <size>0x34</size>
         <alignment>0x4</alignment>
         <input_file_ref idref="fl-3"/>
      </object_component>
      <object_component id="oc-fa">
         <name>.text.ST7735_SetCursor</name>
         <load_address>0x1f7e4</load_address>
         <readonly>true</readonly>
         <executable>true</executable>
         <run_address>0x1f7e4</run_address>
         <size>0x34</size>
         <alignment>0x4</alignment>
         <input_file_ref idref="fl-9"/>
      </object_component>
      <object_component id="oc-164">
         <name>.text.ST7735_write</name>
         <load_address>0x1f818</load_address>
         <readonly>true</readonly>
         <executable>true</executable>
         <run_address>0x1f818</run_address>
         <size>0x34</size>
         <alignment>0x2</alignment>
         <input_file_ref idref="fl-9"/>
      </object_component>
      <object_component id="oc-18d">
         <name>.text.Sound_Start</name>
         <load_address>0x1f84c</load_address>
         <readonly>true</readonly>
         <executable>true</executable>
         <run_address>0x1f84c</run_address>
         <size>0x34</size>
         <alignment>0x4</alignment>
         <input_file_ref idref="fl-b"/>
      </object_component>
      <object_component id="oc-1cf">
         <name>.text.__TI_cleanup</name>
         <load_address>0x1f880</load_address>
         <readonly>true</readonly>
         <executable>true</executable>
         <run_address>0x1f880</run_address>
         <size>0x34</size>
         <alignment>0x4</alignment>
         <input_file_ref idref="fl-2d"/>
      </object_component>
      <object_component id="oc-275">
         <name>.text.__TI_readmsg</name>
         <load_address>0x1f8b4</load_address>
         <readonly>true</readonly>
         <executable>true</executable>
         <run_address>0x1f8b4</run_address>
         <size>0x34</size>
         <alignment>0x4</alignment>
         <input_file_ref idref="fl-c1"/>
      </object_component>
      <object_component id="oc-26f">
         <name>.text.__TI_writemsg</name>
         <load_address>0x1f8e8</load_address>
         <readonly>true</readonly>
         <executable>true</executable>
         <run_address>0x1f8e8</run_address>
         <size>0x34</size>
         <alignment>0x4</alignment>
         <input_file_ref idref="fl-c1"/>
      </object_component>
      <object_component id="oc-128">
         <name>.text.exit</name>
         <load_address>0x1f91c</load_address>
         <readonly>true</readonly>
         <executable>true</executable>
         <run_address>0x1f91c</run_address>
         <size>0x34</size>
         <alignment>0x4</alignment>
         <input_file_ref idref="fl-35"/>
      </object_component>
      <object_component id="oc-15c">
         <name>.text.freopen</name>
         <load_address>0x1f950</load_address>
         <readonly>true</readonly>
         <executable>true</executable>
         <run_address>0x1f950</run_address>
         <size>0x34</size>
         <alignment>0x4</alignment>
         <input_file_ref idref="fl-2d"/>
      </object_component>
      <object_component id="oc-107">
         <name>.text.Sound_Shoot</name>
         <load_address>0x1f984</load_address>
         <readonly>true</readonly>
         <executable>true</executable>
         <run_address>0x1f984</run_address>
         <size>0x30</size>
         <alignment>0x4</alignment>
         <input_file_ref idref="fl-b"/>
      </object_component>
      <object_component id="oc-1ab">
         <name>.text.commonInit</name>
         <load_address>0x1f9b4</load_address>
         <readonly>true</readonly>
         <executable>true</executable>
         <run_address>0x1f9b4</run_address>
         <size>0x30</size>
         <alignment>0x4</alignment>
         <input_file_ref idref="fl-9"/>
      </object_component>
      <object_component id="oc-156">
         <name>.text.fopen</name>
         <load_address>0x1f9e4</load_address>
         <readonly>true</readonly>
         <executable>true</executable>
         <run_address>0x1f9e4</run_address>
         <size>0x30</size>
         <alignment>0x4</alignment>
         <input_file_ref idref="fl-2d"/>
      </object_component>
      <object_component id="oc-de">
         <name>.text.ST7735_FillScreen</name>
         <load_address>0x1fa14</load_address>
         <readonly>true</readonly>
         <executable>true</executable>
         <run_address>0x1fa14</run_address>
         <size>0x2c</size>
         <alignment>0x4</alignment>
         <input_file_ref idref="fl-9"/>
      </object_component>
      <object_component id="oc-298">
         <name>.text.unlink</name>
         <load_address>0x1fa40</load_address>
         <readonly>true</readonly>
         <executable>true</executable>
         <run_address>0x1fa40</run_address>
         <size>0x2c</size>
         <alignment>0x4</alignment>
         <input_file_ref idref="fl-b9"/>
      </object_component>
      <object_component id="oc-17d">
         <name>.text.ADC_Start</name>
         <load_address>0x1fa6c</load_address>
         <readonly>true</readonly>
         <executable>true</executable>
         <run_address>0x1fa6c</run_address>
         <size>0x28</size>
         <alignment>0x4</alignment>
         <input_file_ref idref="fl-d"/>
      </object_component>
      <object_component id="oc-234">
         <name>.text.free_list_insert</name>
         <load_address>0x1fa94</load_address>
         <readonly>true</readonly>
         <executable>true</executable>
         <run_address>0x1fa94</run_address>
         <size>0x28</size>
         <alignment>0x4</alignment>
         <input_file_ref idref="fl-3c"/>
      </object_component>
      <object_component id="oc-318">
         <name>.text.lseek</name>
         <load_address>0x1fabc</load_address>
         <readonly>true</readonly>
         <executable>true</executable>
         <run_address>0x1fabc</run_address>
         <size>0x28</size>
         <alignment>0x4</alignment>
         <input_file_ref idref="fl-b6"/>
      </object_component>
      <object_component id="oc-266">
         <name>.text.write</name>
         <load_address>0x1fae4</load_address>
         <readonly>true</readonly>
         <executable>true</executable>
         <run_address>0x1fae4</run_address>
         <size>0x28</size>
         <alignment>0x4</alignment>
         <input_file_ref idref="fl-b2"/>
      </object_component>
      <object_component id="oc-61">
         <name>.text:_c_int00_noargs</name>
         <load_address>0x1fb0c</load_address>
         <readonly>true</readonly>
         <executable>true</executable>
         <run_address>0x1fb0c</run_address>
         <size>0x28</size>
         <alignment>0x4</alignment>
         <input_file_ref idref="fl-41"/>
      </object_component>
      <object_component id="oc-23b">
         <name>.text.memccpy</name>
         <load_address>0x1fb34</load_address>
         <readonly>true</readonly>
         <executable>true</executable>
         <run_address>0x1fb34</run_address>
         <size>0x22</size>
         <alignment>0x2</alignment>
         <input_file_ref idref="fl-3b"/>
      </object_component>
      <object_component id="oc-ef">
         <name>.text.Sound_Init</name>
         <load_address>0x1fb58</load_address>
         <readonly>true</readonly>
         <executable>true</executable>
         <run_address>0x1fb58</run_address>
         <size>0x20</size>
         <alignment>0x4</alignment>
         <input_file_ref idref="fl-b"/>
      </object_component>
      <object_component id="oc-2fc">
         <name>.text.pushColor</name>
         <load_address>0x1fb78</load_address>
         <readonly>true</readonly>
         <executable>true</executable>
         <run_address>0x1fb78</run_address>
         <size>0x1e</size>
         <alignment>0x2</alignment>
         <input_file_ref idref="fl-9"/>
      </object_component>
      <object_component id="oc-6d">
         <name>.text.DAC5_Out</name>
         <load_address>0x1fb98</load_address>
         <readonly>true</readonly>
         <executable>true</executable>
         <run_address>0x1fb98</run_address>
         <size>0x1c</size>
         <alignment>0x4</alignment>
         <input_file_ref idref="fl-4"/>
      </object_component>
      <object_component id="oc-232">
         <name>.text.free_list_remove</name>
         <load_address>0x1fbb4</load_address>
         <readonly>true</readonly>
         <executable>true</executable>
         <run_address>0x1fbb4</run_address>
         <size>0x1c</size>
         <alignment>0x4</alignment>
         <input_file_ref idref="fl-3c"/>
      </object_component>
      <object_component id="oc-167">
         <name>.text.ST7735_open</name>
         <load_address>0x1fbd0</load_address>
         <readonly>true</readonly>
         <executable>true</executable>
         <run_address>0x1fbd0</run_address>
         <size>0x16</size>
         <alignment>0x2</alignment>
         <input_file_ref idref="fl-9"/>
      </object_component>
      <object_component id="oc-165">
         <name>.text.ST7735_read</name>
         <load_address>0x1fbe6</load_address>
         <readonly>true</readonly>
         <executable>true</executable>
         <run_address>0x1fbe6</run_address>
         <size>0x16</size>
         <alignment>0x2</alignment>
         <input_file_ref idref="fl-9"/>
      </object_component>
      <object_component id="oc-f9">
         <name>.text.Sound_Killed</name>
         <load_address>0x1fbfc</load_address>
         <readonly>true</readonly>
         <executable>true</executable>
         <run_address>0x1fbfc</run_address>
         <size>0x14</size>
         <alignment>0x4</alignment>
         <input_file_ref idref="fl-b"/>
      </object_component>
      <object_component id="oc-7a">
         <name>.text.Switch_InA</name>
         <load_address>0x1fc10</load_address>
         <readonly>true</readonly>
         <executable>true</executable>
         <run_address>0x1fc10</run_address>
         <size>0x14</size>
         <alignment>0x4</alignment>
         <input_file_ref idref="fl-c"/>
      </object_component>
      <object_component id="oc-7f">
         <name>.text.Switch_InB</name>
         <load_address>0x1fc24</load_address>
         <readonly>true</readonly>
         <executable>true</executable>
         <run_address>0x1fc24</run_address>
         <size>0x14</size>
         <alignment>0x4</alignment>
         <input_file_ref idref="fl-c"/>
      </object_component>
      <object_component id="oc-80">
         <name>.text.Switch_InC</name>
         <load_address>0x1fc38</load_address>
         <readonly>true</readonly>
         <executable>true</executable>
         <run_address>0x1fc38</run_address>
         <size>0x14</size>
         <alignment>0x4</alignment>
         <input_file_ref idref="fl-c"/>
      </object_component>
      <object_component id="oc-81">
         <name>.text.Switch_InD</name>
         <load_address>0x1fc4c</load_address>
         <readonly>true</readonly>
         <executable>true</executable>
         <run_address>0x1fc4c</run_address>
         <size>0x14</size>
         <alignment>0x4</alignment>
         <input_file_ref idref="fl-c"/>
      </object_component>
      <object_component id="oc-83">
         <name>.text.Switch_InE</name>
         <load_address>0x1fc60</load_address>
         <readonly>true</readonly>
         <executable>true</executable>
         <run_address>0x1fc60</run_address>
         <size>0x14</size>
         <alignment>0x4</alignment>
         <input_file_ref idref="fl-c"/>
      </object_component>
      <object_component id="oc-84">
         <name>.text.Switch_InF</name>
         <load_address>0x1fc74</load_address>
         <readonly>true</readonly>
         <executable>true</executable>
         <run_address>0x1fc74</run_address>
         <size>0x14</size>
         <alignment>0x4</alignment>
         <input_file_ref idref="fl-c"/>
      </object_component>
      <object_component id="oc-85">
         <name>.text.Switch_InG</name>
         <load_address>0x1fc88</load_address>
         <readonly>true</readonly>
         <executable>true</executable>
         <run_address>0x1fc88</run_address>
         <size>0x14</size>
         <alignment>0x4</alignment>
         <input_file_ref idref="fl-c"/>
      </object_component>
      <object_component id="oc-289">
         <name>.text.strcpy</name>
         <load_address>0x1fc9c</load_address>
         <readonly>true</readonly>
         <executable>true</executable>
         <run_address>0x1fc9c</run_address>
         <size>0x12</size>
         <alignment>0x2</alignment>
         <input_file_ref idref="fl-be"/>
      </object_component>
      <object_component id="oc-c9">
         <name>.text:TI_memcpy_small</name>
         <load_address>0x1fcae</load_address>
         <readonly>true</readonly>
         <executable>true</executable>
         <run_address>0x1fcae</run_address>
         <size>0x12</size>
         <alignment>0x1</alignment>
         <input_file_ref idref="fl-d6"/>
      </object_component>
      <object_component id="oc-20">
         <name>.text:decompress:none</name>
         <load_address>0x1fcc0</load_address>
         <readonly>true</readonly>
         <executable>true</executable>
         <run_address>0x1fcc0</run_address>
         <size>0x12</size>
         <alignment>0x2</alignment>
         <input_file_ref idref="fl-3f"/>
      </object_component>
      <object_component id="oc-173">
         <name>.text.Clock_Delay</name>
         <load_address>0x1fcd2</load_address>
         <readonly>true</readonly>
         <executable>true</executable>
         <run_address>0x1fcd2</run_address>
         <size>0x10</size>
         <alignment>0x2</alignment>
         <input_file_ref idref="fl-3"/>
      </object_component>
      <object_component id="oc-86">
         <name>.text.Switch_InH</name>
         <load_address>0x1fce4</load_address>
         <readonly>true</readonly>
         <executable>true</executable>
         <run_address>0x1fce4</run_address>
         <size>0x10</size>
         <alignment>0x4</alignment>
         <input_file_ref idref="fl-c"/>
      </object_component>
      <object_component id="oc-101">
         <name>.text.TExaS_LaunchPadLogicPB27PB26</name>
         <load_address>0x1fcf4</load_address>
         <readonly>true</readonly>
         <executable>true</executable>
         <run_address>0x1fcf4</run_address>
         <size>0x10</size>
         <alignment>0x4</alignment>
         <input_file_ref idref="fl-6"/>
      </object_component>
      <object_component id="oc-5e">
         <name>.text:decompress:ZI</name>
         <load_address>0x1fd04</load_address>
         <readonly>true</readonly>
         <executable>true</executable>
         <run_address>0x1fd04</run_address>
         <size>0x10</size>
         <alignment>0x2</alignment>
         <input_file_ref idref="fl-3e"/>
      </object_component>
      <object_component id="oc-233">
         <name>.text.OUTLINED_FUNCTION_0</name>
         <load_address>0x1fd14</load_address>
         <readonly>true</readonly>
         <executable>true</executable>
         <run_address>0x1fd14</run_address>
         <size>0xe</size>
         <alignment>0x2</alignment>
         <input_file_ref idref="fl-3c"/>
      </object_component>
      <object_component id="oc-163">
         <name>.text.ST7735_lseek</name>
         <load_address>0x1fd22</load_address>
         <readonly>true</readonly>
         <executable>true</executable>
         <run_address>0x1fd22</run_address>
         <size>0xe</size>
         <alignment>0x2</alignment>
         <input_file_ref idref="fl-9"/>
      </object_component>
      <object_component id="oc-23a">
         <name>.text.__aeabi_memset</name>
         <load_address>0x1fd30</load_address>
         <readonly>true</readonly>
         <executable>true</executable>
         <run_address>0x1fd30</run_address>
         <size>0xe</size>
         <alignment>0x4</alignment>
         <input_file_ref idref="fl-ce"/>
      </object_component>
      <object_component id="oc-239">
         <name>.text.strlen</name>
         <load_address>0x1fd3e</load_address>
         <readonly>true</readonly>
         <executable>true</executable>
         <run_address>0x1fd3e</run_address>
         <size>0xe</size>
         <alignment>0x2</alignment>
         <input_file_ref idref="fl-2c"/>
      </object_component>
      <object_component id="oc-28a">
         <name>.text.strlen</name>
         <load_address>0x1fd4c</load_address>
         <readonly>true</readonly>
         <executable>true</executable>
         <run_address>0x1fd4c</run_address>
         <size>0xe</size>
         <alignment>0x2</alignment>
         <input_file_ref idref="fl-be"/>
      </object_component>
      <object_component id="oc-143">
         <name>.text:TI_memset_small</name>
         <load_address>0x1fd5a</load_address>
         <readonly>true</readonly>
         <executable>true</executable>
         <run_address>0x1fd5a</run_address>
         <size>0xe</size>
         <alignment>0x1</alignment>
         <input_file_ref idref="fl-d7"/>
      </object_component>
      <object_component id="oc-17f">
         <name>.text.Clock_Freq</name>
         <load_address>0x1fd68</load_address>
         <readonly>true</readonly>
         <executable>true</executable>
         <run_address>0x1fd68</run_address>
         <size>0xc</size>
         <alignment>0x4</alignment>
         <input_file_ref idref="fl-3"/>
      </object_component>
      <object_component id="oc-161">
         <name>.text.ST7735_rename</name>
         <load_address>0x1fd74</load_address>
         <readonly>true</readonly>
         <executable>true</executable>
         <run_address>0x1fd74</run_address>
         <size>0xc</size>
         <alignment>0x2</alignment>
         <input_file_ref idref="fl-9"/>
      </object_component>
      <object_component id="oc-aa">
         <name>.text.__aeabi_memclr</name>
         <load_address>0x1fd80</load_address>
         <readonly>true</readonly>
         <executable>true</executable>
         <run_address>0x1fd80</run_address>
         <size>0xc</size>
         <alignment>0x4</alignment>
         <input_file_ref idref="fl-ce"/>
      </object_component>
      <object_component id="oc-1ce">
         <name>.text.malloc</name>
         <load_address>0x1fd8c</load_address>
         <readonly>true</readonly>
         <executable>true</executable>
         <run_address>0x1fd8c</run_address>
         <size>0xc</size>
         <alignment>0x2</alignment>
         <input_file_ref idref="fl-3c"/>
      </object_component>
      <object_component id="oc-d3">
         <name>.text.PLL_Init</name>
         <load_address>0x1fd98</load_address>
         <readonly>true</readonly>
         <executable>true</executable>
         <run_address>0x1fd98</run_address>
         <size>0xa</size>
         <alignment>0x2</alignment>
         <input_file_ref idref="fl-6"/>
      </object_component>
      <object_component id="oc-168">
         <name>.text.ST7735_close</name>
         <load_address>0x1fda2</load_address>
         <readonly>true</readonly>
         <executable>true</executable>
         <run_address>0x1fda2</run_address>
         <size>0xa</size>
         <alignment>0x2</alignment>
         <input_file_ref idref="fl-9"/>
      </object_component>
      <object_component id="oc-162">
         <name>.text.ST7735_unlink</name>
         <load_address>0x1fdac</load_address>
         <readonly>true</readonly>
         <executable>true</executable>
         <run_address>0x1fdac</run_address>
         <size>0xa</size>
         <alignment>0x2</alignment>
         <input_file_ref idref="fl-9"/>
      </object_component>
      <object_component id="oc-51">
         <name>.text.__aeabi_memcpy</name>
         <load_address>0x1fdb8</load_address>
         <readonly>true</readonly>
         <executable>true</executable>
         <run_address>0x1fdb8</run_address>
         <size>0x8</size>
         <alignment>0x4</alignment>
         <input_file_ref idref="fl-cd"/>
      </object_component>
      <object_component id="oc-195">
         <name>.text._outc</name>
         <load_address>0x1fdc0</load_address>
         <readonly>true</readonly>
         <executable>true</executable>
         <run_address>0x1fdc0</run_address>
         <size>0x8</size>
         <alignment>0x2</alignment>
         <input_file_ref idref="fl-2b"/>
      </object_component>
      <object_component id="oc-194">
         <name>.text._outs</name>
         <load_address>0x1fdc8</load_address>
         <readonly>true</readonly>
         <executable>true</executable>
         <run_address>0x1fdc8</run_address>
         <size>0x8</size>
         <alignment>0x2</alignment>
         <input_file_ref idref="fl-2b"/>
      </object_component>
      <object_component id="oc-2eb">
         <name>.text.fseek</name>
         <load_address>0x1fdd0</load_address>
         <readonly>true</readonly>
         <executable>true</executable>
         <run_address>0x1fdd0</run_address>
         <size>0x8</size>
         <alignment>0x2</alignment>
         <input_file_ref idref="fl-47"/>
      </object_component>
      <object_component id="oc-22b">
         <name>.text.remove</name>
         <load_address>0x1fdd8</load_address>
         <readonly>true</readonly>
         <executable>true</executable>
         <run_address>0x1fdd8</run_address>
         <size>0x8</size>
         <alignment>0x2</alignment>
         <input_file_ref idref="fl-b4"/>
      </object_component>
      <object_component id="oc-35">
         <name>.text.Default_Handler</name>
         <load_address>0x1fde0</load_address>
         <readonly>true</readonly>
         <executable>true</executable>
         <run_address>0x1fde0</run_address>
         <size>0x4</size>
         <alignment>0x2</alignment>
         <input_file_ref idref="fl-10"/>
      </object_component>
      <object_component id="oc-36">
         <name>.text.HardFault_Handler</name>
         <load_address>0x1fde4</load_address>
         <readonly>true</readonly>
         <executable>true</executable>
         <run_address>0x1fde4</run_address>
         <size>0x4</size>
         <alignment>0x2</alignment>
         <input_file_ref idref="fl-10"/>
      </object_component>
      <object_component id="oc-31">
         <name>.text.Reset_Handler</name>
         <load_address>0x1fde8</load_address>
         <readonly>true</readonly>
         <executable>true</executable>
         <run_address>0x1fde8</run_address>
         <size>0x4</size>
         <alignment>0x2</alignment>
         <input_file_ref idref="fl-10"/>
      </object_component>
      <object_component id="oc-af">
         <name>.text._system_pre_init</name>
         <load_address>0x1fdec</load_address>
         <readonly>true</readonly>
         <executable>true</executable>
         <run_address>0x1fdec</run_address>
         <size>0x4</size>
         <alignment>0x2</alignment>
         <input_file_ref idref="fl-4b"/>
      </object_component>
      <object_component id="oc-123">
         <name>.text:abort</name>
         <load_address>0x1fdf0</load_address>
         <readonly>true</readonly>
         <executable>true</executable>
         <run_address>0x1fdf0</run_address>
         <size>0x4</size>
         <alignment>0x2</alignment>
         <input_file_ref idref="fl-35"/>
      </object_component>
      <object_component id="oc-362">
         <name>.cinit..data.load</name>
         <load_address>0x1fdf8</load_address>
         <readonly>true</readonly>
         <run_address>0x1fdf8</run_address>
         <size>0xad</size>
         <alignment>0x1</alignment>
      </object_component>
      <object_component id="oc-360">
         <name>__TI_handler_table</name>
         <load_address>0x1fea8</load_address>
         <readonly>true</readonly>
         <run_address>0x1fea8</run_address>
         <size>0xc</size>
         <alignment>0x4</alignment>
      </object_component>
      <object_component id="oc-363">
         <name>.cinit..bss.load</name>
         <load_address>0x1feb4</load_address>
         <readonly>true</readonly>
         <run_address>0x1feb4</run_address>
         <size>0x8</size>
         <alignment>0x4</alignment>
      </object_component>
      <object_component id="oc-361">
         <name>__TI_cinit_table</name>
         <load_address>0x1febc</load_address>
         <readonly>true</readonly>
         <run_address>0x1febc</run_address>
         <size>0x10</size>
         <alignment>0x4</alignment>
      </object_component>
      <object_component id="oc-115">
         <name>.rodata.Startbackground</name>
         <load_address>0xc0</load_address>
         <readonly>true</readonly>
         <run_address>0xc0</run_address>
         <size>0xa000</size>
         <alignment>0x2</alignment>
         <input_file_ref idref="fl-6"/>
      </object_component>
      <object_component id="oc-102">
         <name>.rodata.blueStart</name>
         <load_address>0xa0c0</load_address>
         <readonly>true</readonly>
         <run_address>0xa0c0</run_address>
         <size>0x2580</size>
         <alignment>0x2</alignment>
         <input_file_ref idref="fl-6"/>
      </object_component>
      <object_component id="oc-103">
         <name>.rodata.redStart</name>
         <load_address>0xc640</load_address>
         <readonly>true</readonly>
         <run_address>0xc640</run_address>
         <size>0x2580</size>
         <alignment>0x2</alignment>
         <input_file_ref idref="fl-6"/>
      </object_component>
      <object_component id="oc-11b">
         <name>.rodata.pigLatinStart</name>
         <load_address>0xebc0</load_address>
         <readonly>true</readonly>
         <run_address>0xebc0</run_address>
         <size>0x2300</size>
         <alignment>0x2</alignment>
         <input_file_ref idref="fl-6"/>
      </object_component>
      <object_component id="oc-118">
         <name>.rodata.startButton</name>
         <load_address>0x10ec0</load_address>
         <readonly>true</readonly>
         <run_address>0x10ec0</run_address>
         <size>0x2300</size>
         <alignment>0x2</alignment>
         <input_file_ref idref="fl-6"/>
      </object_component>
      <object_component id="oc-114">
         <name>.rodata.blueWinPigLatin</name>
         <load_address>0x131c0</load_address>
         <readonly>true</readonly>
         <run_address>0x131c0</run_address>
         <size>0x1900</size>
         <alignment>0x2</alignment>
         <input_file_ref idref="fl-6"/>
      </object_component>
      <object_component id="oc-10e">
         <name>.rodata.blueWins</name>
         <load_address>0x14ac0</load_address>
         <readonly>true</readonly>
         <run_address>0x14ac0</run_address>
         <size>0x1900</size>
         <alignment>0x2</alignment>
         <input_file_ref idref="fl-6"/>
      </object_component>
      <object_component id="oc-110">
         <name>.rodata.redWinPigLatin</name>
         <load_address>0x163c0</load_address>
         <readonly>true</readonly>
         <run_address>0x163c0</run_address>
         <size>0x1900</size>
         <alignment>0x2</alignment>
         <input_file_ref idref="fl-6"/>
      </object_component>
      <object_component id="oc-10b">
         <name>.rodata.redWins</name>
         <load_address>0x17cc0</load_address>
         <readonly>true</readonly>
         <run_address>0x17cc0</run_address>
         <size>0x1900</size>
         <alignment>0x2</alignment>
         <input_file_ref idref="fl-6"/>
      </object_component>
      <object_component id="oc-116">
         <name>.rodata.languageSelect</name>
         <load_address>0x195c0</load_address>
         <readonly>true</readonly>
         <run_address>0x195c0</run_address>
         <size>0xc80</size>
         <alignment>0x2</alignment>
         <input_file_ref idref="fl-6"/>
      </object_component>
      <object_component id="oc-18e">
         <name>.rodata.buttpenis</name>
         <load_address>0x1a240</load_address>
         <readonly>true</readonly>
         <run_address>0x1a240</run_address>
         <size>0xa28</size>
         <alignment>0x1</alignment>
         <input_file_ref idref="fl-b"/>
      </object_component>
      <object_component id="oc-199">
         <name>.rodata.penisbutt</name>
         <load_address>0x1ac68</load_address>
         <readonly>true</readonly>
         <run_address>0x1ac68</run_address>
         <size>0x8fc</size>
         <alignment>0x1</alignment>
         <input_file_ref idref="fl-b"/>
      </object_component>
      <object_component id="oc-2a3">
         <name>.rodata.Font</name>
         <load_address>0x1b564</load_address>
         <readonly>true</readonly>
         <run_address>0x1b564</run_address>
         <size>0x4fb</size>
         <alignment>0x1</alignment>
         <input_file_ref idref="fl-9"/>
      </object_component>
      <object_component id="oc-11a">
         <name>.rodata.lightBlue</name>
         <load_address>0x1ba60</load_address>
         <readonly>true</readonly>
         <run_address>0x1ba60</run_address>
         <size>0x12c</size>
         <alignment>0x2</alignment>
         <input_file_ref idref="fl-6"/>
      </object_component>
      <object_component id="oc-119">
[...]
      </symbol>
      <symbol id="sm-1c5">
         <name>Switch_InG</name>
         <value>0x1fc89</value>
         <object_component_ref idref="oc-85"/>
      </symbol>
      <symbol id="sm-1c6">
         <name>Switch_InE</name>
         <value>0x1fc61</value>
         <object_component_ref idref="oc-83"/>
      </symbol>
      <symbol id="sm-1c7">
         <name>Switch_InF</name>
         <value>0x1fc75</value>
         <object_component_ref idref="oc-84"/>
      </symbol>
      <symbol id="sm-1dd">
         <name>ADC_Init</name>
         <value>0x1dba1</value>
         <object_component_ref idref="oc-17c"/>
      </symbol>
      <symbol id="sm-1de">
         <name>ADC_Start</name>
         <value>0x1fa6d</value>
         <object_component_ref idref="oc-17d"/>
      </symbol>
      <symbol id="sm-1df">
         <name>UART_Init</name>
         <value>0x1e2ad</value>
         <object_component_ref idref="oc-17e"/>
      </symbol>
      <symbol id="sm-1e0">
         <name>TIMG7_IRQHandler</name>
         <value>0x1f5d1</value>
         <object_component_ref idref="oc-3c"/>
      </symbol>
      <symbol id="sm-1e1">
         <name>TExaSadc</name>
         <value>0x202024d4</value>
      </symbol>
      <symbol id="sm-1e2">
         <name>TExaSLogic</name>
         <value>0x202024d0</value>
      </symbol>
      <symbol id="sm-1e3">
         <name>TExaS_Init</name>
         <value>0x1f1c1</value>
         <object_component_ref idref="oc-f0"/>
      </symbol>
      <symbol id="sm-1f0">
         <name>TimerG7_IntArm</name>
         <value>0x1e541</value>
         <object_component_ref idref="oc-184"/>
      </symbol>
      <symbol id="sm-1f1">
         <name>TimerG12_IntArm</name>
         <value>0x1e905</value>
         <object_component_ref idref="oc-f1"/>
      </symbol>
      <symbol id="sm-1ff">
         <name>Default_Handler</name>
         <value>0x1fde1</value>
         <object_component_ref idref="oc-35"/>
      </symbol>
      <symbol id="sm-200">
         <name>Reset_Handler</name>
         <value>0x1fde9</value>
         <object_component_ref idref="oc-31"/>
      </symbol>
      <symbol id="sm-201">
         <name>HardFault_Handler</name>
         <value>0x1fde5</value>
         <object_component_ref idref="oc-36"/>
      </symbol>
      <symbol id="sm-202">
         <name>interruptVectors</name>
         <value>0x0</value>
         <object_component_ref idref="oc-18"/>
      </symbol>
      <symbol id="sm-203">
         <name>NMI_Handler</name>
         <value>0x1fde1</value>
         <object_component_ref idref="oc-35"/>
      </symbol>
      <symbol id="sm-204">
         <name>SVC_Handler</name>
         <value>0x1fde1</value>
         <object_component_ref idref="oc-35"/>
      </symbol>
      <symbol id="sm-205">
         <name>PendSV_Handler</name>
         <value>0x1fde1</value>
         <object_component_ref idref="oc-35"/>
      </symbol>
      <symbol id="sm-206">
         <name>GROUP0_IRQHandler</name>
         <value>0x1fde1</value>
         <object_component_ref idref="oc-35"/>
      </symbol>
      <symbol id="sm-207">
         <name>GROUP1_IRQHandler</name>
         <value>0x1fde1</value>
         <object_component_ref idref="oc-35"/>
      </symbol>
      <symbol id="sm-208">
         <name>TIMG8_IRQHandler</name>
         <value>0x1fde1</value>
         <object_component_ref idref="oc-35"/>
      </symbol>
      <symbol id="sm-209">
         <name>UART3_IRQHandler</name>
         <value>0x1fde1</value>
         <object_component_ref idref="oc-35"/>
      </symbol>
      <symbol id="sm-20a">
         <name>ADC0_IRQHandler</name>
         <value>0x1fde1</value>
         <object_component_ref idref="oc-35"/>
      </symbol>
      <symbol id="sm-20b">
         <name>ADC1_IRQHandler</name>
         <value>0x1fde1</value>
         <object_component_ref idref="oc-35"/>
      </symbol>
      <symbol id="sm-20c">
         <name>CANFD0_IRQHandler</name>
         <value>0x1fde1</value>
         <object_component_ref idref="oc-35"/>
      </symbol>
      <symbol id="sm-20d">
         <name>DAC0_IRQHandler</name>
         <value>0x1fde1</value>
         <object_component_ref idref="oc-35"/>
      </symbol>
      <symbol id="sm-20e">
         <name>SPI0_IRQHandler</name>
         <value>0x1fde1</value>
         <object_component_ref idref="oc-35"/>
      </symbol>
      <symbol id="sm-20f">
         <name>SPI1_IRQHandler</name>
         <value>0x1fde1</value>
         <object_component_ref idref="oc-35"/>
      </symbol>
      <symbol id="sm-210">
         <name>UART1_IRQHandler</name>
         <value>0x1fde1</value>
         <object_component_ref idref="oc-35"/>
      </symbol>
      <symbol id="sm-211">
         <name>UART2_IRQHandler</name>
         <value>0x1fde1</value>
         <object_component_ref idref="oc-35"/>
      </symbol>
      <symbol id="sm-212">
         <name>UART0_IRQHandler</name>
         <value>0x1fde1</value>
         <object_component_ref idref="oc-35"/>
      </symbol>
      <symbol id="sm-213">
         <name>TIMG0_IRQHandler</name>
         <value>0x1fde1</value>
         <object_component_ref idref="oc-35"/>
      </symbol>
      <symbol id="sm-214">
         <name>TIMG6_IRQHandler</name>
         <value>0x1fde1</value>
         <object_component_ref idref="oc-35"/>
      </symbol>
      <symbol id="sm-215">
         <name>TIMA0_IRQHandler</name>
         <value>0x1fde1</value>
         <object_component_ref idref="oc-35"/>
      </symbol>
      <symbol id="sm-216">
         <name>TIMA1_IRQHandler</name>
         <value>0x1fde1</value>
         <object_component_ref idref="oc-35"/>
      </symbol>
      <symbol id="sm-217">
         <name>I2C0_IRQHandler</name>
         <value>0x1fde1</value>
         <object_component_ref idref="oc-35"/>
      </symbol>
      <symbol id="sm-218">
         <name>I2C1_IRQHandler</name>
         <value>0x1fde1</value>
         <object_component_ref idref="oc-35"/>
      </symbol>
      <symbol id="sm-219">
         <name>AES_IRQHandler</name>
         <value>0x1fde1</value>
         <object_component_ref idref="oc-35"/>
      </symbol>
      <symbol id="sm-21a">
         <name>RTC_IRQHandler</name>
         <value>0x1fde1</value>
         <object_component_ref idref="oc-35"/>
      </symbol>
      <symbol id="sm-21b">
         <name>DMA_IRQHandler</name>
         <value>0x1fde1</value>
         <object_component_ref idref="oc-35"/>
      </symbol>
      <symbol id="sm-21c">
         <name>__TI_ATRegion0_src_addr</name>
         <value>0x0</value>
      </symbol>
      <symbol id="sm-21d">
         <name>__TI_ATRegion0_trg_addr</name>
         <value>0x0</value>
      </symbol>
      <symbol id="sm-21e">
         <name>__TI_ATRegion0_region_sz</name>
         <value>0x0</value>
      </symbol>
      <symbol id="sm-21f">
         <name>__TI_ATRegion1_src_addr</name>
         <value>0x0</value>
      </symbol>
      <symbol id="sm-220">
         <name>__TI_ATRegion1_trg_addr</name>
         <value>0x0</value>
      </symbol>
      <symbol id="sm-221">
         <name>__TI_ATRegion1_region_sz</name>
         <value>0x0</value>
      </symbol>
      <symbol id="sm-222">
         <name>__TI_ATRegion2_src_addr</name>
         <value>0x0</value>
      </symbol>
      <symbol id="sm-223">
         <name>__TI_ATRegion2_trg_addr</name>
         <value>0x0</value>
      </symbol>
      <symbol id="sm-224">
         <name>__TI_ATRegion2_region_sz</name>
         <value>0x0</value>
      </symbol>
      <symbol id="sm-235">
         <name>printf</name>
         <value>0x1f0b5</value>
         <object_component_ref idref="oc-fb"/>
      </symbol>
      <symbol id="sm-24b">
         <name>__TI_printfi_minimal</name>
         <value>0x1cdb1</value>
         <object_component_ref idref="oc-1da"/>
      </symbol>
      <symbol id="sm-264">
         <name>fopen</name>
         <value>0x1f9e5</value>
         <object_component_ref idref="oc-156"/>
      </symbol>
      <symbol id="sm-265">
         <name>__TI_cleanup</name>
         <value>0x1f881</value>
         <object_component_ref idref="oc-1cf"/>
      </symbol>
      <symbol id="sm-266">
         <name>freopen</name>
         <value>0x1f951</value>
         <object_component_ref idref="oc-15c"/>
      </symbol>
      <symbol id="sm-271">
         <name>fputc</name>
         <value>0x1e7d1</value>
         <object_component_ref idref="oc-1ee"/>
      </symbol>
      <symbol id="sm-27c">
         <name>fputs</name>
         <value>0x1dde1</value>
         <object_component_ref idref="oc-1e8"/>
      </symbol>
      <symbol id="sm-286">
         <name>__TI_wrt_ok</name>
         <value>0x1ef8d</value>
         <object_component_ref idref="oc-260"/>
      </symbol>
      <symbol id="sm-290">
         <name>setvbuf</name>
         <value>0x1e395</value>
         <object_component_ref idref="oc-15d"/>
      </symbol>
      <symbol id="sm-2a1">
         <name>abort</name>
         <value>0x1fdf1</value>
         <object_component_ref idref="oc-123"/>
      </symbol>
      <symbol id="sm-2a2">
         <name>C$$EXIT</name>
         <value>0x1fdf0</value>
         <object_component_ref idref="oc-123"/>
      </symbol>
      <symbol id="sm-2a3">
         <name>__TI_cleanup_ptr</name>
         <value>0x202026d0</value>
         <object_component_ref idref="oc-19d"/>
      </symbol>
      <symbol id="sm-2a4">
         <name>__TI_dtors_ptr</name>
         <value>0x202026d4</value>
         <object_component_ref idref="oc-19d"/>
      </symbol>
      <symbol id="sm-2a5">
         <name>exit</name>
         <value>0x1f91d</value>
         <object_component_ref idref="oc-128"/>
      </symbol>
      <symbol id="sm-2ae">
         <name>_nop</name>
         <value>0x1ef23</value>
         <object_component_ref idref="oc-1e2"/>
      </symbol>
      <symbol id="sm-2af">
         <name>_lock</name>
         <value>0x202026e8</value>
         <object_component_ref idref="oc-192"/>
      </symbol>
      <symbol id="sm-2b0">
         <name>_unlock</name>
         <value>0x202026ec</value>
         <object_component_ref idref="oc-196"/>
      </symbol>
      <symbol id="sm-2b8">
         <name>_ftable</name>
         <value>0x202024e0</value>
         <object_component_ref idref="oc-16b"/>
      </symbol>
      <symbol id="sm-2b9">
         <name>__TI_ft_end</name>
         <value>0x202026e4</value>
         <object_component_ref idref="oc-21c"/>
      </symbol>
      <symbol id="sm-2ba">
         <name>__TI_tmpnams</name>
         <value>0x20202420</value>
         <object_component_ref idref="oc-22f"/>
      </symbol>
      <symbol id="sm-2c3">
         <name>memccpy</name>
         <value>0x1fb35</value>
         <object_component_ref idref="oc-23b"/>
      </symbol>
      <symbol id="sm-2e6">
         <name>malloc</name>
         <value>0x1fd8d</value>
         <object_component_ref idref="oc-1ce"/>
      </symbol>
      <symbol id="sm-2e7">
         <name>aligned_alloc</name>
         <value>0x1da75</value>
         <object_component_ref idref="oc-235"/>
      </symbol>
      <symbol id="sm-2e8">
         <name>free</name>
         <value>0x1e1c1</value>
         <object_component_ref idref="oc-1cc"/>
      </symbol>
      <symbol id="sm-2e9">
         <name>_sys_memory</name>
         <value>0x20202740</value>
         <object_component_ref idref="oc-2f"/>
      </symbol>
      <symbol id="sm-2ea">
         <name>memalign</name>
         <value>0x1da75</value>
         <object_component_ref idref="oc-235"/>
      </symbol>
      <symbol id="sm-2f5">
         <name>__TI_zero_init</name>
         <value>0x1fd05</value>
         <object_component_ref idref="oc-5e"/>
      </symbol>
      <symbol id="sm-2fe">
         <name>__TI_decompress_none</name>
         <value>0x1fcc1</value>
         <object_component_ref idref="oc-20"/>
      </symbol>
      <symbol id="sm-309">
         <name>__TI_decompress_lzss</name>
         <value>0x1ec8d</value>
         <object_component_ref idref="oc-1c"/>
      </symbol>
      <symbol id="sm-314">
         <name>_c_int00_noargs</name>
         <value>0x1fb0d</value>
         <object_component_ref idref="oc-61"/>
      </symbol>
      <symbol id="sm-315">
         <name>__stack</name>
         <value>0x20207e00</value>
         <object_component_ref idref="oc-1a"/>
      </symbol>
      <symbol id="sm-323">
         <name>__TI_closefile</name>
         <value>0x1eb21</value>
         <object_component_ref idref="oc-1c6"/>
      </symbol>
      <symbol id="sm-32d">
         <name>__TI_doflush</name>
         <value>0x1f26f</value>
         <object_component_ref idref="oc-221"/>
      </symbol>
      <symbol id="sm-33a">
         <name>fseek</name>
         <value>0x1fdd1</value>
         <object_component_ref idref="oc-2eb"/>
      </symbol>
      <symbol id="sm-33b">
         <name>fseeko</name>
         <value>0x1ee4d</value>
         <object_component_ref idref="oc-314"/>
      </symbol>
      <symbol id="sm-347">
         <name>__TI_auto_init_nobinit_nopinit</name>
         <value>0x1f6cd</value>
         <object_component_ref idref="oc-12a"/>
      </symbol>
      <symbol id="sm-34f">
         <name>_system_pre_init</name>
         <value>0x1fded</value>
         <object_component_ref idref="oc-af"/>
      </symbol>
      <symbol id="sm-35a">
         <name>write</name>
         <value>0x1fae5</value>
         <object_component_ref idref="oc-266"/>
      </symbol>
      <symbol id="sm-35f">
         <name>_device</name>
         <value>0x202025d0</value>
         <object_component_ref idref="oc-1bd"/>
      </symbol>
      <symbol id="sm-360">
         <name>_stream</name>
         <value>0x20202648</value>
         <object_component_ref idref="oc-28f"/>
      </symbol>
      <symbol id="sm-369">
         <name>remove</name>
         <value>0x1fdd9</value>
         <object_component_ref idref="oc-22b"/>
      </symbol>
      <symbol id="sm-375">
         <name>open</name>
         <value>0x1e5e9</value>
         <object_component_ref idref="oc-21d"/>
      </symbol>
      <symbol id="sm-37f">
         <name>lseek</name>
         <value>0x1fabd</value>
         <object_component_ref idref="oc-318"/>
      </symbol>
      <symbol id="sm-389">
         <name>close</name>
         <value>0x1f311</value>
         <object_component_ref idref="oc-227"/>
      </symbol>
      <symbol id="sm-395">
         <name>add_device</name>
         <value>0x1e0d5</value>
         <object_component_ref idref="oc-152"/>
      </symbol>
      <symbol id="sm-39f">
         <name>unlink</name>
         <value>0x1fa41</value>
         <object_component_ref idref="oc-298"/>
      </symbol>
      <symbol id="sm-3a9">
         <name>HOSTclose</name>
         <value>0x1f361</value>
         <object_component_ref idref="oc-1ff"/>
      </symbol>
      <symbol id="sm-3b3">
         <name>HOSTlseek</name>
         <value>0x1ed75</value>
         <object_component_ref idref="oc-20b"/>
      </symbol>
      <symbol id="sm-3bd">
         <name>HOSTopen</name>
         <value>0x1f055</value>
         <object_component_ref idref="oc-1fb"/>
      </symbol>
      <symbol id="sm-3be">
         <name>parmbuf</name>
         <value>0x202024c0</value>
         <object_component_ref idref="oc-276"/>
      </symbol>
      <symbol id="sm-3c8">
         <name>HOSTread</name>
         <value>0x1f111</value>
         <object_component_ref idref="oc-203"/>
      </symbol>
      <symbol id="sm-3d9">
         <name>HOSTrename</name>
         <value>0x1ede1</value>
         <object_component_ref idref="oc-213"/>
      </symbol>
      <symbol id="sm-3e3">
         <name>HOSTunlink</name>
         <value>0x1f3a9</value>
         <object_component_ref idref="oc-20f"/>
      </symbol>
      <symbol id="sm-3ed">
         <name>HOSTwrite</name>
         <value>0x1f169</value>
         <object_component_ref idref="oc-207"/>
      </symbol>
      <symbol id="sm-3fb">
         <name>C$$IO$$</name>
         <value>0x1f915</value>
         <object_component_ref idref="oc-26f"/>
      </symbol>
      <symbol id="sm-3fc">
         <name>__TI_writemsg</name>
         <value>0x1f8e9</value>
         <object_component_ref idref="oc-26f"/>
      </symbol>
      <symbol id="sm-3fd">
         <name>__CIOBUF_</name>
         <value>0x20202300</value>
         <object_component_ref idref="oc-2f6"/>
      </symbol>
      <symbol id="sm-3fe">
         <name>__TI_readmsg</name>
         <value>0x1f8b5</value>
         <object_component_ref idref="oc-275"/>
      </symbol>
      <symbol id="sm-3ff">
         <name>_CIOBUF_</name>
         <value>0x20202300</value>
         <object_component_ref idref="oc-2f6"/>
      </symbol>
      <symbol id="sm-405">
         <name>__aeabi_idiv</name>
         <value>0x1f219</value>
         <object_component_ref idref="oc-c2"/>
      </symbol>
      <symbol id="sm-406">
         <name>__aeabi_idivmod</name>
         <value>0x1f219</value>
         <object_component_ref idref="oc-c2"/>
      </symbol>
      <symbol id="sm-40c">
         <name>__aeabi_memcpy</name>
         <value>0x1fdb9</value>
         <object_component_ref idref="oc-51"/>
      </symbol>
      <symbol id="sm-40d">
         <name>__aeabi_memcpy4</name>
         <value>0x1fdb9</value>
         <object_component_ref idref="oc-51"/>
      </symbol>
      <symbol id="sm-40e">
         <name>__aeabi_memcpy8</name>
         <value>0x1fdb9</value>
         <object_component_ref idref="oc-51"/>
      </symbol>
      <symbol id="sm-417">
         <name>__aeabi_memset</name>
         <value>0x1fd31</value>
         <object_component_ref idref="oc-23a"/>
      </symbol>
      <symbol id="sm-418">
         <name>__aeabi_memset4</name>
         <value>0x1fd31</value>
         <object_component_ref idref="oc-23a"/>
      </symbol>
      <symbol id="sm-419">
         <name>__aeabi_memset8</name>
         <value>0x1fd31</value>
         <object_component_ref idref="oc-23a"/>
      </symbol>
      <symbol id="sm-41a">
         <name>__aeabi_memclr</name>
         <value>0x1fd81</value>
         <object_component_ref idref="oc-aa"/>
      </symbol>
      <symbol id="sm-41b">
         <name>__aeabi_memclr4</name>
         <value>0x1fd81</value>
         <object_component_ref idref="oc-aa"/>
      </symbol>
      <symbol id="sm-41c">
         <name>__aeabi_memclr8</name>
         <value>0x1fd81</value>
         <object_component_ref idref="oc-aa"/>
      </symbol>
      <symbol id="sm-422">
         <name>__aeabi_uidiv</name>
         <value>0x1f611</value>
         <object_component_ref idref="oc-180"/>
      </symbol>
      <symbol id="sm-423">
         <name>__aeabi_uidivmod</name>
         <value>0x1f611</value>
         <object_component_ref idref="oc-180"/>
      </symbol>
      <symbol id="sm-42e">
         <name>__aeabi_idiv0</name>
         <value>0x1e733</value>
         <object_component_ref idref="oc-13c"/>
      </symbol>
      <symbol id="sm-43c">
         <name>finddevice</name>
         <value>0x1f779</value>
         <object_component_ref idref="oc-1b6"/>
      </symbol>
      <symbol id="sm-43d">
         <name>getdevice</name>
         <value>0x1ef25</value>
         <object_component_ref idref="oc-28d"/>
      </symbol>
      <symbol id="sm-446">
         <name>TI_memcpy_small</name>
         <value>0x1fcaf</value>
         <object_component_ref idref="oc-c9"/>
      </symbol>
      <symbol id="sm-44f">
         <name>TI_memset_small</name>
         <value>0x1fd5b</value>
         <object_component_ref idref="oc-143"/>
      </symbol>
      <symbol id="sm-450">
         <name>__TI_static_base__</name>
         <value>0x0</value>
      </symbol>
      <symbol id="sm-453">
         <name>__mpu_init</name>
         <value>0x0</value>
      </symbol>
      <symbol id="sm-454">
         <name>_system_post_cinit</name>
         <value>0x0</value>
      </symbol>
   </symbol_table>
   <title>Link successful</title>
</link_info>
