******************************************************************************
            TI ARM Clang Linker PC v3.2.1                      
******************************************************************************
>> Linked Tue Apr 16 15:05:34 2024

OUTPUT FILE NAME:   <ECE319K_Lab9.out>
ENTRY POINT SYMBOL: "_c_int00_noargs"  address: 0000c109


MEMORY CONFIGURATION

         name            origin    length      used     unused   attr    fill
----------------------  --------  ---------  --------  --------  ----  --------
  FLASH                 00000000   00020000  0000c3a8  00013c58  R  X
  SRAM                  20200000   00008000  000007ec  00007814  RW X
  BCR_CONFIG            41c00000   00000080  00000000  00000080  R   
  BSL_CONFIG            41c00100   00000080  00000000  00000080  R   


SEGMENT ALLOCATION MAP

run origin  load origin   length   init length attrs members
----------  ----------- ---------- ----------- ----- -------
00000000    00000000    0000c3a8   0000c3a8    r-x
  00000000    00000000    000000c0   000000c0    r-- .intvecs
  000000c0    000000c0    00009cd0   00009cd0    r-- .rodata
  00009d90    00009d90    00002578   00002578    r-x .text
  0000c308    0000c308    000000a0   000000a0    r-- .cinit
20200000    20200000    000005ef   00000000    rw-
  20200000    20200000    00000215   00000000    rw- .data
  20200218    20200218    00000200   00000000    rw- .sysmem
  20200418    20200418    000001d7   00000000    rw- .bss
20207e00    20207e00    00000200   00000000    rw-
  20207e00    20207e00    00000200   00000000    rw- .stack


SECTION ALLOCATION MAP

 output                                  attributes/
section   page    origin      length       input sections
--------  ----  ----------  ----------   ----------------
.intvecs   0    00000000    000000c0     
                  00000000    000000c0     startup_mspm0g3507_ticlang.o (.intvecs)

.text      0    00009d90    00002578     
                  00009d90    00000210     ST7735.o (.text.ST7735_DrawBitmap)
                  00009fa0    000001b4     Clock.o (.text.Clock_Init80MHz)
                  0000a154    000001a0     ST7735.o (.text.ST7735_DrawCharS)
                  0000a2f4    00000160     libc.a : fopen.c.obj (.text._openfile)
                  0000a454    00000154     Lab9Main.o (.text.TIMG12_IRQHandler)
                  0000a5a8    0000012c     libc.a : memory.c.obj (.text.aligned_alloc)
                  0000a6d4    00000128     TExaS.o (.text.ADC_Init)
                  0000a7fc    00000118     ST7735.o (.text.ST7735_FillRect)
                  0000a914    000000f8     SPI.o (.text.SPI_Init)
                  0000aa0c    000000ec     libsysbm.a : add_device.c.obj (.text.add_device)
                  0000aaf8    000000ec     libc.a : memory.c.obj (.text.free)
                  0000abe4    000000e8     TExaS.o (.text.UART_Init)
                  0000accc    000000dc     libc.a : setvbuf.c.obj (.text.setvbuf)
                  0000ada8    000000d0     ST7735.o (.text.ST7735_OutChar)
                  0000ae78    000000a8     Timer.o (.text.TimerG7_IntArm)
                  0000af20    000000a8     libsysbm.a : open.c.obj (.text.open)
                  0000afc8    000000a2     ST7735.o (.text.commandList)
                  0000b06a    00000002     LED.o (.text.LED_Init)
                  0000b06c    0000009c     ST7735.o (.text.ST7735_InitPrintf)
                  0000b108    00000098     ST7735.o (.text.ST7735_InitR)
                  0000b1a0    00000094     Timer.o (.text.TimerG12_IntArm)
                  0000b234    00000094     Lab9Main.o (.text.main)
                  0000b2c8    00000088     ST7735.o (.text.setAddrWindow)
                  0000b350    00000084     ST7735.o (.text.ST7735_DrawString)
                  0000b3d4    0000007c     LaunchPad.o (.text.LaunchPad_Init)
                  0000b450    0000007c     libc.a : fclose.c.obj (.text.__TI_closefile)
                  0000b4cc    00000078     ADC1.o (.text.ADC1init)
                  0000b544    00000078     ADC2.o (.text.ADC2init)
                  0000b5bc    00000078     libc.a : copy_decompress_lzss.c.obj (.text:decompress:lzss)
                  0000b634    00000070     ST7735.o (.text.ST7735_DrawPixel)
                  0000b6a4    0000006c     libsysbm.a : hostlseek.c.obj (.text.HOSTlseek)
                  0000b710    0000006c                : hostrename.c.obj (.text.HOSTrename)
                  0000b77c    00000068     libc.a : getdevice.c.obj (.text.getdevice)
                  0000b7e4    00000064            : memory.c.obj (.text.split)
                  0000b848    00000060     libsysbm.a : hostopen.c.obj (.text.HOSTopen)
                  0000b8a8    00000058                : hostread.c.obj (.text.HOSTread)
                  0000b900    00000058                : hostwrite.c.obj (.text.HOSTwrite)
                  0000b958    00000058     TExaS.o (.text.TExaS_Init)
                  0000b9b0    00000052     libc.a : fflush.c.obj (.text.__TI_doflush)
                  0000ba02    00000002     Sound.o (.text.Sound_Init)
                  0000ba04    00000050     libsysbm.a : close.c.obj (.text.close)
                  0000ba54    00000048                : hostclose.c.obj (.text.HOSTclose)
                  0000ba9c    00000048                : hostunlink.c.obj (.text.HOSTunlink)
                  0000bae4    00000048     SPI.o (.text.SPI_OutCommand)
                  0000bb2c    00000044     ADC1.o (.text.ADC1in)
                  0000bb70    00000044     ADC2.o (.text.ADC2in)
                  0000bbb4    00000040     SPI.o (.text.SPI_Reset)
                  0000bbf4    00000040     TExaS.o (.text.TIMG7_IRQHandler)
                  0000bc34    00000040     libclang_rt.builtins.a : aeabi_uidivmod.S.obj (.text.__aeabi_uidivmod)
                  0000bc74    00000040     libc.a : fopen.c.obj (.text._search_fp)
                  0000bcb4    0000003c     ADC1.o (.text.Convert1)
                  0000bcf0    0000003c     ADC2.o (.text.Convert2)
                  0000bd2c    0000003c     libc.a : autoinit.c.obj (.text:__TI_auto_init_nobinit_nopinit)
                  0000bd68    00000038     LaunchPad.o (.text.ActivatePortA_B)
                  0000bda0    00000038     SPI.o (.text.SPI_OutData)
                  0000bdd8    00000038     libc.a : getdevice.c.obj (.text.finddevice)
                  0000be10    00000034     Clock.o (.text.Clock_Delay1ms)
                  0000be44    00000034     ST7735.o (.text.ST7735_SetCursor)
                  0000be78    00000034     ST7735.o (.text.ST7735_write)
                  0000beac    00000034     libc.a : fopen.c.obj (.text.__TI_cleanup)
                  0000bee0    00000034     libsysbm.a : trgmsg.c.obj (.text.__TI_readmsg)
                  0000bf14    00000034                : trgmsg.c.obj (.text.__TI_writemsg)
                  0000bf48    00000034     libc.a : exit.c.obj (.text.exit)
                  0000bf7c    00000034            : fopen.c.obj (.text.freopen)
                  0000bfb0    00000030     ST7735.o (.text.commonInit)
                  0000bfe0    00000030     libc.a : fopen.c.obj (.text.fopen)
                  0000c010    0000002c     ST7735.o (.text.ST7735_FillScreen)
                  0000c03c    0000002c     libsysbm.a : unlink.c.obj (.text.unlink)
                  0000c068    00000028     TExaS.o (.text.ADC_Start)
                  0000c090    00000028     Switch.o (.text.Switch_Init)
                  0000c0b8    00000028     libc.a : memory.c.obj (.text.free_list_insert)
                  0000c0e0    00000028     libsysbm.a : write.c.obj (.text.write)
                  0000c108    00000028     libc.a : boot_cortex_m.c.obj (.text:_c_int00_noargs)
                  0000c130    0000001e     ST7735.o (.text.pushColor)
                  0000c14e    00000002     Sound.o (.text.SysTick_Handler)
                  0000c150    0000001c     libc.a : memory.c.obj (.text.free_list_remove)
                  0000c16c    00000016     ST7735.o (.text.ST7735_open)
                  0000c182    00000016     ST7735.o (.text.ST7735_read)
                  0000c198    00000016     libc.a : copy_zero_init.c.obj (.text:decompress:ZI:__TI_zero_init_nomemset)
                  0000c1ae    00000002     libclang_rt.builtins.a : aeabi_div0.c.obj (.text.__aeabi_idiv0)
                  0000c1b0    00000014     Switch.o (.text.Switch_InA)
                  0000c1c4    00000014     Switch.o (.text.Switch_InB)
                  0000c1d8    00000014     Switch.o (.text.Switch_InC)
                  0000c1ec    00000014     Switch.o (.text.Switch_InD)
                  0000c200    00000012     libsysbm.a : hostrename.c.obj (.text.strcpy)
                  0000c212    00000012     libc.a : memcpy16.S.obj (.text:TI_memcpy_small)
                  0000c224    00000012            : copy_decompress_none.c.obj (.text:decompress:none)
                  0000c236    00000010     Clock.o (.text.Clock_Delay)
                  0000c246    00000002     libc.a : _lock.c.obj (.text._nop)
                  0000c248    00000010     Lab9Main.o (.text.TExaS_LaunchPadLogicPB27PB26)
                  0000c258    0000000e     libc.a : memory.c.obj (.text.OUTLINED_FUNCTION_0)
                  0000c266    0000000e     ST7735.o (.text.ST7735_lseek)
                  0000c274    0000000e     libsysbm.a : hostrename.c.obj (.text.strlen)
                  0000c282    0000000e     libc.a : memset16.S.obj (.text:TI_memset_small)
                  0000c290    0000000c     Clock.o (.text.Clock_Freq)
                  0000c29c    0000000c     ST7735.o (.text.ST7735_rename)
                  0000c2a8    0000000c     libclang_rt.builtins.a : aeabi_memset.S.obj (.text.__aeabi_memclr)
                  0000c2b4    0000000c     libc.a : memory.c.obj (.text.malloc)
                  0000c2c0    0000000a     Lab9Main.o (.text.PLL_Init)
                  0000c2ca    0000000a     ST7735.o (.text.ST7735_close)
                  0000c2d4    0000000a     ST7735.o (.text.ST7735_unlink)
                  0000c2de    00000002     --HOLE-- [fill = 0]
                  0000c2e0    00000008     libclang_rt.builtins.a : aeabi_memcpy.S.obj (.text.__aeabi_memcpy)
                  0000c2e8    00000008     libsysbm.a : remove.c.obj (.text.remove)
                  0000c2f0    00000004     startup_mspm0g3507_ticlang.o (.text.Default_Handler)
                  0000c2f4    00000004     startup_mspm0g3507_ticlang.o (.text.HardFault_Handler)
                  0000c2f8    00000004     startup_mspm0g3507_ticlang.o (.text.Reset_Handler)
                  0000c2fc    00000004     libc.a : pre_init.c.obj (.text._system_pre_init)
                  0000c300    00000004            : exit.c.obj (.text:abort)
                  0000c304    00000004     --HOLE-- [fill = 0]

.cinit     0    0000c308    000000a0     
                  0000c308    0000007b     (.cinit..data.load) [load image, compression = lzss]
                  0000c383    00000001     --HOLE-- [fill = 0]
                  0000c384    0000000c     (__TI_handler_table)
                  0000c390    00000008     (.cinit..bss.load) [load image, compression = zero_init]
                  0000c398    00000010     (__TI_cinit_table)

.rodata    0    000000c0    00009cd0     
                  000000c0    00009600     Lab9Main.o (.rodata.Level1)
                  000096c0    000004fb     ST7735.o (.rodata.Font)
                  00009bbb    00000001     --HOLE-- [fill = 0]
                  00009bbc    00000120     Lab9Main.o (.rodata.kolovos)
                  00009cdc    0000003b     ST7735.o (.rodata.Rcmd1)
                  00009d17    0000002b     ST7735.o (.rodata.Rcmd3)
                  00009d42    00000016     ST7735.o (.rodata.str1.150125634883956314241)
                  00009d58    0000000d     ST7735.o (.rodata.Rcmd2green)
                  00009d65    0000000d     ST7735.o (.rodata.Rcmd2red)
                  00009d72    00000008     ST7735.o (.rodata.str1.143521477748834177251)
                  00009d7a    00000007     ST7735.o (.rodata.str1.128575281204556371821)
                  00009d81    00000007     ST7735.o (.rodata.str1.51779164332721195311)
                  00009d88    00000002     ST7735.o (.rodata.str1.147926714926531362981)
                  00009d8a    00000006     --HOLE-- [fill = 0]

.init_array 
*          0    00000000    00000000     UNINITIALIZED

.binit     0    00000000    00000000     

.data      0    20200000    00000215     UNINITIALIZED
                  20200000    000000f0     libc.a : defs.c.obj (.data._ftable)
                  202000f0    00000078     libsysbm.a : host_device.c.obj (.data._device)
                  20200168    00000050                : host_device.c.obj (.data._stream)
                  202001b8    00000008     libc.a : exit.c.obj (.data..L_MergedGlobals)
                  202001c0    00000008     Lab9Main.o (.data.kolovosSprite)
                  202001c8    00000004     Clock.o (.data.BusFreq)
                  202001cc    00000004     ST7735.o (.data.StX)
                  202001d0    00000004     ST7735.o (.data.StY)
                  202001d4    00000004     libc.a : defs.c.obj (.data.__TI_ft_end)
                  202001d8    00000004            : _lock.c.obj (.data._lock)
                  202001dc    00000004            : _lock.c.obj (.data._unlock)
                  202001e0    00000004     Lab9Main.o (.data.askingRiddle)
                  202001e4    00000004     Lab9Main.o (.data.sliderX)
                  202001e8    00000004     Lab9Main.o (.data.sliderY)
                  202001ec    00000004     Lab9Main.o (.data.switchA)
                  202001f0    00000004     Lab9Main.o (.data.switchB)
                  202001f4    00000004     Lab9Main.o (.data.switchC)
                  202001f8    00000004     Lab9Main.o (.data.switchD)
                  202001fc    00000004     Lab9Main.o (.data.updateCharLocation)
                  20200200    00000004     Lab9Main.o (.data.updateCharacterFlag)
                  20200204    00000002     ST7735.o (.data.StTextColor)
                  20200206    00000002     ST7735.o (.data._height)
                  20200208    00000002     ST7735.o (.data._width)
                  2020020a    00000002     --HOLE--
                  2020020c    00000001     libsysbm.a : add_device.c.obj (.data.add_device.device_init)
                  2020020d    00000003     --HOLE--
                  20200210    00000001     libc.a : memory.c.obj (.data.memory_is_initialized)
                  20200211    00000003     --HOLE--
                  20200214    00000001     libsysbm.a : open.c.obj (.data.open.stream_init)

.sysmem    0    20200218    00000200     UNINITIALIZED
                  20200218    00000010     libc.a : memory.c.obj (.sysmem)
                  20200228    000001f0     --HOLE--

.bss       0    20200418    000001d7     UNINITIALIZED
                  20200418    00000120     libsysbm.a : trgmsg.c.obj (.bss:_CIOBUF_)
                  20200538    000000a0     libc.a : defs.c.obj (.bss.__TI_tmpnams)
                  202005d8    00000008     libsysbm.a : hostopen.c.obj (.bss.parmbuf)
                  202005e0    00000004     libc.a : memory.c.obj (.bss.sys_free)
                  202005e4    00000004     (.common:TExaSLogic)
                  202005e8    00000004     (.common:TExaSadc)
                  202005ec    00000001     ST7735.o (.bss.ColStart)
                  202005ed    00000001     ST7735.o (.bss.RowStart)
                  202005ee    00000001     ST7735.o (.bss.TabColor)

.stack     0    20207e00    00000200     UNINITIALIZED
                  20207e00    00000004     libc.a : boot_cortex_m.c.obj (.stack)
                  20207e04    000001fc     --HOLE--

__llvm_prf_cnts 
*          0    20200000    00000000     UNINITIALIZED

__llvm_prf_bits 
*          0    20200000    00000000     UNINITIALIZED

MODULE SUMMARY

       Module                         code   ro data   rw data
       ------                         ----   -------   -------
    .\
       Lab9Main.o                     514    38688     44     
       ST7735.o                       2598   1449      17     
       TExaS.o                        720    0         8      
       Clock.o                        516    0         4      
       SPI.o                          440    0         0      
       Timer.o                        316    0         0      
       ADC1.o                         248    0         0      
       ADC2.o                         248    0         0      
       LaunchPad.o                    180    0         0      
       Switch.o                       120    0         0      
       Sound.o                        4      0         0      
       LED.o                          2      0         0      
    +--+------------------------------+------+---------+---------+
       Total:                         5906   40137     73     
                                                              
    .\ticlang\
       startup_mspm0g3507_ticlang.o   12     192       0      
    +--+------------------------------+------+---------+---------+
       Total:                         12     192       0      
                                                              
    C:\ti\ccs1260\ccs\tools\compiler\ti-cgt-armllvm_3.2.1.LTS\lib\armv6m-ti-none-eabi/c/libc.a
       memory.c.obj                   730    0         5      
       fopen.c.obj                    568    0         0      
       defs.c.obj                     0      0         404    
       setvbuf.c.obj                  220    0         0      
       getdevice.c.obj                160    0         0      
       fclose.c.obj                   124    0         0      
       copy_decompress_lzss.c.obj     120    0         0      
       fflush.c.obj                   82     0         0      
       exit.c.obj                     56     0         8      
       autoinit.c.obj                 60     0         0      
       boot_cortex_m.c.obj            40     0         0      
       copy_zero_init.c.obj           22     0         0      
       copy_decompress_none.c.obj     18     0         0      
       memcpy16.S.obj                 18     0         0      
       memset16.S.obj                 14     0         0      
       _lock.c.obj                    2      0         8      
       pre_init.c.obj                 4      0         0      
    +--+------------------------------+------+---------+---------+
       Total:                         2238   0         425    
                                                              
    C:\ti\ccs1260\ccs\tools\compiler\ti-cgt-armllvm_3.2.1.LTS\lib\armv6m-ti-none-eabi/c/libsysbm.a
       trgmsg.c.obj                   104    0         288    
       add_device.c.obj               236    0         1      
       host_device.c.obj              0      0         200    
       open.c.obj                     168    0         1      
       hostrename.c.obj               140    0         0      
       hostlseek.c.obj                108    0         0      
       hostopen.c.obj                 96     0         8      
       hostread.c.obj                 88     0         0      
       hostwrite.c.obj                88     0         0      
       close.c.obj                    80     0         0      
       hostclose.c.obj                72     0         0      
       hostunlink.c.obj               72     0         0      
       unlink.c.obj                   44     0         0      
       write.c.obj                    40     0         0      
       remove.c.obj                   8      0         0      
    +--+------------------------------+------+---------+---------+
       Total:                         1344   0         498    
                                                              
    C:\ti\ccs1260\ccs\tools\compiler\ti-cgt-armllvm_3.2.1.LTS\lib\clang/15.0.7/lib/armv6m-ti-none-eabi/libclang_rt.builtins.a
       aeabi_uidivmod.S.obj           64     0         0      
       aeabi_memset.S.obj             12     0         0      
       aeabi_memcpy.S.obj             8      0         0      
       aeabi_div0.c.obj               2      0         0      
    +--+------------------------------+------+---------+---------+
       Total:                         86     0         0      
                                                              
       Heap:                          0      0         512    
       Stack:                         0      0         512    
       Linker Generated:              0      159       0      
    +--+------------------------------+------+---------+---------+
       Grand Total:                   9586   40488     2020   


LINKER GENERATED COPY TABLES

__TI_cinit_table @ 0000c398 records: 2, size/record: 8, table size: 16
	.data: load addr=0000c308, load size=0000007b bytes, run addr=20200000, run size=00000215 bytes, compression=lzss
	.bss: load addr=0000c390, load size=00000008 bytes, run addr=20200418, run size=000001d7 bytes, compression=zero_init


LINKER GENERATED HANDLER TABLE

__TI_handler_table @ 0000c384 records: 3, size/record: 4, table size: 12
	index: 0, handler: __TI_decompress_lzss
	index: 1, handler: __TI_decompress_none
	index: 2, handler: __TI_zero_init


GLOBAL SYMBOLS: SORTED ALPHABETICALLY BY Name 

address   name                          
-------   ----                          
0000c2f1  ADC0_IRQHandler               
0000c2f1  ADC1_IRQHandler               
0000bb2d  ADC1in                        
0000b4cd  ADC1init                      
0000bb71  ADC2in                        
0000b545  ADC2init                      
0000a6d5  ADC_Init                      
0000c069  ADC_Start                     
0000c2f1  AES_IRQHandler                
0000bd69  ActivatePortA_B               
202001c8  BusFreq                       
0000c300  C$$EXIT                       
0000bf41  C$$IO$$                       
0000c2f1  CANFD0_IRQHandler             
0000c237  Clock_Delay                   
0000be11  Clock_Delay1ms                
0000c291  Clock_Freq                    
00009fa1  Clock_Init80MHz               
0000bcb5  Convert1                      
0000bcf1  Convert2                      
0000c2f1  DAC0_IRQHandler               
0000c2f1  DMA_IRQHandler                
0000c2f1  Default_Handler               
0000c2f1  GROUP0_IRQHandler             
0000c2f1  GROUP1_IRQHandler             
0000ba55  HOSTclose                     
0000b6a5  HOSTlseek                     
0000b849  HOSTopen                      
0000b8a9  HOSTread                      
0000b711  HOSTrename                    
0000ba9d  HOSTunlink                    
0000b901  HOSTwrite                     
0000c2f5  HardFault_Handler             
0000c2f1  I2C0_IRQHandler               
0000c2f1  I2C1_IRQHandler               
0000b06b  LED_Init                      
0000b3d5  LaunchPad_Init                
000000c0  Level1                        
0000c2f1  NMI_Handler                   
0000c2c1  PLL_Init                      
0000c2f1  PendSV_Handler                
0000c2f1  RTC_IRQHandler                
0000c2f9  Reset_Handler                 
0000c2f1  SPI0_IRQHandler               
0000c2f1  SPI1_IRQHandler               
0000a915  SPI_Init                      
0000bae5  SPI_OutCommand                
0000bda1  SPI_OutData                   
0000bbb5  SPI_Reset                     
00009d91  ST7735_DrawBitmap             
0000a155  ST7735_DrawCharS              
0000b635  ST7735_DrawPixel              
0000b351  ST7735_DrawString             
0000a7fd  ST7735_FillRect               
0000c011  ST7735_FillScreen             
0000b06d  ST7735_InitPrintf             
0000b109  ST7735_InitR                  
0000ada9  ST7735_OutChar                
0000be45  ST7735_SetCursor              
0000c2cb  ST7735_close                  
0000c267  ST7735_lseek                  
0000c16d  ST7735_open                   
0000c183  ST7735_read                   
0000c29d  ST7735_rename                 
0000c2d5  ST7735_unlink                 
0000be79  ST7735_write                  
0000c2f1  SVC_Handler                   
0000ba03  Sound_Init                    
20200204  StTextColor                   
202001cc  StX                           
202001d0  StY                           
0000c1b1  Switch_InA                    
0000c1c5  Switch_InB                    
0000c1d9  Switch_InC                    
0000c1ed  Switch_InD                    
0000c091  Switch_Init                   
0000c14f  SysTick_Handler               
202005e4  TExaSLogic                    
0000b959  TExaS_Init                    
0000c249  TExaS_LaunchPadLogicPB27PB26  
202005e8  TExaSadc                      
0000c2f1  TIMA0_IRQHandler              
0000c2f1  TIMA1_IRQHandler              
0000c2f1  TIMG0_IRQHandler              
0000a455  TIMG12_IRQHandler             
0000c2f1  TIMG6_IRQHandler              
0000bbf5  TIMG7_IRQHandler              
0000c2f1  TIMG8_IRQHandler              
0000c213  TI_memcpy_small               
0000c283  TI_memset_small               
0000b1a1  TimerG12_IntArm               
0000ae79  TimerG7_IntArm                
0000c2f1  UART0_IRQHandler              
0000c2f1  UART1_IRQHandler              
0000c2f1  UART2_IRQHandler              
0000c2f1  UART3_IRQHandler              
0000abe5  UART_Init                     
20200418  _CIOBUF_                      
20200418  __CIOBUF_                     
20208000  __STACK_END                   
00000200  __STACK_SIZE                  
00000200  __SYSMEM_SIZE                 
00000000  __TI_ATRegion0_region_sz      
00000000  __TI_ATRegion0_src_addr       
00000000  __TI_ATRegion0_trg_addr       
00000000  __TI_ATRegion1_region_sz      
00000000  __TI_ATRegion1_src_addr       
00000000  __TI_ATRegion1_trg_addr       
00000000  __TI_ATRegion2_region_sz      
00000000  __TI_ATRegion2_src_addr       
00000000  __TI_ATRegion2_trg_addr       
0000c398  __TI_CINIT_Base               
0000c3a8  __TI_CINIT_Limit              
0000c3a8  __TI_CINIT_Warm               
0000c384  __TI_Handler_Table_Base       
0000c390  __TI_Handler_Table_Limit      
0000bd2d  __TI_auto_init_nobinit_nopinit
0000bead  __TI_cleanup                  
202001b8  __TI_cleanup_ptr              
0000b451  __TI_closefile                
0000b5bd  __TI_decompress_lzss          
0000c225  __TI_decompress_none          
0000b9b1  __TI_doflush                  
202001bc  __TI_dtors_ptr                
202001d4  __TI_ft_end                   
ffffffff  __TI_pprof_out_hndl           
ffffffff  __TI_prof_data_size           
ffffffff  __TI_prof_data_start          
0000bee1  __TI_readmsg                  
00000000  __TI_static_base__            
20200538  __TI_tmpnams                  
0000bf15  __TI_writemsg                 
0000c199  __TI_zero_init_nomemset       
0000c1af  __aeabi_idiv0                 
0000c2a9  __aeabi_memclr                
0000c2a9  __aeabi_memclr4               
0000c2a9  __aeabi_memclr8               
0000c2e1  __aeabi_memcpy                
0000c2e1  __aeabi_memcpy4               
0000c2e1  __aeabi_memcpy8               
0000bc35  __aeabi_uidiv                 
0000bc35  __aeabi_uidivmod              
ffffffff  __binit__                     
UNDEFED   __mpu_init                    
20207e00  __stack                       
20200000  __start___llvm_prf_bits       
20200000  __start___llvm_prf_cnts       
20200000  __stop___llvm_prf_bits        
20200000  __stop___llvm_prf_cnts        
0000c109  _c_int00_noargs               
202000f0  _device                       
20200000  _ftable                       
202001d8  _lock                         
0000c247  _nop                          
20200168  _stream                       
20200218  _sys_memory                   
UNDEFED   _system_post_cinit            
0000c2fd  _system_pre_init              
202001dc  _unlock                       
0000c301  abort                         
0000aa0d  add_device                    
0000a5a9  aligned_alloc                 
202001e0  askingRiddle                  
ffffffff  binit                         
0000ba05  close                         
0000bf49  exit                          
0000bdd9  finddevice                    
0000bfe1  fopen                         
0000aaf9  free                          
0000bf7d  freopen                       
0000b77d  getdevice                     
00000000  interruptVectors              
00009bbc  kolovos                       
202001c0  kolovosSprite                 
0000b235  main                          
0000c2b5  malloc                        
0000a5a9  memalign                      
0000af21  open                          
202005d8  parmbuf                       
0000c2e9  remove                        
0000accd  setvbuf                       
202001e4  sliderX                       
202001e8  sliderY                       
202001ec  switchA                       
202001f0  switchB                       
202001f4  switchC                       
202001f8  switchD                       
0000c03d  unlink                        
202001fc  updateCharLocation            
20200200  updateCharacterFlag           
0000c0e1  write                         


GLOBAL SYMBOLS: SORTED BY Symbol Address 

address   name                          
-------   ----                          
00000000  __TI_ATRegion0_region_sz      
00000000  __TI_ATRegion0_src_addr       
00000000  __TI_ATRegion0_trg_addr       
00000000  __TI_ATRegion1_region_sz      
00000000  __TI_ATRegion1_src_addr       
00000000  __TI_ATRegion1_trg_addr       
00000000  __TI_ATRegion2_region_sz      
00000000  __TI_ATRegion2_src_addr       
00000000  __TI_ATRegion2_trg_addr       
00000000  __TI_static_base__            
00000000  interruptVectors              
000000c0  Level1                        
00000200  __STACK_SIZE                  
00000200  __SYSMEM_SIZE                 
00009bbc  kolovos                       
00009d91  ST7735_DrawBitmap             
00009fa1  Clock_Init80MHz               
0000a155  ST7735_DrawCharS              
0000a455  TIMG12_IRQHandler             
0000a5a9  aligned_alloc                 
0000a5a9  memalign                      
0000a6d5  ADC_Init                      
0000a7fd  ST7735_FillRect               
0000a915  SPI_Init                      
0000aa0d  add_device                    
0000aaf9  free                          
0000abe5  UART_Init                     
0000accd  setvbuf                       
0000ada9  ST7735_OutChar                
0000ae79  TimerG7_IntArm                
0000af21  open                          
0000b06b  LED_Init                      
0000b06d  ST7735_InitPrintf             
0000b109  ST7735_InitR                  
0000b1a1  TimerG12_IntArm               
0000b235  main                          
0000b351  ST7735_DrawString             
0000b3d5  LaunchPad_Init                
0000b451  __TI_closefile                
0000b4cd  ADC1init                      
0000b545  ADC2init                      
0000b5bd  __TI_decompress_lzss          
0000b635  ST7735_DrawPixel              
0000b6a5  HOSTlseek                     
0000b711  HOSTrename                    
0000b77d  getdevice                     
0000b849  HOSTopen                      
0000b8a9  HOSTread                      
0000b901  HOSTwrite                     
0000b959  TExaS_Init                    
0000b9b1  __TI_doflush                  
0000ba03  Sound_Init                    
0000ba05  close                         
0000ba55  HOSTclose                     
0000ba9d  HOSTunlink                    
0000bae5  SPI_OutCommand                
0000bb2d  ADC1in                        
0000bb71  ADC2in                        
0000bbb5  SPI_Reset                     
0000bbf5  TIMG7_IRQHandler              
0000bc35  __aeabi_uidiv                 
0000bc35  __aeabi_uidivmod              
0000bcb5  Convert1                      
0000bcf1  Convert2                      
0000bd2d  __TI_auto_init_nobinit_nopinit
0000bd69  ActivatePortA_B               
0000bda1  SPI_OutData                   
0000bdd9  finddevice                    
0000be11  Clock_Delay1ms                
0000be45  ST7735_SetCursor              
0000be79  ST7735_write                  
0000bead  __TI_cleanup                  
0000bee1  __TI_readmsg                  
0000bf15  __TI_writemsg                 
0000bf41  C$$IO$$                       
0000bf49  exit                          
0000bf7d  freopen                       
0000bfe1  fopen                         
0000c011  ST7735_FillScreen             
0000c03d  unlink                        
0000c069  ADC_Start                     
0000c091  Switch_Init                   
0000c0e1  write                         
0000c109  _c_int00_noargs               
0000c14f  SysTick_Handler               
0000c16d  ST7735_open                   
0000c183  ST7735_read                   
0000c199  __TI_zero_init_nomemset       
0000c1af  __aeabi_idiv0                 
0000c1b1  Switch_InA                    
0000c1c5  Switch_InB                    
0000c1d9  Switch_InC                    
0000c1ed  Switch_InD                    
0000c213  TI_memcpy_small               
0000c225  __TI_decompress_none          
0000c237  Clock_Delay                   
0000c247  _nop                          
0000c249  TExaS_LaunchPadLogicPB27PB26  
0000c267  ST7735_lseek                  
0000c283  TI_memset_small               
0000c291  Clock_Freq                    
0000c29d  ST7735_rename                 
0000c2a9  __aeabi_memclr                
0000c2a9  __aeabi_memclr4               
0000c2a9  __aeabi_memclr8               
0000c2b5  malloc                        
0000c2c1  PLL_Init                      
0000c2cb  ST7735_close                  
0000c2d5  ST7735_unlink                 
0000c2e1  __aeabi_memcpy                
0000c2e1  __aeabi_memcpy4               
0000c2e1  __aeabi_memcpy8               
0000c2e9  remove                        
0000c2f1  ADC0_IRQHandler               
0000c2f1  ADC1_IRQHandler               
0000c2f1  AES_IRQHandler                
0000c2f1  CANFD0_IRQHandler             
0000c2f1  DAC0_IRQHandler               
0000c2f1  DMA_IRQHandler                
0000c2f1  Default_Handler               
0000c2f1  GROUP0_IRQHandler             
0000c2f1  GROUP1_IRQHandler             
0000c2f1  I2C0_IRQHandler               
0000c2f1  I2C1_IRQHandler               
0000c2f1  NMI_Handler                   
0000c2f1  PendSV_Handler                
0000c2f1  RTC_IRQHandler                
0000c2f1  SPI0_IRQHandler               
0000c2f1  SPI1_IRQHandler               
0000c2f1  SVC_Handler                   
0000c2f1  TIMA0_IRQHandler              
0000c2f1  TIMA1_IRQHandler              
0000c2f1  TIMG0_IRQHandler              
0000c2f1  TIMG6_IRQHandler              
0000c2f1  TIMG8_IRQHandler              
0000c2f1  UART0_IRQHandler              
0000c2f1  UART1_IRQHandler              
0000c2f1  UART2_IRQHandler              
0000c2f1  UART3_IRQHandler              
0000c2f5  HardFault_Handler             
0000c2f9  Reset_Handler                 
0000c2fd  _system_pre_init              
0000c300  C$$EXIT                       
0000c301  abort                         
0000c384  __TI_Handler_Table_Base       
0000c390  __TI_Handler_Table_Limit      
0000c398  __TI_CINIT_Base               
0000c3a8  __TI_CINIT_Limit              
0000c3a8  __TI_CINIT_Warm               
20200000  __start___llvm_prf_bits       
20200000  __start___llvm_prf_cnts       
20200000  __stop___llvm_prf_bits        
20200000  __stop___llvm_prf_cnts        
20200000  _ftable                       
202000f0  _device                       
20200168  _stream                       
202001b8  __TI_cleanup_ptr              
202001bc  __TI_dtors_ptr                
202001c0  kolovosSprite                 
202001c8  BusFreq                       
202001cc  StX                           
202001d0  StY                           
202001d4  __TI_ft_end                   
202001d8  _lock                         
202001dc  _unlock                       
202001e0  askingRiddle                  
202001e4  sliderX                       
202001e8  sliderY                       
202001ec  switchA                       
202001f0  switchB                       
202001f4  switchC                       
202001f8  switchD                       
202001fc  updateCharLocation            
20200200  updateCharacterFlag           
20200204  StTextColor                   
20200218  _sys_memory                   
20200418  _CIOBUF_                      
20200418  __CIOBUF_                     
20200538  __TI_tmpnams                  
202005d8  parmbuf                       
202005e4  TExaSLogic                    
202005e8  TExaSadc                      
20207e00  __stack                       
20208000  __STACK_END                   
ffffffff  __TI_pprof_out_hndl           
ffffffff  __TI_prof_data_size           
ffffffff  __TI_prof_data_start          
ffffffff  __binit__                     
ffffffff  binit                         
UNDEFED   __mpu_init                    
UNDEFED   _system_post_cinit            

[191 symbols]
