******************************************************************************
            TI ARM Clang Linker PC v3.2.1                      
******************************************************************************
>> Linked Tue Apr 23 02:36:35 2024

OUTPUT FILE NAME:   <ECE319K_Lab9.out>
ENTRY POINT SYMBOL: "_c_int00_noargs"  address: 0001fb0d


MEMORY CONFIGURATION

         name            origin    length      used     unused   attr    fill
----------------------  --------  ---------  --------  --------  ----  --------
  FLASH                 00000000   00020000  0001fed0  00000130  R  X
  SRAM                  20200000   00008000  00002b3f  000054c1  RW X
  BCR_CONFIG            41c00000   00000080  00000000  00000080  R   
  BSL_CONFIG            41c00100   00000080  00000000  00000080  R   


SEGMENT ALLOCATION MAP

run origin  load origin   length   init length attrs members
----------  ----------- ---------- ----------- ----- -------
00000000    00000000    0001fed0   0001fed0    r-x
  00000000    00000000    000000c0   000000c0    r-- .intvecs
  000000c0    000000c0    0001bf60   0001bf60    r-- .rodata
  0001c020    0001c020    00003dd8   00003dd8    r-x .text
  0001fdf8    0001fdf8    000000d8   000000d8    r-- .cinit
20200000    20200000    00002940   00000000    rw-
  20200000    20200000    000024df   00000000    rw- .bss
  202024e0    202024e0    00000260   00000000    rw- .data
  20202740    20202740    00000200   00000000    rw- .sysmem
20207e00    20207e00    00000200   00000000    rw-
  20207e00    20207e00    00000200   00000000    rw- .stack


SECTION ALLOCATION MAP

 output                                  attributes/
section   page    origin      length       input sections
--------  ----  ----------  ----------   ----------------
.intvecs   0    00000000    000000c0     
                  00000000    000000c0     startup_mspm0g3507_ticlang.o (.intvecs)

.text      0    0001c020    00003dd8     
                  0001c020    00000830     Lab9Main.o (.text.main)
                  0001c850    00000560     Lab9Main.o (.text.TIMG12_IRQHandler)
                  0001cdb0    00000284     libc.a : _printfi.c.obj (.text:__TI_printfi_minimal)
                  0001d034    00000244     Lab9Main.o (.text.fillPolygon)
                  0001d278    00000210     ST7735.o (.text.ST7735_DrawBitmap)
                  0001d488    000001b4     Clock.o (.text.Clock_Init80MHz)
                  0001d63c    000001a0     ST7735.o (.text.ST7735_DrawCharS)
                  0001d7dc    00000160     libc.a : fopen.c.obj (.text._openfile)
                  0001d93c    00000138     Lab9Main.o (.text.convexHull)
                  0001da74    0000012c     libc.a : memory.c.obj (.text.aligned_alloc)
                  0001dba0    00000128     TExaS.o (.text.ADC_Init)
                  0001dcc8    00000118     ST7735.o (.text.ST7735_FillRect)
                  0001dde0    00000104     libc.a : fputs.c.obj (.text.fputs)
                  0001dee4    000000f8     SPI.o (.text.SPI_Init)
                  0001dfdc    000000f6     Lab9Main.o (.text.isInsideConvexHull)
                  0001e0d2    00000002     LED.o (.text.LED_Init)
                  0001e0d4    000000ec     libsysbm.a : add_device.c.obj (.text.add_device)
                  0001e1c0    000000ec     libc.a : memory.c.obj (.text.free)
                  0001e2ac    000000e8     TExaS.o (.text.UART_Init)
                  0001e394    000000dc     libc.a : setvbuf.c.obj (.text.setvbuf)
                  0001e470    000000d0     ST7735.o (.text.ST7735_OutChar)
                  0001e540    000000a8     Timer.o (.text.TimerG7_IntArm)
                  0001e5e8    000000a8     libsysbm.a : open.c.obj (.text.open)
                  0001e690    000000a2     ST7735.o (.text.commandList)
                  0001e732    00000002     libclang_rt.builtins.a : aeabi_div0.c.obj (.text.__aeabi_idiv0)
                  0001e734    0000009c     ST7735.o (.text.ST7735_InitPrintf)
                  0001e7d0    0000009c     libc.a : fputc.c.obj (.text.fputc)
                  0001e86c    00000098     ST7735.o (.text.ST7735_InitR)
                  0001e904    00000094     Timer.o (.text.TimerG12_IntArm)
                  0001e998    00000088     ST7735.o (.text.setAddrWindow)
                  0001ea20    00000084     ST7735.o (.text.ST7735_DrawString)
                  0001eaa4    0000007c     LaunchPad.o (.text.LaunchPad_Init)
                  0001eb20    0000007c     libc.a : fclose.c.obj (.text.__TI_closefile)
                  0001eb9c    00000078     ADC1.o (.text.ADC1init)
                  0001ec14    00000078     ADC2.o (.text.ADC2init)
                  0001ec8c    00000078     libc.a : copy_decompress_lzss.c.obj (.text:decompress:lzss)
                  0001ed04    00000070     ST7735.o (.text.ST7735_DrawPixel)
                  0001ed74    0000006c     libsysbm.a : hostlseek.c.obj (.text.HOSTlseek)
                  0001ede0    0000006c                : hostrename.c.obj (.text.HOSTrename)
                  0001ee4c    0000006c     libc.a : fseek.c.obj (.text.fseeko)
                  0001eeb8    0000006a     Lab9Main.o (.text.orientation)
                  0001ef22    00000002     libc.a : _lock.c.obj (.text._nop)
                  0001ef24    00000068            : getdevice.c.obj (.text.getdevice)
                  0001ef8c    00000064            : _io_perm.c.obj (.text.__TI_wrt_ok)
                  0001eff0    00000064            : memory.c.obj (.text.split)
                  0001f054    00000060     libsysbm.a : hostopen.c.obj (.text.HOSTopen)
                  0001f0b4    0000005c     libc.a : printf.c.obj (.text.printf)
                  0001f110    00000058     libsysbm.a : hostread.c.obj (.text.HOSTread)
                  0001f168    00000058                : hostwrite.c.obj (.text.HOSTwrite)
                  0001f1c0    00000058     TExaS.o (.text.TExaS_Init)
                  0001f218    00000056     libclang_rt.builtins.a : aeabi_idivmod.S.obj (.text.__aeabi_idivmod)
                  0001f26e    00000052     libc.a : fflush.c.obj (.text.__TI_doflush)
                  0001f2c0    00000050     ADC2.o (.text.Convert2)
                  0001f310    00000050     libsysbm.a : close.c.obj (.text.close)
                  0001f360    00000048                : hostclose.c.obj (.text.HOSTclose)
                  0001f3a8    00000048                : hostunlink.c.obj (.text.HOSTunlink)
                  0001f3f0    00000048     SPI.o (.text.SPI_OutCommand)
                  0001f438    00000048     Switch.o (.text.Switch_Init)
                  0001f480    00000044     ADC2.o (.text.ADC2in)
                  0001f4c4    00000044     Sound.o (.text.SysTick_Handler)
                  0001f508    00000044     Sound.o (.text.SysTick_IntArm)
                  0001f54c    00000042     Lab9Main.o (.text.crossProduct)
                  0001f58e    00000002     --HOLE-- [fill = 0]
                  0001f590    00000040     SPI.o (.text.SPI_Reset)
                  0001f5d0    00000040     TExaS.o (.text.TIMG7_IRQHandler)
                  0001f610    00000040     libclang_rt.builtins.a : aeabi_uidivmod.S.obj (.text.__aeabi_uidivmod)
                  0001f650    00000040     libc.a : fopen.c.obj (.text._search_fp)
                  0001f690    0000003c     DAC5.o (.text.DAC5_Init)
                  0001f6cc    0000003c     libc.a : autoinit.c.obj (.text:__TI_auto_init_nobinit_nopinit)
                  0001f708    00000038     LaunchPad.o (.text.ActivatePortA_B)
                  0001f740    00000038     SPI.o (.text.SPI_OutData)
                  0001f778    00000038     libc.a : getdevice.c.obj (.text.finddevice)
                  0001f7b0    00000034     Clock.o (.text.Clock_Delay1ms)
                  0001f7e4    00000034     ST7735.o (.text.ST7735_SetCursor)
                  0001f818    00000034     ST7735.o (.text.ST7735_write)
                  0001f84c    00000034     Sound.o (.text.Sound_Start)
                  0001f880    00000034     libc.a : fopen.c.obj (.text.__TI_cleanup)
                  0001f8b4    00000034     libsysbm.a : trgmsg.c.obj (.text.__TI_readmsg)
                  0001f8e8    00000034                : trgmsg.c.obj (.text.__TI_writemsg)
                  0001f91c    00000034     libc.a : exit.c.obj (.text.exit)
                  0001f950    00000034            : fopen.c.obj (.text.freopen)
                  0001f984    00000030     Sound.o (.text.Sound_Shoot)
                  0001f9b4    00000030     ST7735.o (.text.commonInit)
                  0001f9e4    00000030     libc.a : fopen.c.obj (.text.fopen)
                  0001fa14    0000002c     ST7735.o (.text.ST7735_FillScreen)
                  0001fa40    0000002c     libsysbm.a : unlink.c.obj (.text.unlink)
                  0001fa6c    00000028     TExaS.o (.text.ADC_Start)
                  0001fa94    00000028     libc.a : memory.c.obj (.text.free_list_insert)
                  0001fabc    00000028     libsysbm.a : lseek.c.obj (.text.lseek)
                  0001fae4    00000028                : write.c.obj (.text.write)
                  0001fb0c    00000028     libc.a : boot_cortex_m.c.obj (.text:_c_int00_noargs)
                  0001fb34    00000022            : memccpy.c.obj (.text.memccpy)
                  0001fb56    00000002     --HOLE-- [fill = 0]
                  0001fb58    00000020     Sound.o (.text.Sound_Init)
                  0001fb78    0000001e     ST7735.o (.text.pushColor)
                  0001fb96    00000002     --HOLE-- [fill = 0]
                  0001fb98    0000001c     DAC5.o (.text.DAC5_Out)
                  0001fbb4    0000001c     libc.a : memory.c.obj (.text.free_list_remove)
                  0001fbd0    00000016     ST7735.o (.text.ST7735_open)
                  0001fbe6    00000016     ST7735.o (.text.ST7735_read)
                  0001fbfc    00000014     Sound.o (.text.Sound_Killed)
                  0001fc10    00000014     Switch.o (.text.Switch_InA)
                  0001fc24    00000014     Switch.o (.text.Switch_InB)
                  0001fc38    00000014     Switch.o (.text.Switch_InC)
                  0001fc4c    00000014     Switch.o (.text.Switch_InD)
                  0001fc60    00000014     Switch.o (.text.Switch_InE)
                  0001fc74    00000014     Switch.o (.text.Switch_InF)
                  0001fc88    00000014     Switch.o (.text.Switch_InG)
                  0001fc9c    00000012     libsysbm.a : hostrename.c.obj (.text.strcpy)
                  0001fcae    00000012     libc.a : memcpy16.S.obj (.text:TI_memcpy_small)
                  0001fcc0    00000012            : copy_decompress_none.c.obj (.text:decompress:none)
                  0001fcd2    00000010     Clock.o (.text.Clock_Delay)
                  0001fce2    00000002     --HOLE-- [fill = 0]
                  0001fce4    00000010     Switch.o (.text.Switch_InH)
                  0001fcf4    00000010     Lab9Main.o (.text.TExaS_LaunchPadLogicPB27PB26)
                  0001fd04    00000010     libc.a : copy_zero_init.c.obj (.text:decompress:ZI)
                  0001fd14    0000000e            : memory.c.obj (.text.OUTLINED_FUNCTION_0)
                  0001fd22    0000000e     ST7735.o (.text.ST7735_lseek)
                  0001fd30    0000000e     libclang_rt.builtins.a : aeabi_memset.S.obj (.text.__aeabi_memset)
                  0001fd3e    0000000e     libc.a : _printfi.c.obj (.text.strlen)
                  0001fd4c    0000000e     libsysbm.a : hostrename.c.obj (.text.strlen)
                  0001fd5a    0000000e     libc.a : memset16.S.obj (.text:TI_memset_small)
                  0001fd68    0000000c     Clock.o (.text.Clock_Freq)
                  0001fd74    0000000c     ST7735.o (.text.ST7735_rename)
                  0001fd80    0000000c     libclang_rt.builtins.a : aeabi_memset.S.obj (.text.__aeabi_memclr)
                  0001fd8c    0000000c     libc.a : memory.c.obj (.text.malloc)
                  0001fd98    0000000a     Lab9Main.o (.text.PLL_Init)
                  0001fda2    0000000a     ST7735.o (.text.ST7735_close)
                  0001fdac    0000000a     ST7735.o (.text.ST7735_unlink)
                  0001fdb6    00000002     --HOLE-- [fill = 0]
                  0001fdb8    00000008     libclang_rt.builtins.a : aeabi_memcpy.S.obj (.text.__aeabi_memcpy)
                  0001fdc0    00000008     libc.a : printf.c.obj (.text._outc)
                  0001fdc8    00000008            : printf.c.obj (.text._outs)
                  0001fdd0    00000008            : fseek.c.obj (.text.fseek)
                  0001fdd8    00000008     libsysbm.a : remove.c.obj (.text.remove)
                  0001fde0    00000004     startup_mspm0g3507_ticlang.o (.text.Default_Handler)
                  0001fde4    00000004     startup_mspm0g3507_ticlang.o (.text.HardFault_Handler)
                  0001fde8    00000004     startup_mspm0g3507_ticlang.o (.text.Reset_Handler)
                  0001fdec    00000004     libc.a : pre_init.c.obj (.text._system_pre_init)
                  0001fdf0    00000004            : exit.c.obj (.text:abort)
                  0001fdf4    00000004     --HOLE-- [fill = 0]

.cinit     0    0001fdf8    000000d8     
                  0001fdf8    000000ad     (.cinit..data.load) [load image, compression = lzss]
                  0001fea5    00000003     --HOLE-- [fill = 0]
                  0001fea8    0000000c     (__TI_handler_table)
                  0001feb4    00000008     (.cinit..bss.load) [load image, compression = zero_init]
                  0001febc    00000010     (__TI_cinit_table)
                  0001fecc    00000004     --HOLE-- [fill = 0]

.rodata    0    000000c0    0001bf60     
                  000000c0    0000a000     Lab9Main.o (.rodata.Startbackground)
                  0000a0c0    00002580     Lab9Main.o (.rodata.blueStart)
                  0000c640    00002580     Lab9Main.o (.rodata.redStart)
                  0000ebc0    00002300     Lab9Main.o (.rodata.pigLatinStart)
                  00010ec0    00002300     Lab9Main.o (.rodata.startButton)
                  000131c0    00001900     Lab9Main.o (.rodata.blueWinPigLatin)
                  00014ac0    00001900     Lab9Main.o (.rodata.blueWins)
                  000163c0    00001900     Lab9Main.o (.rodata.redWinPigLatin)
                  00017cc0    00001900     Lab9Main.o (.rodata.redWins)
                  000195c0    00000c80     Lab9Main.o (.rodata.languageSelect)
                  0001a240    00000a28     Sound.o (.rodata.buttpenis)
                  0001ac68    000008fc     Sound.o (.rodata.penisbutt)
                  0001b564    000004fb     ST7735.o (.rodata.Font)
                  0001ba5f    00000001     --HOLE-- [fill = 0]
                  0001ba60    0000012c     Lab9Main.o (.rodata.lightBlue)
                  0001bb8c    0000012c     Lab9Main.o (.rodata.yellowselector)
                  0001bcb8    00000120     Lab9Main.o (.rodata.crown)
                  0001bdd8    00000080     Lab9Main.o (.rodata.blueChar)
                  0001be58    00000080     Lab9Main.o (.rodata.redChar)
                  0001bed8    0000003b     ST7735.o (.rodata.Rcmd1)
                  0001bf13    0000002b     ST7735.o (.rodata.Rcmd3)
                  0001bf3e    00000016     ST7735.o (.rodata.str1.150125634883956314241)
                  0001bf54    00000012     Lab9Main.o (.rodata.str1.37815664167421151901)
                  0001bf66    00000012     Lab9Main.o (.rodata.str1.61225035454356512161)
                  0001bf78    00000011     libc.a : _printfi.c.obj (.rodata.str1.44690500295887128011)
                  0001bf89    00000011     Lab9Main.o (.rodata.str1.68612456344931424701)
                  0001bf9a    00000010     Lab9Main.o (.rodata.blueFill)
                  0001bfaa    00000010     Lab9Main.o (.rodata.blueTrail)
                  0001bfba    00000010     Lab9Main.o (.rodata.pinkTrail)
                  0001bfca    00000010     Lab9Main.o (.rodata.redFill)
                  0001bfda    00000010     Lab9Main.o (.rodata.str1.34244414569600010931)
                  0001bfea    0000000d     ST7735.o (.rodata.Rcmd2green)
                  0001bff7    0000000d     ST7735.o (.rodata.Rcmd2red)
                  0001c004    00000008     ST7735.o (.rodata.str1.143521477748834177251)
                  0001c00c    00000007     ST7735.o (.rodata.str1.128575281204556371821)
                  0001c013    00000007     ST7735.o (.rodata.str1.51779164332721195311)
                  0001c01a    00000002     ST7735.o (.rodata.str1.147926714926531362981)
                  0001c01c    00000004     --HOLE-- [fill = 0]

.init_array 
*          0    00000000    00000000     UNINITIALIZED

.binit     0    00000000    00000000     

.bss       0    20200000    000024df     UNINITIALIZED
                  20200000    00000a00     (.common:bluePossibleCapture)
                  20200a00    00000a00     (.common:redPossibleCapture)
                  20201400    00000780     (.common:blueCapturedTerritory)
                  20201b80    00000780     (.common:redCapturedTerritory)
                  20202300    00000120     libsysbm.a : trgmsg.c.obj (.bss:_CIOBUF_)
                  20202420    000000a0     libc.a : defs.c.obj (.bss.__TI_tmpnams)
                  202024c0    00000008     libsysbm.a : hostopen.c.obj (.bss.parmbuf)
                  202024c8    00000004     libc.a : memory.c.obj (.bss.sys_free)
                  202024cc    00000004     (.common:ArrayCount)
                  202024d0    00000004     (.common:TExaSLogic)
                  202024d4    00000004     (.common:TExaSadc)
                  202024d8    00000004     (.common:daPointer)
                  202024dc    00000001     ST7735.o (.bss.ColStart)
                  202024dd    00000001     ST7735.o (.bss.RowStart)
                  202024de    00000001     ST7735.o (.bss.TabColor)

.data      0    202024e0    00000260     UNINITIALIZED
                  202024e0    000000f0     libc.a : defs.c.obj (.data._ftable)
                  202025d0    00000078     libsysbm.a : host_device.c.obj (.data._device)
                  20202648    00000050                : host_device.c.obj (.data._stream)
                  20202698    0000001c     Lab9Main.o (.data.blueSprite)
                  202026b4    0000001c     Lab9Main.o (.data.redSprite)
                  202026d0    00000008     libc.a : exit.c.obj (.data..L_MergedGlobals)
                  202026d8    00000004     Clock.o (.data.BusFreq)
                  202026dc    00000004     ST7735.o (.data.StX)
                  202026e0    00000004     ST7735.o (.data.StY)
                  202026e4    00000004     libc.a : defs.c.obj (.data.__TI_ft_end)
                  202026e8    00000004            : _lock.c.obj (.data._lock)
                  202026ec    00000004            : _lock.c.obj (.data._unlock)
                  202026f0    00000004     Lab9Main.o (.data.bluePixelCount)
                  202026f4    00000004     Lab9Main.o (.data.redPixelCount)
                  202026f8    00000004     Lab9Main.o (.data.sliderY)
                  202026fc    00000004     Lab9Main.o (.data.switchA)
                  20202700    00000004     Lab9Main.o (.data.switchB)
                  20202704    00000004     Lab9Main.o (.data.switchC)
                  20202708    00000004     Lab9Main.o (.data.switchD)
                  2020270c    00000004     Lab9Main.o (.data.switchE)
                  20202710    00000004     Lab9Main.o (.data.switchF)
                  20202714    00000004     Lab9Main.o (.data.switchG)
                  20202718    00000004     Lab9Main.o (.data.switchH)
                  2020271c    00000002     ST7735.o (.data.StTextColor)
                  2020271e    00000002     ST7735.o (.data._height)
                  20202720    00000002     ST7735.o (.data._width)
                  20202722    00000002     Lab9Main.o (.data.blueCapIndex)
                  20202724    00000002     Lab9Main.o (.data.bluePossCapIndex)
                  20202726    00000002     Lab9Main.o (.data.prevBlueCapIndex)
                  20202728    00000002     Lab9Main.o (.data.prevRedCapIndex)
                  2020272a    00000002     Lab9Main.o (.data.redCapIndex)
                  2020272c    00000002     Lab9Main.o (.data.redPossCapIndex)
                  2020272e    00000001     Lab9Main.o (.data.blueCaptured)
                  2020272f    00000001     Lab9Main.o (.data.blueLeftTerritory)
                  20202730    00000001     libsysbm.a : add_device.c.obj (.data.add_device.device_init)
                  20202731    00000001     Lab9Main.o (.data.blueWin)
                  20202732    00000001     Lab9Main.o (.data.isEnglish)
                  20202733    00000001     Lab9Main.o (.data.onIntroScreen)
                  20202734    00000001     libc.a : memory.c.obj (.data.memory_is_initialized)
                  20202735    00000001     Lab9Main.o (.data.playedEndSound)
                  20202736    00000001     Lab9Main.o (.data.playedStartSound)
                  20202737    00000001     Lab9Main.o (.data.playerWon)
                  20202738    00000001     libsysbm.a : open.c.obj (.data.open.stream_init)
                  20202739    00000001     Lab9Main.o (.data.redCaptured)
                  2020273a    00000001     Lab9Main.o (.data.redLeftTerritory)
                  2020273b    00000001     Lab9Main.o (.data.redWin)
                  2020273c    00000001     Lab9Main.o (.data.showBlueTrail)
                  2020273d    00000001     Lab9Main.o (.data.showRedTrail)
                  2020273e    00000001     Lab9Main.o (.data.updateBlueFlag)
                  2020273f    00000001     Lab9Main.o (.data.updateRedFlag)

.sysmem    0    20202740    00000200     UNINITIALIZED
                  20202740    00000010     libc.a : memory.c.obj (.sysmem)
                  20202750    000001f0     --HOLE--

.stack     0    20207e00    00000200     UNINITIALIZED
                  20207e00    00000004     libc.a : boot_cortex_m.c.obj (.stack)
                  20207e04    000001fc     --HOLE--

__llvm_prf_cnts 
*          0    20200000    00000000     UNINITIALIZED

__llvm_prf_bits 
*          0    20200000    00000000     UNINITIALIZED

MODULE SUMMARY

       Module                         code    ro data   rw data
       ------                         ----    -------   -------
    .\
       Lab9Main.o                     4808    108157    9087   
       Sound.o                        288     4900      8      
       ST7735.o                       2598    1449      17     
       TExaS.o                        720     0         8      
       Clock.o                        516     0         4      
       SPI.o                          440     0         0      
       Timer.o                        316     0         0      
       ADC2.o                         268     0         0      
       Switch.o                       228     0         0      
       LaunchPad.o                    180     0         0      
       ADC1.o                         120     0         0      
       DAC5.o                         88      0         0      
       LED.o                          2       0         0      
    +--+------------------------------+-------+---------+---------+
       Total:                         10572   114506    9124   
                                                               
    .\ticlang\
       startup_mspm0g3507_ticlang.o   12      192       0      
    +--+------------------------------+-------+---------+---------+
       Total:                         12      192       0      
                                                               
    C:\ti\ccs1260\ccs\tools\compiler\ti-cgt-armllvm_3.2.1.LTS\lib\armv6m-ti-none-eabi/c/libc.a
       memory.c.obj                   730     0         5      
       _printfi.c.obj                 658     17        0      
       fopen.c.obj                    568     0         0      
       defs.c.obj                     0       0         404    
       fputs.c.obj                    260     0         0      
       setvbuf.c.obj                  220     0         0      
       getdevice.c.obj                160     0         0      
       fputc.c.obj                    156     0         0      
       fclose.c.obj                   124     0         0      
       copy_decompress_lzss.c.obj     120     0         0      
       fseek.c.obj                    116     0         0      
       printf.c.obj                   108     0         0      
       _io_perm.c.obj                 100     0         0      
       fflush.c.obj                   82      0         0      
       exit.c.obj                     56      0         8      
       autoinit.c.obj                 60      0         0      
       boot_cortex_m.c.obj            40      0         0      
       memccpy.c.obj                  34      0         0      
       copy_decompress_none.c.obj     18      0         0      
       memcpy16.S.obj                 18      0         0      
       copy_zero_init.c.obj           16      0         0      
       memset16.S.obj                 14      0         0      
       _lock.c.obj                    2       0         8      
       pre_init.c.obj                 4       0         0      
    +--+------------------------------+-------+---------+---------+
       Total:                         3664    17        425    
                                                               
    C:\ti\ccs1260\ccs\tools\compiler\ti-cgt-armllvm_3.2.1.LTS\lib\armv6m-ti-none-eabi/c/libsysbm.a
       trgmsg.c.obj                   104     0         288    
       add_device.c.obj               236     0         1      
       host_device.c.obj              0       0         200    
       open.c.obj                     168     0         1      
       hostrename.c.obj               140     0         0      
       hostlseek.c.obj                108     0         0      
       hostopen.c.obj                 96      0         8      
       hostread.c.obj                 88      0         0      
       hostwrite.c.obj                88      0         0      
       close.c.obj                    80      0         0      
       hostclose.c.obj                72      0         0      
       hostunlink.c.obj               72      0         0      
       unlink.c.obj                   44      0         0      
       lseek.c.obj                    40      0         0      
       write.c.obj                    40      0         0      
       remove.c.obj                   8       0         0      
    +--+------------------------------+-------+---------+---------+
       Total:                         1384    0         498    
                                                               
    C:\ti\ccs1260\ccs\tools\compiler\ti-cgt-armllvm_3.2.1.LTS\lib\clang/15.0.7/lib/armv6m-ti-none-eabi/libclang_rt.builtins.a
       aeabi_idivmod.S.obj            86      0         0      
       aeabi_uidivmod.S.obj           64      0         0      
       aeabi_memset.S.obj             26      0         0      
       aeabi_memcpy.S.obj             8       0         0      
       aeabi_div0.c.obj               2       0         0      
    +--+------------------------------+-------+---------+---------+
       Total:                         186     0         0      
                                                               
       Heap:                          0       0         512    
       Stack:                         0       0         512    
       Linker Generated:              0       209       0      
    +--+------------------------------+-------+---------+---------+
       Grand Total:                   15818   114924    11071  


LINKER GENERATED COPY TABLES

__TI_cinit_table @ 0001febc records: 2, size/record: 8, table size: 16
	.data: load addr=0001fdf8, load size=000000ad bytes, run addr=202024e0, run size=00000260 bytes, compression=lzss
	.bss: load addr=0001feb4, load size=00000008 bytes, run addr=20200000, run size=000024df bytes, compression=zero_init


LINKER GENERATED HANDLER TABLE

__TI_handler_table @ 0001fea8 records: 3, size/record: 4, table size: 12
	index: 0, handler: __TI_decompress_lzss
	index: 1, handler: __TI_decompress_none
	index: 2, handler: __TI_zero_init


GLOBAL SYMBOLS: SORTED ALPHABETICALLY BY Name 

address   name                          
-------   ----                          
0001fde1  ADC0_IRQHandler               
0001fde1  ADC1_IRQHandler               
0001eb9d  ADC1init                      
0001f481  ADC2in                        
0001ec15  ADC2init                      
0001dba1  ADC_Init                      
0001fa6d  ADC_Start                     
0001fde1  AES_IRQHandler                
0001f709  ActivatePortA_B               
202024cc  ArrayCount                    
202026d8  BusFreq                       
0001fdf0  C$$EXIT                       
0001f915  C$$IO$$                       
0001fde1  CANFD0_IRQHandler             
0001fcd3  Clock_Delay                   
0001f7b1  Clock_Delay1ms                
0001fd69  Clock_Freq                    
0001d489  Clock_Init80MHz               
0001f2c1  Convert2                      
0001fde1  DAC0_IRQHandler               
0001f691  DAC5_Init                     
0001fb99  DAC5_Out                      
0001fde1  DMA_IRQHandler                
0001fde1  Default_Handler               
0001fde1  GROUP0_IRQHandler             
0001fde1  GROUP1_IRQHandler             
0001f361  HOSTclose                     
0001ed75  HOSTlseek                     
0001f055  HOSTopen                      
0001f111  HOSTread                      
0001ede1  HOSTrename                    
0001f3a9  HOSTunlink                    
0001f169  HOSTwrite                     
0001fde5  HardFault_Handler             
0001fde1  I2C0_IRQHandler               
0001fde1  I2C1_IRQHandler               
0001e0d3  LED_Init                      
0001eaa5  LaunchPad_Init                
0001fde1  NMI_Handler                   
0001fd99  PLL_Init                      
0001fde1  PendSV_Handler                
0001fde1  RTC_IRQHandler                
0001fde9  Reset_Handler                 
0001fde1  SPI0_IRQHandler               
0001fde1  SPI1_IRQHandler               
0001dee5  SPI_Init                      
0001f3f1  SPI_OutCommand                
0001f741  SPI_OutData                   
0001f591  SPI_Reset                     
0001d279  ST7735_DrawBitmap             
0001d63d  ST7735_DrawCharS              
0001ed05  ST7735_DrawPixel              
0001ea21  ST7735_DrawString             
0001dcc9  ST7735_FillRect               
0001fa15  ST7735_FillScreen             
0001e735  ST7735_InitPrintf             
0001e86d  ST7735_InitR                  
0001e471  ST7735_OutChar                
0001f7e5  ST7735_SetCursor              
0001fda3  ST7735_close                  
0001fd23  ST7735_lseek                  
0001fbd1  ST7735_open                   
0001fbe7  ST7735_read                   
0001fd75  ST7735_rename                 
0001fdad  ST7735_unlink                 
0001f819  ST7735_write                  
0001fde1  SVC_Handler                   
0001fb59  Sound_Init                    
0001fbfd  Sound_Killed                  
0001f985  Sound_Shoot                   
0001f84d  Sound_Start                   
2020271c  StTextColor                   
202026dc  StX                           
202026e0  StY                           
000000c0  Startbackground               
0001fc11  Switch_InA                    
0001fc25  Switch_InB                    
0001fc39  Switch_InC                    
0001fc4d  Switch_InD                    
0001fc61  Switch_InE                    
0001fc75  Switch_InF                    
0001fc89  Switch_InG                    
0001fce5  Switch_InH                    
0001f439  Switch_Init                   
0001f4c5  SysTick_Handler               
0001f509  SysTick_IntArm                
202024d0  TExaSLogic                    
0001f1c1  TExaS_Init                    
0001fcf5  TExaS_LaunchPadLogicPB27PB26  
202024d4  TExaSadc                      
0001fde1  TIMA0_IRQHandler              
0001fde1  TIMA1_IRQHandler              
0001fde1  TIMG0_IRQHandler              
0001c851  TIMG12_IRQHandler             
0001fde1  TIMG6_IRQHandler              
0001f5d1  TIMG7_IRQHandler              
0001fde1  TIMG8_IRQHandler              
0001fcaf  TI_memcpy_small               
0001fd5b  TI_memset_small               
0001e905  TimerG12_IntArm               
0001e541  TimerG7_IntArm                
0001fde1  UART0_IRQHandler              
0001fde1  UART1_IRQHandler              
0001fde1  UART2_IRQHandler              
0001fde1  UART3_IRQHandler              
0001e2ad  UART_Init                     
20202300  _CIOBUF_                      
20202300  __CIOBUF_                     
20208000  __STACK_END                   
00000200  __STACK_SIZE                  
00000200  __SYSMEM_SIZE                 
00000000  __TI_ATRegion0_region_sz      
00000000  __TI_ATRegion0_src_addr       
00000000  __TI_ATRegion0_trg_addr       
00000000  __TI_ATRegion1_region_sz      
00000000  __TI_ATRegion1_src_addr       
00000000  __TI_ATRegion1_trg_addr       
00000000  __TI_ATRegion2_region_sz      
00000000  __TI_ATRegion2_src_addr       
00000000  __TI_ATRegion2_trg_addr       
0001febc  __TI_CINIT_Base               
0001fecc  __TI_CINIT_Limit              
0001fecc  __TI_CINIT_Warm               
0001fea8  __TI_Handler_Table_Base       
0001feb4  __TI_Handler_Table_Limit      
0001f6cd  __TI_auto_init_nobinit_nopinit
0001f881  __TI_cleanup                  
202026d0  __TI_cleanup_ptr              
0001eb21  __TI_closefile                
0001ec8d  __TI_decompress_lzss          
0001fcc1  __TI_decompress_none          
0001f26f  __TI_doflush                  
202026d4  __TI_dtors_ptr                
202026e4  __TI_ft_end                   
ffffffff  __TI_pprof_out_hndl           
0001cdb1  __TI_printfi_minimal          
ffffffff  __TI_prof_data_size           
ffffffff  __TI_prof_data_start          
0001f8b5  __TI_readmsg                  
00000000  __TI_static_base__            
20202420  __TI_tmpnams                  
0001f8e9  __TI_writemsg                 
0001ef8d  __TI_wrt_ok                   
0001fd05  __TI_zero_init                
0001f219  __aeabi_idiv                  
0001e733  __aeabi_idiv0                 
0001f219  __aeabi_idivmod               
0001fd81  __aeabi_memclr                
0001fd81  __aeabi_memclr4               
0001fd81  __aeabi_memclr8               
0001fdb9  __aeabi_memcpy                
0001fdb9  __aeabi_memcpy4               
0001fdb9  __aeabi_memcpy8               
0001fd31  __aeabi_memset                
0001fd31  __aeabi_memset4               
0001fd31  __aeabi_memset8               
0001f611  __aeabi_uidiv                 
0001f611  __aeabi_uidivmod              
ffffffff  __binit__                     
UNDEFED   __mpu_init                    
20207e00  __stack                       
20200000  __start___llvm_prf_bits       
20200000  __start___llvm_prf_cnts       
20200000  __stop___llvm_prf_bits        
20200000  __stop___llvm_prf_cnts        
0001fb0d  _c_int00_noargs               
202025d0  _device                       
202024e0  _ftable                       
202026e8  _lock                         
0001ef23  _nop                          
20202648  _stream                       
20202740  _sys_memory                   
UNDEFED   _system_post_cinit            
0001fded  _system_pre_init              
202026ec  _unlock                       
0001fdf1  abort                         
0001e0d5  add_device                    
0001da75  aligned_alloc                 
ffffffff  binit                         
20202722  blueCapIndex                  
2020272e  blueCaptured                  
20201400  blueCapturedTerritory         
0001bdd8  blueChar                      
0001bf9a  blueFill                      
2020272f  blueLeftTerritory             
202026f0  bluePixelCount                
20202724  bluePossCapIndex              
20200000  bluePossibleCapture           
20202698  blueSprite                    
0000a0c0  blueStart                     
0001bfaa  blueTrail                     
20202731  blueWin                       
000131c0  blueWinPigLatin               
00014ac0  blueWins                      
0001a240  buttpenis                     
0001f311  close                         
0001d93d  convexHull                    
0001f54d  crossProduct                  
0001bcb8  crown                         
202024d8  daPointer                     
0001f91d  exit                          
0001d035  fillPolygon                   
0001f779  finddevice                    
0001f9e5  fopen                         
0001e7d1  fputc                         
0001dde1  fputs                         
0001e1c1  free                          
0001f951  freopen                       
0001fdd1  fseek                         
0001ee4d  fseeko                        
0001ef25  getdevice                     
00000000  interruptVectors              
20202732  isEnglish                     
0001dfdd  isInsideConvexHull            
000195c0  languageSelect                
0001ba60  lightBlue                     
0001fabd  lseek                         
0001c021  main                          
0001fd8d  malloc                        
0001da75  memalign                      
0001fb35  memccpy                       
20202733  onIntroScreen                 
0001e5e9  open                          
0001eeb9  orientation                   
202024c0  parmbuf                       
0001ac68  penisbutt                     
0000ebc0  pigLatinStart                 
0001bfba  pinkTrail                     
20202735  playedEndSound                
20202736  playedStartSound              
20202737  playerWon                     
20202726  prevBlueCapIndex              
20202728  prevRedCapIndex               
0001f0b5  printf                        
2020272a  redCapIndex                   
20202739  redCaptured                   
20201b80  redCapturedTerritory          
0001be58  redChar                       
0001bfca  redFill                       
2020273a  redLeftTerritory              
202026f4  redPixelCount                 
2020272c  redPossCapIndex               
20200a00  redPossibleCapture            
202026b4  redSprite                     
0000c640  redStart                      
2020273b  redWin                        
000163c0  redWinPigLatin                
00017cc0  redWins                       
0001fdd9  remove                        
0001e395  setvbuf                       
2020273c  showBlueTrail                 
2020273d  showRedTrail                  
202026f8  sliderY                       
00010ec0  startButton                   
202026fc  switchA                       
20202700  switchB                       
20202704  switchC                       
20202708  switchD                       
2020270c  switchE                       
20202710  switchF                       
20202714  switchG                       
20202718  switchH                       
0001fa41  unlink                        
2020273e  updateBlueFlag                
2020273f  updateRedFlag                 
0001fae5  write                         
0001bb8c  yellowselector                


GLOBAL SYMBOLS: SORTED BY Symbol Address 

address   name                          
-------   ----                          
00000000  __TI_ATRegion0_region_sz      
00000000  __TI_ATRegion0_src_addr       
00000000  __TI_ATRegion0_trg_addr       
00000000  __TI_ATRegion1_region_sz      
00000000  __TI_ATRegion1_src_addr       
00000000  __TI_ATRegion1_trg_addr       
00000000  __TI_ATRegion2_region_sz      
00000000  __TI_ATRegion2_src_addr       
00000000  __TI_ATRegion2_trg_addr       
00000000  __TI_static_base__            
00000000  interruptVectors              
000000c0  Startbackground               
00000200  __STACK_SIZE                  
00000200  __SYSMEM_SIZE                 
0000a0c0  blueStart                     
0000c640  redStart                      
0000ebc0  pigLatinStart                 
00010ec0  startButton                   
000131c0  blueWinPigLatin               
00014ac0  blueWins                      
000163c0  redWinPigLatin                
00017cc0  redWins                       
000195c0  languageSelect                
0001a240  buttpenis                     
0001ac68  penisbutt                     
0001ba60  lightBlue                     
0001bb8c  yellowselector                
0001bcb8  crown                         
0001bdd8  blueChar                      
0001be58  redChar                       
0001bf9a  blueFill                      
0001bfaa  blueTrail                     
0001bfba  pinkTrail                     
0001bfca  redFill                       
0001c021  main                          
0001c851  TIMG12_IRQHandler             
0001cdb1  __TI_printfi_minimal          
0001d035  fillPolygon                   
0001d279  ST7735_DrawBitmap             
0001d489  Clock_Init80MHz               
0001d63d  ST7735_DrawCharS              
0001d93d  convexHull                    
0001da75  aligned_alloc                 
0001da75  memalign                      
0001dba1  ADC_Init                      
0001dcc9  ST7735_FillRect               
0001dde1  fputs                         
0001dee5  SPI_Init                      
0001dfdd  isInsideConvexHull            
0001e0d3  LED_Init                      
0001e0d5  add_device                    
0001e1c1  free                          
0001e2ad  UART_Init                     
0001e395  setvbuf                       
0001e471  ST7735_OutChar                
0001e541  TimerG7_IntArm                
0001e5e9  open                          
0001e733  __aeabi_idiv0                 
0001e735  ST7735_InitPrintf             
0001e7d1  fputc                         
0001e86d  ST7735_InitR                  
0001e905  TimerG12_IntArm               
0001ea21  ST7735_DrawString             
0001eaa5  LaunchPad_Init                
0001eb21  __TI_closefile                
0001eb9d  ADC1init                      
0001ec15  ADC2init                      
0001ec8d  __TI_decompress_lzss          
0001ed05  ST7735_DrawPixel              
0001ed75  HOSTlseek                     
0001ede1  HOSTrename                    
0001ee4d  fseeko                        
0001eeb9  orientation                   
0001ef23  _nop                          
0001ef25  getdevice                     
0001ef8d  __TI_wrt_ok                   
0001f055  HOSTopen                      
0001f0b5  printf                        
0001f111  HOSTread                      
0001f169  HOSTwrite                     
0001f1c1  TExaS_Init                    
0001f219  __aeabi_idiv                  
0001f219  __aeabi_idivmod               
0001f26f  __TI_doflush                  
0001f2c1  Convert2                      
0001f311  close                         
0001f361  HOSTclose                     
0001f3a9  HOSTunlink                    
0001f3f1  SPI_OutCommand                
0001f439  Switch_Init                   
0001f481  ADC2in                        
0001f4c5  SysTick_Handler               
0001f509  SysTick_IntArm                
0001f54d  crossProduct                  
0001f591  SPI_Reset                     
0001f5d1  TIMG7_IRQHandler              
0001f611  __aeabi_uidiv                 
0001f611  __aeabi_uidivmod              
0001f691  DAC5_Init                     
0001f6cd  __TI_auto_init_nobinit_nopinit
0001f709  ActivatePortA_B               
0001f741  SPI_OutData                   
0001f779  finddevice                    
0001f7b1  Clock_Delay1ms                
0001f7e5  ST7735_SetCursor              
0001f819  ST7735_write                  
0001f84d  Sound_Start                   
0001f881  __TI_cleanup                  
0001f8b5  __TI_readmsg                  
0001f8e9  __TI_writemsg                 
0001f915  C$$IO$$                       
0001f91d  exit                          
0001f951  freopen                       
0001f985  Sound_Shoot                   
0001f9e5  fopen                         
0001fa15  ST7735_FillScreen             
0001fa41  unlink                        
0001fa6d  ADC_Start                     
0001fabd  lseek                         
0001fae5  write                         
0001fb0d  _c_int00_noargs               
0001fb35  memccpy                       
0001fb59  Sound_Init                    
0001fb99  DAC5_Out                      
0001fbd1  ST7735_open                   
0001fbe7  ST7735_read                   
0001fbfd  Sound_Killed                  
0001fc11  Switch_InA                    
0001fc25  Switch_InB                    
0001fc39  Switch_InC                    
0001fc4d  Switch_InD                    
0001fc61  Switch_InE                    
0001fc75  Switch_InF                    
0001fc89  Switch_InG                    
0001fcaf  TI_memcpy_small               
0001fcc1  __TI_decompress_none          
0001fcd3  Clock_Delay                   
0001fce5  Switch_InH                    
0001fcf5  TExaS_LaunchPadLogicPB27PB26  
0001fd05  __TI_zero_init                
0001fd23  ST7735_lseek                  
0001fd31  __aeabi_memset                
0001fd31  __aeabi_memset4               
0001fd31  __aeabi_memset8               
0001fd5b  TI_memset_small               
0001fd69  Clock_Freq                    
0001fd75  ST7735_rename                 
0001fd81  __aeabi_memclr                
0001fd81  __aeabi_memclr4               
0001fd81  __aeabi_memclr8               
0001fd8d  malloc                        
0001fd99  PLL_Init                      
0001fda3  ST7735_close                  
0001fdad  ST7735_unlink                 
0001fdb9  __aeabi_memcpy                
0001fdb9  __aeabi_memcpy4               
0001fdb9  __aeabi_memcpy8               
0001fdd1  fseek                         
0001fdd9  remove                        
0001fde1  ADC0_IRQHandler               
0001fde1  ADC1_IRQHandler               
0001fde1  AES_IRQHandler                
0001fde1  CANFD0_IRQHandler             
0001fde1  DAC0_IRQHandler               
0001fde1  DMA_IRQHandler                
0001fde1  Default_Handler               
0001fde1  GROUP0_IRQHandler             
0001fde1  GROUP1_IRQHandler             
0001fde1  I2C0_IRQHandler               
0001fde1  I2C1_IRQHandler               
0001fde1  NMI_Handler                   
0001fde1  PendSV_Handler                
0001fde1  RTC_IRQHandler                
0001fde1  SPI0_IRQHandler               
0001fde1  SPI1_IRQHandler               
0001fde1  SVC_Handler                   
0001fde1  TIMA0_IRQHandler              
0001fde1  TIMA1_IRQHandler              
0001fde1  TIMG0_IRQHandler              
0001fde1  TIMG6_IRQHandler              
0001fde1  TIMG8_IRQHandler              
0001fde1  UART0_IRQHandler              
0001fde1  UART1_IRQHandler              
0001fde1  UART2_IRQHandler              
0001fde1  UART3_IRQHandler              
0001fde5  HardFault_Handler             
0001fde9  Reset_Handler                 
0001fded  _system_pre_init              
0001fdf0  C$$EXIT                       
0001fdf1  abort                         
0001fea8  __TI_Handler_Table_Base       
0001feb4  __TI_Handler_Table_Limit      
0001febc  __TI_CINIT_Base               
0001fecc  __TI_CINIT_Limit              
0001fecc  __TI_CINIT_Warm               
20200000  __start___llvm_prf_bits       
20200000  __start___llvm_prf_cnts       
20200000  __stop___llvm_prf_bits        
20200000  __stop___llvm_prf_cnts        
20200000  bluePossibleCapture           
20200a00  redPossibleCapture            
20201400  blueCapturedTerritory         
20201b80  redCapturedTerritory          
20202300  _CIOBUF_                      
20202300  __CIOBUF_                     
20202420  __TI_tmpnams                  
202024c0  parmbuf                       
202024cc  ArrayCount                    
202024d0  TExaSLogic                    
202024d4  TExaSadc                      
202024d8  daPointer                     
202024e0  _ftable                       
202025d0  _device                       
20202648  _stream                       
20202698  blueSprite                    
202026b4  redSprite                     
202026d0  __TI_cleanup_ptr              
202026d4  __TI_dtors_ptr                
202026d8  BusFreq                       
202026dc  StX                           
202026e0  StY                           
202026e4  __TI_ft_end                   
202026e8  _lock                         
202026ec  _unlock                       
202026f0  bluePixelCount                
202026f4  redPixelCount                 
202026f8  sliderY                       
202026fc  switchA                       
20202700  switchB                       
20202704  switchC                       
20202708  switchD                       
2020270c  switchE                       
20202710  switchF                       
20202714  switchG                       
20202718  switchH                       
2020271c  StTextColor                   
20202722  blueCapIndex                  
20202724  bluePossCapIndex              
20202726  prevBlueCapIndex              
20202728  prevRedCapIndex               
2020272a  redCapIndex                   
2020272c  redPossCapIndex               
2020272e  blueCaptured                  
2020272f  blueLeftTerritory             
20202731  blueWin                       
20202732  isEnglish                     
20202733  onIntroScreen                 
20202735  playedEndSound                
20202736  playedStartSound              
20202737  playerWon                     
20202739  redCaptured                   
2020273a  redLeftTerritory              
2020273b  redWin                        
2020273c  showBlueTrail                 
2020273d  showRedTrail                  
2020273e  updateBlueFlag                
2020273f  updateRedFlag                 
20202740  _sys_memory                   
20207e00  __stack                       
20208000  __STACK_END                   
ffffffff  __TI_pprof_out_hndl           
ffffffff  __TI_prof_data_size           
ffffffff  __TI_prof_data_start          
ffffffff  __binit__                     
ffffffff  binit                         
UNDEFED   __mpu_init                    
UNDEFED   _system_post_cinit            

[267 symbols]
